Archive member included to satisfy reference by file (symbol)

.\libkernel.a(core_support.o)
                              startup_RZ1AH.o (_kernel_undef_handler)
.\libkernel.a(target_kernel_impl.o)
                              us_ticker_api.o (us_ticker_init)
.\libkernel.a(chip_kernel_impl.o)
                              .\libkernel.a(target_kernel_impl.o) (_kernel_chip_terminate)
.\libkernel.a(gic_kernel_impl.o)
                              .\libkernel.a(chip_kernel_impl.o) (_kernel_gicc_initialize)
.\libkernel.a(chip_timer.o)   kernel_cfg.o (_kernel_target_hrt_initialize)
.\libkernel.a(core_kernel_impl.o)
                              .\libkernel.a(chip_kernel_impl.o) (_kernel_core_initialize)
.\libkernel.a(arm.o)          .\libkernel.a(chip_kernel_impl.o) (arm_enable_icache)
.\libkernel.a(startup.o)      sample1.o (ext_ker)
.\libkernel.a(task.o)         .\libkernel.a(core_support.o) (_kernel_p_schedtsk)
.\libkernel.a(taskhook.o)     .\libkernel.a(task.o) (_kernel_mtxhook_release_all)
.\libkernel.a(time_event.o)   .\libkernel.a(startup.o) (_kernel_initialize_tmevt)
.\libkernel.a(task_manage.o)  sample1.o (acre_tsk)
.\libkernel.a(task_sync.o)    sample1.o (slp_tsk)
.\libkernel.a(task_term.o)    sample1.o (ext_tsk)
.\libkernel.a(semaphore.o)    kernel_cfg.o (_kernel_initialize_semaphore)
.\libkernel.a(eventflag.o)    kernel_cfg.o (_kernel_initialize_eventflag)
.\libkernel.a(dataqueue.o)    kernel_cfg.o (_kernel_initialize_dataqueue)
.\libkernel.a(mempfix.o)      kernel_cfg.o (_kernel_initialize_mempfix)
.\libkernel.a(time_manage.o)  sample1.o (get_tim)
.\libkernel.a(cyclic.o)       kernel_cfg.o (_kernel_initialize_cyclic)
.\libkernel.a(alarm.o)        kernel_cfg.o (_kernel_initialize_alarm)
.\libkernel.a(sys_manage.o)   sample1.o (rot_rdq)
.\libkernel.a(interrupt.o)    kernel_cfg.o (_kernel_initialize_isr)
.\libkernel.a(exception.o)    sample1.o (xsns_dpn)
.\libkernel.a(gic_support.o)  .\libkernel.a(core_support.o) (_kernel_irc_begin_int)
.\libkernel.a(wait.o)         .\libkernel.a(task_sync.o) (_kernel_make_wait_tmout)
c:/program files (x86)/kpit/gnuarm-nonev16.01-eabi/arm-none-eabi/arm-none-eabi/bin/../lib/gcc/arm-none-eabi/5.2-GNUARM-NONE_v16.01/../../../../arm-none-eabi/lib/armv7-ar/thumb/fpu\libc.a(lib_a-exit.o)
                              error.o (exit)
c:/program files (x86)/kpit/gnuarm-nonev16.01-eabi/arm-none-eabi/arm-none-eabi/bin/../lib/gcc/arm-none-eabi/5.2-GNUARM-NONE_v16.01/../../../../arm-none-eabi/lib/armv7-ar/thumb/fpu\libc.a(lib_a-impure.o)
                              c:/program files (x86)/kpit/gnuarm-nonev16.01-eabi/arm-none-eabi/arm-none-eabi/bin/../lib/gcc/arm-none-eabi/5.2-GNUARM-NONE_v16.01/../../../../arm-none-eabi/lib/armv7-ar/thumb/fpu\libc.a(lib_a-exit.o) (_global_impure_ptr)
c:/program files (x86)/kpit/gnuarm-nonev16.01-eabi/arm-none-eabi/arm-none-eabi/bin/../lib/gcc/arm-none-eabi/5.2-GNUARM-NONE_v16.01/../../../../arm-none-eabi/lib/armv7-ar/thumb/fpu\libc.a(lib_a-lcltime.o)
                              rtc_api.o (localtime)
c:/program files (x86)/kpit/gnuarm-nonev16.01-eabi/arm-none-eabi/arm-none-eabi/bin/../lib/gcc/arm-none-eabi/5.2-GNUARM-NONE_v16.01/../../../../arm-none-eabi/lib/armv7-ar/thumb/fpu\libc.a(lib_a-lcltime_r.o)
                              c:/program files (x86)/kpit/gnuarm-nonev16.01-eabi/arm-none-eabi/arm-none-eabi/bin/../lib/gcc/arm-none-eabi/5.2-GNUARM-NONE_v16.01/../../../../arm-none-eabi/lib/armv7-ar/thumb/fpu\libc.a(lib_a-lcltime.o) (localtime_r)
c:/program files (x86)/kpit/gnuarm-nonev16.01-eabi/arm-none-eabi/arm-none-eabi/bin/../lib/gcc/arm-none-eabi/5.2-GNUARM-NONE_v16.01/../../../../arm-none-eabi/lib/armv7-ar/thumb/fpu\libc.a(lib_a-memcmp.o)
                              if_ether.o (memcmp)
c:/program files (x86)/kpit/gnuarm-nonev16.01-eabi/arm-none-eabi/arm-none-eabi/bin/../lib/gcc/arm-none-eabi/5.2-GNUARM-NONE_v16.01/../../../../arm-none-eabi/lib/armv7-ar/thumb/fpu\libc.a(lib_a-memcpy-stub.o)
                              can_api.o (memcpy)
c:/program files (x86)/kpit/gnuarm-nonev16.01-eabi/arm-none-eabi/arm-none-eabi/bin/../lib/gcc/arm-none-eabi/5.2-GNUARM-NONE_v16.01/../../../../arm-none-eabi/lib/armv7-ar/thumb/fpu\libc.a(lib_a-memmove.o)
                              ip_input.o (memmove)
c:/program files (x86)/kpit/gnuarm-nonev16.01-eabi/arm-none-eabi/arm-none-eabi/bin/../lib/gcc/arm-none-eabi/5.2-GNUARM-NONE_v16.01/../../../../arm-none-eabi/lib/armv7-ar/thumb/fpu\libc.a(lib_a-memset.o)
                              ethernet_api.o (memset)
c:/program files (x86)/kpit/gnuarm-nonev16.01-eabi/arm-none-eabi/arm-none-eabi/bin/../lib/gcc/arm-none-eabi/5.2-GNUARM-NONE_v16.01/../../../../arm-none-eabi/lib/armv7-ar/thumb/fpu\libc.a(lib_a-mktime.o)
                              rtc_api.o (mktime)
[...]
Memory Configuration

Name             Origin             Length             Attributes
ROM              0x00000000         0x02000000         xr
BOOT_LOADER      0x18000000         0x00004000         xr
SFLASH           0x18004000         0x07ffc000         xr
L_TTB            0x20000000         0x00004000         rw
RAM              0x20020000         0x00700000         xrw
RAM_NC           0x20900000         0x00100000         xrw
*default*        0x00000000         0xffffffff

Linker script and memory map

LOAD startup_RZ1AH.o
LOAD sample1n.o
LOAD sample1.o
LOAD log_output.o
LOAD vasyslog.o
LOAD t_perror.o
LOAD strerror.o
LOAD cache.o
LOAD init_tecs.o
LOAD tTask_tecsgen.o
LOAD tSemaphore_tecsgen.o
LOAD tInterruptRequest_tecsgen.o
LOAD tISR_tecsgen.o
LOAD tInitializeRoutine_tecsgen.o
LOAD tTerminateRoutine_tecsgen.o
LOAD tSerialPortMain_tecsgen.o
LOAD tSerialAdapter_tecsgen.o
LOAD tSysLog_tecsgen.o
LOAD tSysLogAdapter_tecsgen.o
LOAD tLogTaskMain_tecsgen.o
LOAD tBannerMain_tecsgen.o
LOAD tPutLogGRPeach_tecsgen.o
LOAD tSCIF_tecsgen.o
LOAD tSIOPortGRPeachMain_tecsgen.o
LOAD tTask.o
LOAD tISR.o
LOAD tInitializeRoutine.o
LOAD tTerminateRoutine.o
LOAD tSerialPortMain.o
LOAD tSerialAdapter.o
LOAD tSysLog.o
LOAD tSysLogAdapter.o
LOAD tLogTaskMain.o
LOAD tBannerMain.o
LOAD tPutLogGRPeach.o
LOAD tSCIF.o
LOAD assert.o
LOAD board.o
LOAD error.o
LOAD gpio.o
LOAD lp_ticker_api.o
LOAD mbed_interface.o
LOAD pinmap_common.o
LOAD rtc_time.o
LOAD semihost_api.o
LOAD ticker_api.o
LOAD us_ticker_api.o
LOAD RZ_A1_Init.o
LOAD cmsis_nvic.o
LOAD gic.o
LOAD mbed_sf_boot.o
LOAD mmu_Renesas_RZ_A1.o
LOAD nvic_wrapper.o
LOAD pl310.o
LOAD rza_io_regrw.o
LOAD system_MBRZA1H.o
LOAD analogin_api.o
LOAD can_api.o
LOAD ethernet_api.o
LOAD gpio_api.o
LOAD gpio_irq_api.o
LOAD i2c_api.o
LOAD pinmap.o
LOAD port_api.o
LOAD pwmout_api.o
LOAD rtc_api.o
LOAD serial_api.o
LOAD spi_api.o
LOAD net_buf.o
LOAD net_count.o
LOAD net_subr.o
LOAD net_timer.o
LOAD in_subr.o
LOAD tinet_cfg.o
LOAD route_cfg.o
LOAD ip_input.o
LOAD ip_output.o
LOAD ip_icmp.o
LOAD tinet_target_config.o
LOAD if.o
LOAD ethernet.o
LOAD if_ether.o
LOAD if_mbed.o
LOAD tcp_input.o
LOAD tcp_output.o
LOAD tcp_timer.o
LOAD tcp_subr.o
LOAD tcp_subr_cs.o
LOAD tcp_subr_ncs.o
LOAD tcp_usrreq.o
LOAD kernel_cfg.o
LOAD .\libkernel.a
LOAD c:/program files (x86)/kpit/gnuarm-nonev16.01-eabi/arm-none-eabi/arm-none-eabi/bin/../lib/gcc/arm-none-eabi/5.2-GNUARM-NONE_v16.01/../../../../arm-none-eabi/lib/armv7-ar/thumb/fpu\libc.a
LOAD c:/program files (x86)/kpit/gnuarm-nonev16.01-eabi/arm-none-eabi/arm-none-eabi/bin/../lib/gcc/arm-none-eabi/5.2-GNUARM-NONE_v16.01/armv7-ar/thumb/fpu\libgcc.a
                [!provide]                PROVIDE (hardware_init_hook, 0x0)
                [!provide]                PROVIDE (software_init_hook, 0x0)
                0x00000000                PROVIDE (software_term_hook, 0x0)
                0x2002027c                PROVIDE (IRQTable, _kernel_inh_table)
                0x200453b0                PROVIDE (IRQNestLevel, _kernel_excpt_nest_count)

.boot           0x18000000     0x3100
 *(.boot_loader)
 .boot_loader   0x18000000     0x3100 mbed_sf_boot.o
                0x18000000                boot_loader

.text           0x18004000    0x2a9f3
                0x18004000                Image$$VECTORS$$Base = .
 *(RESET)
                0x18004000                Image$$VECTORS$$Limit = .
                0x18004400                . = (. + 0x400)
 *fill*         0x18004000      0x400 
 *(.isr_vector)
 .isr_vector    0x18004400       0x40 startup_RZ1AH.o
                0x18004400                __isr_vector
 *(SVC_TABLE)
 *(.text*)
 .text          0x18004440      0x36c startup_RZ1AH.o
                0x18004440                Reset_Handler
                0x180045a0                Undef_Handler
                0x18004618                PAbt_Handler
                0x18004654                DAbt_Handler
                0x18004694                FIQ_Handler
                0x18004698                IRQ_Handler
                0x18004774                SVC_Handler
                0x18004776                __user_initial_stackheap
 .text          0x180047ac      0xdc0 sample1n.o
                0x180047ac                callback_nblk_tcp
                0x18004838                disconnecting
                0x180048e4                flush_snd_buff
                0x18004944                put_char
                0x18004a24                get_char_raw
                0x18004aec                get_char
                0x18004b74                net_serial_rea_dat
                0x18004c9c                net_serial_ctl_por
                0x18004cb4                put_num
                0x18004fa0                net_syslog
 .text          0x1800556c     0x13c4 sample1.o
                0x1800556c                task
                0x18005920                alarm_handler
                0x180059c0                intno1_isr
                0x18005a78                cpuexc_handler
                0x18005bf4                cyclic_handler
                0x18005c94                exc_task
                0x18005cdc                main_task
 .text          0x18006930      0x3f0 log_output.o
                0x18006a48                syslog_printf
                0x18006ca4                syslog_print
                0x18006cec                syslog_lostmsg
 .text          0x18006d20      0x290 vasyslog.o
                0x18006d20                syslog
 .text          0x18006fb0       0x64 t_perror.o
                0x18006fb0                t_perror
 .text          0x18007014      0x254 strerror.o
                0x18007014                itron_strerror
 .text          0x18007268       0xb4 cache.o
                0x18007268                __v7_all_cache
 .text          0x1800731c       0x14 init_tecs.o
                0x1800731c                initialize_tecs
 .text          0x18007330        0x0 tTask_tecsgen.o
 .text          0x18007330        0x0 tSemaphore_tecsgen.o
 .text          0x18007330        0x0 tInterruptRequest_tecsgen.o
 .text          0x18007330        0x0 tISR_tecsgen.o
 .text          0x18007330        0x0 tInitializeRoutine_tecsgen.o
 .text          0x18007330        0x0 tTerminateRoutine_tecsgen.o
 .text          0x18007330       0xac tSerialPortMain_tecsgen.o
                0x18007330                tSerialPortMain_eSerialPort_open_skel
                0x18007340                tSerialPortMain_eSerialPort_close_skel
                0x18007350                tSerialPortMain_eSerialPort_read_skel
                0x18007360                tSerialPortMain_eSerialPort_write_skel
                0x18007370                tSerialPortMain_eSerialPort_control_skel
                0x18007380                tSerialPortMain_eSerialPort_refer_skel
                0x18007390                tSerialPortMain_CB_initialize
 .text          0x180073dc        0x0 tSerialAdapter_tecsgen.o
 .text          0x180073dc       0x3c tSysLog_tecsgen.o
                0x180073dc                tSysLog_CB_initialize
 .text          0x18007418        0x0 tSysLogAdapter_tecsgen.o
 .text          0x18007418        0x0 tLogTaskMain_tecsgen.o
 .text          0x18007418        0x0 tBannerMain_tecsgen.o
 .text          0x18007418        0x0 tPutLogGRPeach_tecsgen.o
 .text          0x18007418       0x60 tSCIF_tecsgen.o
                0x18007418                tSCIF_eiRxISR_main_skel
                0x18007428                tSCIF_eiTxISR_main_skel
                0x18007438                tSCIF_CB_initialize
 .text          0x18007478        0x0 tSIOPortGRPeachMain_tecsgen.o
 .text          0x18007478        0xc tTask.o
                0x18007478                tTask_start
 .text          0x18007484       0x18 tISR.o
                0x18007484                tISR_start
 .text          0x1800749c        0xc tInitializeRoutine.o
                0x1800749c                tInitializeRoutine_start
 .text          0x180074a8        0xc tTerminateRoutine.o
                0x180074a8                tTerminateRoutine_start
 .text          0x180074b4      0xae0 tSerialPortMain.o
                0x18007718                tSerialPortMain_eSerialPort_open
                0x18007828                tSerialPortMain_eSerialPort_close
                0x18007924                tSerialPortMain_eSerialPort_write
                0x18007a20                tSerialPortMain_eSerialPort_read
                0x18007bac                tSerialPortMain_eSerialPort_control
                0x18007bfc                tSerialPortMain_eSerialPort_refer
                0x18007c58                tSerialPortMain_eiSIOCBR_readySend
                0x18007d28                tSerialPortMain_eiSIOCBR_readyReceive
                0x18007f28                tSerialPortMain_enSerialPortManage_getChar
 .text          0x18007f94      0x2b8 tSerialAdapter.o
                0x18007f94                serial_opn_por
                0x18008000                serial_cls_por
                0x1800806c                serial_rea_dat
                0x180080e8                serial_wri_dat
                0x18008164                serial_ctl_por
                0x180081d8                serial_ref_por
 .text          0x1800824c      0x308 tSysLog.o
                0x18008258                tSysLog_eSysLog_write
                0x180083ac                tSysLog_eSysLog_read
                0x18008458                tSysLog_eSysLog_mask
                0x1800848c                tSysLog_eSysLog_refer
                0x180084d8                tSysLog_eSysLog_flush
 .text          0x18008554       0x3c tSysLogAdapter.o
                0x18008554                syslog_wri_log
                0x18008560                syslog_rea_log
                0x1800856c                syslog_msk_log
                0x18008578                syslog_ref_log
                0x18008584                syslog_fls_log
 .text          0x18008590      0x244 tLogTaskMain.o
                0x180085c4                tLogTaskMain_eLogTask_flush
                0x1800867c                tLogTaskMain_eLogTaskBody_main
                0x18008728                tLogTaskMain_eLogTaskTerminate_main
 .text          0x180087d4       0x5c tBannerMain.o
                0x180087d4                tBannerMain_eBannerInitialize_main
 .text          0x18008830       0x70 tPutLogGRPeach.o
                0x18008830                tPutLogGRPeach_initialize
                0x1800885c                tPutLogGRPeach_ePutLog_putChar
 .text          0x180088a0      0x39c tSCIF.o
                0x180088a0                tSCIF_eSIOPort_open
                0x180089e4                tSCIF_eSIOPort_close
                0x180089f8                tSCIF_eSIOPort_putChar
                0x18008a38                tSCIF_eSIOPort_getChar
                0x18008b28                tSCIF_eSIOPort_enableCBR
                0x18008b60                tSCIF_eSIOPort_disableCBR
                0x18008ba8                tSCIF_eiRxISR_main
                0x18008c0c                tSCIF_eiTxISR_main
 .text          0x18008c3c       0x20 assert.o
                0x18008c3c                mbed_assert_internal
 .text          0x18008c5c       0xd4 board.o
                0x18008c5c                mbed_die
 .text          0x18008d30       0x34 error.o
                0x18008d30                error
 .text          0x18008d64      0x15c gpio.o
                0x18008d64                gpio_init_in_ex
                0x18008d9c                gpio_init_in
                0x18008dac                gpio_init_out_ex
                0x18008e00                gpio_init_out
                0x18008e10                gpio_init_inout
 .text          0x18008ec0        0x0 lp_ticker_api.o
 .text          0x18008ec0       0x2c mbed_interface.o
                0x18008ec0                mbed_mac_address
 .text          0x18008eec      0x178 pinmap_common.o
                0x18008eec                pinmap_pinout
                0x18008f4c                pinmap_merge
                0x18008f84                pinmap_find_peripheral
                0x18008fb8                pinmap_peripheral
                0x18008ff4                pinmap_find_function
                0x18009028                pinmap_function
 .text          0x18009064       0xe0 rtc_time.o
                0x18009064                set_time
                0x180090a4                time
                0x18009100                clock
                0x1800911c                attach_rtc
 .text          0x18009144        0x0 semihost_api.o
 .text          0x18009144      0x200 ticker_api.o
                0x18009144                ticker_set_handler
                0x18009168                ticker_irq_handler
                0x18009200                ticker_insert_event
                0x18009278                ticker_remove_event
                0x18009304                ticker_read
                0x18009318                ticker_get_next_timestamp
 .text          0x18009344       0x20 us_ticker_api.o
                0x18009344                get_us_ticker_data
                0x18009350                us_ticker_irq_handler
 .text          0x18009364       0x48 RZ_A1_Init.o
                0x18009364                RZ_A1_SetSramWriteEnable
                0x18009378                RZ_A1_InitClock
                0x180093a0                RZ_A1_IsClockMode0
                0x180093a8                RZ_A1_InitBus
 .text          0x180093ac       0x1c cmsis_nvic.o
                0x180093ac                NVIC_SetVector
                0x180093b8                NVIC_GetVector
 .text          0x180093c8      0x544 gic.o
                0x180093c8                GIC_EnableDistributor
                0x180093e0                GIC_DisableDistributor
                0x180093f8                GIC_DistributorInfo
                0x18009408                GIC_DistributorImplementer
                0x18009418                GIC_SetTarget
                0x18009438                GIC_SetICDICFR
                0x18009480                GIC_GetTarget
                0x180094a0                GIC_EnableInterface
                0x180094b8                GIC_DisableInterface
                0x180094d0                GIC_AcknowledgePending
                0x180094e4                GIC_EndInterrupt
                0x180094f4                GIC_EnableIRQ
                0x18009518                GIC_DisableIRQ
                0x1800953c                GIC_SetPendingIRQ
                0x18009560                GIC_ClearPendingIRQ
                0x18009584                GIC_SetLevelModel
                0x180095cc                GIC_SetPriority
                0x180095ec                GIC_GetPriority
                0x18009608                GIC_InterfacePriorityMask
                0x1800961c                GIC_SetBinaryPoint
                0x18009630                GIC_GetBinaryPoint
                0x18009640                GIC_GetIRQStatus
                0x1800967c                GIC_SendSGI
                0x180096a8                GIC_DistInit
                0x18009898                GIC_CPUInterfaceInit
                0x180098fc                GIC_Enable
 .text          0x1800990c        0x0 mbed_sf_boot.o
 .text          0x1800990c     0x1bac mmu_Renesas_RZ_A1.o
                0x1800990c                create_translation_table
 .text          0x1800b4b8      0x174 nvic_wrapper.o
                0x1800b4b8                NVIC_SetPriorityGrouping
                0x1800b4c4                NVIC_GetPriorityGrouping
                0x1800b4d4                NVIC_EnableIRQ
                0x1800b4e0                NVIC_DisableIRQ
                0x1800b4ec                NVIC_GetPendingIRQ
                0x1800b4fc                NVIC_SetPendingIRQ
                0x1800b508                NVIC_ClearPendingIRQ
                0x1800b514                NVIC_GetActive
                0x1800b524                NVIC_SetPriority
                0x1800b534                NVIC_GetPriority
                0x1800b544                NVIC_EncodePriority
                0x1800b588                NVIC_DecodePriority
                0x1800b5d0                NVIC_SystemReset
                0x1800b610                SysTick_Config
                0x1800b618                ITM_SendChar
                0x1800b61c                ITM_ReceiveChar
                0x1800b624                ITM_CheckChar
 .text          0x1800b62c      0x170 pl310.o
                0x1800b62c                PL310_Sync
                0x1800b640                PL310_GetID
                0x1800b650                PL310_GetType
                0x1800b660                PL310_InvAllByWay
                0x1800b6b0                PL310_CleanInvAllByWay
                0x1800b700                PL310_Enable
                0x1800b738                PL310_Disable
                0x1800b754                PL310_InvPa
                0x1800b76c                PL310_CleanPa
                0x1800b784                PL310_CleanInvPa
 .text          0x1800b79c       0x7c rza_io_regrw.o
                0x1800b79c                RZA_IO_RegWrite_8
                0x1800b7b4                RZA_IO_RegWrite_16
                0x1800b7cc                RZA_IO_RegWrite_32
                0x1800b7e0                RZA_IO_RegRead_8
                0x1800b7f4                RZA_IO_RegRead_16
                0x1800b808                RZA_IO_RegRead_32
 .text          0x1800b818      0x2e4 system_MBRZA1H.o
                0x1800b818                InitMemorySubsystem
                0x1800b898                InterruptHandlerRegister
                0x1800b8c8                InterruptHandlerUnregister
                0x1800b8fc                SystemInit
                0x1800b924                CDAbtHandler
                0x1800b958                CPAbtHandler
                0x1800b98c                FPUEnable
                0x1800ba40                CUndefHandler
 .text          0x1800bafc      0x1e4 analogin_api.o
                0x1800bafc                analogin_init
                0x1800bb84                analogin_read_u16
                0x1800bc2c                analogin_read
 .text          0x1800bce0     0x10dc can_api.o
                0x1800c44c                can_irq_init
                0x1800c464                can_irq_free
                0x1800c47c                can_irq_set
                0x1800c57c                can_init
                0x1800c694                can_free
                0x1800c6ac                can_frequency
                0x1800c6fc                can_reset
                0x1800c728                can_write
                0x1800c894                can_read
                0x1800c9a4                can_rderror
                0x1800c9c4                can_tderror
                0x1800c9e4                can_mode
                0x1800cc40                can_filter
                0x1800cd38                can_monitor
 .text          0x1800cdbc      0xee8 ethernet_api.o
                0x1800d3d4                ethernetext_start_stop
                0x1800d444                ethernetext_chk_link_mode
                0x1800d4cc                ethernetext_set_link_mode
                0x1800d4e8                ethernet_free
                0x1800d514                ethernet_write
                0x1800d5e4                ethernet_send
                0x1800d6bc                ethernet_receive
                0x1800d828                ethernet_read
                0x1800d8b8                ethernet_address
                0x1800d8cc                ethernetext_init
                0x1800db4c                ethernet_link
                0x1800db78                ethernet_set_link
                0x1800dbfc                ethernet_init
                0x1800dc38                INT_Ether
 .text          0x1800dca4      0x100 gpio_api.o
                0x1800dca4                gpio_set
                0x1800dcc4                gpio_init
                0x1800dd3c                gpio_mode
                0x1800dd40                gpio_dir
 .text          0x1800dda4      0x3b4 gpio_irq_api.o
                0x1800df10                gpio_irq_init
                0x1800e000                gpio_irq_free
                0x1800e018                gpio_irq_set
                0x1800e0f0                gpio_irq_enable
                0x1800e134                gpio_irq_disable
 .text          0x1800e158     0x128c i2c_api.o
                0x1800e48c                i2c_start
                0x1800e4d4                i2c_stop
                0x1800e4f8                i2c_frequency
                0x1800e760                i2c_init
                0x1800e898                i2c_read
                0x1800ed0c                i2c_write
                0x1800ef44                i2c_reset
                0x1800ef64                i2c_byte_read
                0x1800f01c                i2c_byte_write
                0x1800f104                i2c_slave_mode
                0x1800f14c                i2c_slave_receive
                0x1800f1ac                i2c_slave_read
                0x1800f2c4                i2c_slave_write
                0x1800f3c8                i2c_slave_address
 .text          0x1800f3e4      0x280 pinmap.o
                0x1800f3e4                pin_function
                0x1800f660                pin_mode
 .text          0x1800f664      0x124 port_api.o
                0x1800f664                port_pin
                0x1800f66c                port_mode
                0x1800f6b4                port_dir
                0x1800f6f8                port_init
                0x1800f750                port_write
                0x1800f774                port_read
 .text          0x1800f788      0xab0 pwmout_api.o
                0x1800f81c                pwmout_write
                0x1800f954                pwmout_free
                0x1800f968                pwmout_read
                0x1800fa3c                pwmout_period_us
                0x1800fe90                pwmout_init
                0x18010120                pwmout_period
                0x18010140                pwmout_period_ms
                0x1801015c                pwmout_pulsewidth_us
                0x180101fc                pwmout_pulsewidth
                0x1801021c                pwmout_pulsewidth_ms
 .text          0x18010238      0x58c rtc_api.o
                0x18010428                rtc_init
                0x180104f8                rtc_free
                0x180105c0                rtc_isenabled
                0x180105e4                rtc_read
                0x180106d0                rtc_write
 .text          0x180107c4      0xc80 serial_api.o
                0x18010a44                serial_free
                0x18010a64                serial_baud
                0x18010d28                serial_format
                0x18010e04                serial_init
                0x18011114                serial_irq_handler
                0x18011134                serial_irq_set
                0x18011164                serial_readable
                0x18011174                serial_getc
                0x18011230                serial_writable
                0x18011240                serial_putc
                0x180112dc                serial_clear
                0x1801132c                serial_pinout_tx
                0x18011340                serial_break_set
                0x18011380                serial_break_clear
                0x180113b8                serial_set_flow_control
 .text          0x18011444      0x4cc spi_api.o
                0x18011444                spi_init
                0x18011620                spi_free
                0x18011624                spi_format
                0x18011714                spi_frequency
                0x180117dc                spi_master_write
                0x18011850                spi_slave_read
                0x18011890                spi_slave_write
                0x180118d0                spi_busy
                0x180118d8                spi_slave_receive
 .text          0x18011910      0x4f4 net_buf.o
                0x18011bb4                _tinet_nbuf_get_tbl
                0x18011bc0                _tinet_nbuf_get_tbl_size
                0x18011bc8                _tinet_tget_net_buf_ex
                0x18011ca0                _tinet_tget_net_buf
                0x18011ccc                _tinet_rel_net_buf
                0x18011d5c                _tinet_rus_net_buf
                0x18011db0                _tinet_net_buf_siz
                0x18011df4                _tinet_net_buf_max_siz
 .text          0x18011e04        0x0 net_count.o
 .text          0x18011e04      0x2ac net_subr.o
                0x18011e04                _tinet_net_rand
                0x18011e2c                _tinet_net_srand
                0x18011e44                _tinet_convert_hexdigit
                0x18011f04                mac2str
                0x1801204c                _tinet_rev_memcpy_word
                0x18012070                _tinet_rev_memcmp_word
 .text          0x180120b0      0x2c8 net_timer.o
                0x180120b0                _tinet_timeout
                0x18012144                _tinet_untimeout
                0x180121f8                net_timer_task
                0x180122e8                net_timer_handler
 .text          0x18012378      0xaac in_subr.o
                0x18012378                in4_get_ifaddr
                0x18012388                ip2str
                0x1801247c                _tinet_in4_set_header
                0x18012574                _tinet_in4_get_datagram
                0x18012638                _tinet_in4_is_dstaddr_accept
                0x180126b0                _tinet_in4_ifawithifp
                0x180126b8                in4_add_ifaddr
                0x180126d8                in4_add_route
                0x18012714                _tinet_in4_rtalloc
                0x180127a0                _tinet_in_rtinit
                0x18012800                _tinet_in4_init
                0x18012820                _tinet_in_rtnewentry
                0x18012934                _tinet_in4_rtredirect
                0x18012960                _tinet_in_rttimer
                0x18012a3c                _tinet_in_cksum_sum
                0x18012a70                _tinet_in_cksum_carry
                0x18012a88                _tinet_in4_cksum
                0x18012b08                _tinet_in_cksum
                0x18012b34                in_strtfn
 .text          0x18012e24        0x0 tinet_cfg.o
 .text          0x18012e24        0x0 route_cfg.o
 .text          0x18012e24      0x868 ip_input.o
                0x18013250                _tinet_ip_get_frag_queue
                0x1801325c                _tinet_ip_frag_timer
                0x180132e8                _tinet_ip_init
                0x180132f4                _tinet_ip_remove_options
                0x18013348                _tinet_ip_input
 .text          0x1801368c      0x320 ip_output.o
                0x1801368c                _tinet_ip_output
 .text          0x180139ac      0x4e0 ip_icmp.o
                0x18013b7c                _tinet_icmp_input
                0x18013d28                _tinet_icmp_error
 .text          0x18013e8c        0x8 tinet_target_config.o
                0x18013e8c                mbed_bus_init
                0x18013e90                mbed_inter_init
 .text          0x18013e94       0x60 if.o
                0x18013ed8                _tinet_ifinit
 .text          0x18013ef4      0x36c ethernet.o
                0x18013ef4                _tinet_ether_get_ifnet
                0x18013f00                ether_set_link_up
                0x18013f2c                ether_set_link_down
                0x18013f58                ether_set_link_callback
                0x18013f68                _tinet_ether_raw_output
                0x18013fcc                _tinet_ether_output
                0x180140ac                _tinet_ether_output_task
                0x18014158                _tinet_ether_input_task
 .text          0x18014260      0x714 if_ether.o
                0x18014644                _tinet_arp_request
                0x1801476c                _tinet_arp_get_cache
                0x18014778                _tinet_arp_input
                0x18014810                _tinet_arp_resolve
                0x18014924                _tinet_arp_init
                0x18014944                _tinet_ether_map_ipv4_multicast
 .text          0x18014974      0x28c if_mbed.o
                0x180149cc                if_mbed_reset
                0x18014a0c                if_mbed_get_softc
                0x18014a18                if_mbed_watchdog
                0x18014a24                if_mbed_probe
                0x18014a30                if_mbed_init
                0x18014a64                if_mbed_phy_task
                0x18014b00                if_mbed_read
                0x18014b94                if_mbed_start
                0x18014bd0                if_mbed_eth_handler
 .text          0x18014c00     0x1b0c tcp_input.o
                0x18015c14                _tinet_tcp_move_twcep
                0x18015dc8                _tinet_tcp_input
 .text          0x1801670c      0xab4 tcp_output.o
                0x18016f00                tcp_output_task
 .text          0x180171c0      0x5d4 tcp_timer.o
                0x180171c0                _tinet_tcp_fast_timo
                0x18017368                _tinet_tcp_cancel_timers
                0x18017394                _tinet_tcp_range_set
                0x180173c0                _tinet_tcp_set_persist_timer
                0x18017680                _tinet_tcp_slow_timo
 .text          0x18017794     0x1488 tcp_subr.o
                0x18017794                _tinet_tcp_free_reassq
                0x180177ec                _tinet_tcp_alloc_auto_port
                0x1801790c                _tinet_tcp_alloc_port
                0x18017994                _tinet_tcp_init
                0x180179c4                _tinet_tcp_init_iss
                0x18017a1c                _tinet_tcp_close
                0x18017dd0                _tinet_tcp_drop
                0x18017e18                _tinet_tcp_set_header
                0x18017e68                _tinet_tcp_get_segment
                0x18017f2c                _tinet_tcp_respond
                0x180180f0                _tinet_tcp_can_send_more
                0x18018200                _tinet_tcp_can_recv_more
                0x1801833c                _tinet_tcp_wait_rwbuf
                0x180183fc                _tinet_tcp_move_ra2rw
                0x18018488                _tinet_tcp_write_raque
                0x18018758                _tinet_tcp_rexmt_val
                0x18018778                _tinet_tcp_init_cep
                0x18018808                _tinet_tcp_find_cep
                0x18018920                _tinet_tcp_notify
                0x180189dc                _tinet_tcp_lock_cep
 .text          0x18018c1c        0x0 tcp_subr_cs.o
 .text          0x18018c1c      0xa48 tcp_subr_ncs.o
                0x18018c1c                _tinet_tcp_read_swbuf_ncs
                0x18018d5c                _tinet_tcp_write_swbuf_ncs
                0x18018e08                _tinet_tcp_drop_swbuf_ncs
                0x18019044                _tinet_tcp_wait_swbuf_ncs
                0x180190d0                _tinet_tcp_get_swbuf_addr_ncs
                0x18019124                _tinet_tcp_send_swbuf_ncs
                0x18019190                _tinet_tcp_is_swbuf_full_ncs
                0x180191a8                _tinet_tcp_drop_rwbuf_ncs
                0x180191d8                _tinet_tcp_read_rwbuf_ncs
                0x18019284                _tinet_tcp_get_rwbuf_addr_ncs
                0x180192d0                _tinet_tcp_write_rwbuf_ncs
 .text          0x18019664     0x11b8 tcp_usrreq.o
                0x180198d4                tcp_acp_cep
                0x18019a68                tcp_con_cep
                0x18019cc4                _tinet_tcp_user_closed
                0x18019d44                tcp_cls_cep
                0x18019f44                tcp_sht_cep
                0x18019fcc                tcp_snd_dat
                0x1801a15c                tcp_get_buf
                0x1801a288                tcp_snd_buf
                0x1801a350                tcp_rcv_dat
                0x1801a4b0                tcp_rcv_buf
                0x1801a5d4                tcp_rel_buf
                0x1801a684                tcp_can_cep
 .text          0x1801a81c       0x98 kernel_cfg.o
                0x1801a81c                _kernel_inthdr_37
                0x1801a830                _kernel_inthdr_231
                0x1801a844                _kernel_inthdr_232
                0x1801a858                _kernel_initialize_object
                0x1801a884                _kernel_call_inirtn
                0x1801a89c                _kernel_call_terrtn
 *fill*         0x1801a8b4       0x4c 
 .text          0x1801a900      0x450 .\libkernel.a(core_support.o)
                0x1801a900                _kernel_dispatch
                0x1801a92c                _kernel_start_dispatch
                0x1801a954                _kernel_exit_and_dispatch
                0x1801a980                _kernel_call_exit_kernel
                0x1801a990                _kernel_start_r
                0x1801a9a8                _kernel_irq_handler
                0x1801aa7c                _kernel_undef_handler
                0x1801aa90                _kernel_svc_handler
                0x1801aaa4                _kernel_pabort_handler
                0x1801aab8                _kernel_dabort_handler
                0x1801ab18                _kernel_fiq_handler
                0x1801ad00                sil_dly_nse
 .text          0x1801ad50      0x3fc .\libkernel.a(target_kernel_impl.o)
                0x1801b044                _kernel_target_exit
                0x1801b054                gr_peach_set_led
                0x1801b08c                _kernel_target_initialize
                0x1801b0ac                us_ticker_init
                0x1801b0b0                us_ticker_read
                0x1801b0d4                us_ticker_set_interrupt
                0x1801b0dc                us_ticker_disable_interrupt
                0x1801b0e0                us_ticker_clear_interrupt
                0x1801b0e4                wait_us
                0x1801b114                wait
                0x1801b130                wait_ms
 .text          0x1801b14c      0x2f4 .\libkernel.a(chip_kernel_impl.o)
                0x1801b14c                _kernel_chip_initialize
                0x1801b18c                _kernel_chip_terminate
                0x1801b1c8                _kernel_initialize_interrupt
 .text          0x1801b440      0x15c .\libkernel.a(gic_kernel_impl.o)
                0x1801b440                _kernel_gicc_initialize
                0x1801b470                _kernel_gicc_terminate
                0x1801b484                _kernel_gicd_initialize
                0x1801b588                _kernel_gicd_terminate
 .text          0x1801b59c       0xdc .\libkernel.a(chip_timer.o)
                0x1801b59c                _kernel_target_hrt_initialize
                0x1801b5d8                _kernel_target_hrt_terminate
                0x1801b5fc                _kernel_target_hrt_set_event
                0x1801b648                _kernel_target_hrt_raise_event
                0x1801b65c                _kernel_target_hrt_handler
 .text          0x1801b678      0x47c .\libkernel.a(core_kernel_impl.o)
                0x1801b678                _kernel_arm_mmu_initialize
                0x1801b7a8                _kernel_core_initialize
                0x1801b7c4                _kernel_core_terminate
                0x1801b7c8                _kernel_xlog_sys
                0x1801b884                _kernel_xlog_fsr
                0x1801b978                _kernel_default_int_handler
                0x1801b9ac                _kernel_default_exc_handler
 .text          0x1801baf4      0x140 .\libkernel.a(arm.o)
                0x1801baf4                arm_enable_icache
                0x1801bb14                arm_disable_icache
                0x1801bb2c                armv7_invalidate_dcache
                0x1801bb8c                arm_enable_dcache
                0x1801bbac                armv7_clean_and_invalidate_dcache
                0x1801bc0c                arm_disable_dcache
 .text          0x1801bc34      0x128 .\libkernel.a(startup.o)
                0x1801bc34                ext_ker
                0x1801bc54                _kernel_exit_kernel
                0x1801bc60                _kernel_initialize_kmm
                0x1801bc8c                sta_ker
                0x1801bd18                _kernel_kernel_malloc
                0x1801bd58                _kernel_kernel_free
 .text          0x1801bd5c      0x858 .\libkernel.a(task.o)
                0x1801bd5c                _kernel_search_schedtsk
                0x1801bd80                _kernel_make_runnable
                0x1801be04                _kernel_make_non_runnable
                0x1801bfcc                _kernel_make_dormant
                0x1801bffc                _kernel_make_active
                0x1801c030                _kernel_initialize_task
                0x1801c19c                _kernel_change_priority
                0x1801c3dc                _kernel_rotate_ready_queue
                0x1801c510                _kernel_task_terminate
 .text          0x1801c5b4        0x0 .\libkernel.a(taskhook.o)
 .text          0x1801c5b4      0x6e4 .\libkernel.a(time_event.o)
                0x1801c5b4                _kernel_initialize_tmevt
                0x1801c614                _kernel_tmevt_up
                0x1801c678                _kernel_tmevt_down
                0x1801c710                _kernel_update_current_evttim
                0x1801c800                _kernel_set_hrt_event
                0x1801c894                _kernel_tmevtb_register
                0x1801c8c4                _kernel_tmevtb_enqueue
                0x1801c93c                _kernel_tmevtb_dequeue
                0x1801ca10                _kernel_check_adjtim
                0x1801cac8                _kernel_tmevt_lefttim
                0x1801cb14                _kernel_signal_time
 .text          0x1801cc98      0x918 .\libkernel.a(task_manage.o)
                0x1801cc98                acre_tsk
                0x1801cef0                del_tsk
                0x1801d004                act_tsk
                0x1801d13c                can_act
                0x1801d1f0                get_tst
                0x1801d2f8                chg_pri
                0x1801d490                get_pri
                0x1801d558                get_inf
 .text          0x1801d5b0      0x8f8 .\libkernel.a(task_sync.o)
                0x1801d5b0                slp_tsk
                0x1801d68c                tslp_tsk
                0x1801d78c                wup_tsk
                0x1801d8c8                can_wup
                0x1801d990                rel_wai
                0x1801db38                sus_tsk
                0x1801dca4                rsm_tsk
                0x1801ddb0                dly_tsk
 .text          0x1801dea8      0x4ac .\libkernel.a(task_term.o)
                0x1801dea8                ext_tsk
                0x1801df64                ras_ter
                0x1801e144                dis_ter
                0x1801e19c                ena_ter
                0x1801e220                sns_ter
                0x1801e258                ter_tsk
 .text          0x1801e354      0xb2c .\libkernel.a(semaphore.o)
                0x1801e354                _kernel_initialize_semaphore
                0x1801e42c                acre_sem
                0x1801e5f0                del_sem
                0x1801e70c                sig_sem
                0x1801e8f4                wai_sem
                0x1801ea18                pol_sem
                0x1801eae0                twai_sem
                0x1801ec38                ini_sem
                0x1801ed20                ref_sem
 .text          0x1801ee80      0xdd4 .\libkernel.a(eventflag.o)
                0x1801ee80                _kernel_initialize_eventflag
                0x1801ef48                _kernel_check_flg_cond
                0x1801efb4                acre_flg
                0x1801f150                del_flg
                0x1801f26c                set_flg
                0x1801f3c4                clr_flg
                0x1801f470                wai_flg
                0x1801f660                pol_flg
                0x1801f7dc                twai_flg
                0x1801fa0c                ini_flg
                0x1801faf4                ref_flg
 .text          0x1801fc54     0x1518 .\libkernel.a(dataqueue.o)
                0x1801fc54                _kernel_initialize_dataqueue
                0x1801fd4c                _kernel_enqueue_data
                0x1801fd8c                _kernel_force_enqueue_data
                0x1801fde4                _kernel_dequeue_data
                0x1801fe28                _kernel_send_data
                0x1801ff48                _kernel_force_send_data
                0x18020044                _kernel_receive_data
                0x18020238                acre_dtq
                0x18020434                del_dtq
                0x18020584                snd_dtq
                0x180206d4                psnd_dtq
                0x180207b0                tsnd_dtq
                0x1802093c                fsnd_dtq
                0x18020a10                rcv_dtq
                0x18020bac                prcv_dtq
                0x18020c88                trcv_dtq
                0x18020e58                ini_dtq
                0x18020f58                ref_dtq
 .text          0x1802116c      0xda4 .\libkernel.a(mempfix.o)
                0x1802116c                _kernel_initialize_mempfix
                0x18021264                _kernel_get_mpf_block
                0x180212c8                acre_mpf
                0x18021560                del_mpf
                0x180216c0                get_mpf
                0x180217f0                pget_mpf
                0x180218b0                tget_mpf
                0x18021a10                rel_mpf
                0x18021c90                ini_mpf
                0x18021d90                ref_mpf
 .text          0x18021f10      0x750 .\libkernel.a(time_manage.o)
                0x18021f10                set_tim
                0x18021f80                get_tim
                0x18021ff0                adj_tim
                0x180220d4                fch_hrt
                0x18022148                _kernel_check_nfyinfo
                0x180224e8                _kernel_notify_handler
 .text          0x18022660      0x874 .\libkernel.a(cyclic.o)
                0x18022660                _kernel_call_cyclic
                0x180226a8                _kernel_initialize_cyclic
                0x18022800                acre_cyc
                0x18022aa8                del_cyc
                0x18022be0                sta_cyc
                0x18022cf0                stp_cyc
                0x18022de0                ref_cyc
 .text          0x18022ed4      0x780 .\libkernel.a(alarm.o)
                0x18022ed4                _kernel_call_alarm
                0x18022f08                _kernel_initialize_alarm
                0x18023010                acre_alm
                0x18023248                del_alm
                0x18023380                sta_alm
                0x1802348c                stp_alm
                0x18023560                ref_alm
 .text          0x18023654      0x468 .\libkernel.a(sys_manage.o)
                0x18023654                rot_rdq
                0x1802370c                get_tid
                0x18023764                get_lod
                0x18023804                get_nth
                0x180238c4                loc_cpu
                0x180238dc                unl_cpu
                0x180238f4                dis_dsp
                0x1802394c                ena_dsp
                0x18023a14                sns_ctx
                0x18023a2c                sns_loc
                0x18023a38                sns_dsp
                0x18023a50                sns_dpn
                0x18023aa4                sns_ker
 .text          0x18023abc      0x7ec .\libkernel.a(interrupt.o)
                0x18023abc                _kernel_initialize_isr
                0x18023c30                _kernel_call_isr
                0x18023c7c                acre_isr
                0x18023f4c                del_isr
                0x18024058                dis_int
                0x180240d8                ena_int
                0x18024158                chg_ipm
                0x18024250                get_ipm
 .text          0x180242a8       0xac .\libkernel.a(exception.o)
                0x180242a8                xsns_dpn
 .text          0x18024354       0x8c .\libkernel.a(gic_support.o)
                0x18024354                _kernel_irc_begin_int
                0x1802438c                _kernel_irc_end_int
                0x1802439c                _kernel_irc_get_intpri
                0x180243b0                _kernel_irc_begin_exc
                0x180243c0                _kernel_irc_end_exc
 .text          0x180243e0      0x564 .\libkernel.a(wait.o)
                0x180243e0                _kernel_wait_tmout
                0x18024498                _kernel_make_wait_tmout
                0x18024550                _kernel_wait_complete
                0x180245f0                _kernel_wait_tmout_ok
                0x18024684                _kernel_wobj_make_wait
                0x18024734                _kernel_wobj_make_wait_tmout
                0x180247dc                _kernel_init_wait_queue
 .text          0x18024944       0x20 c:/program files (x86)/kpit/gnuarm-nonev16.01-eabi/arm-none-eabi/arm-none-eabi/bin/../lib/gcc/arm-none-eabi/5.2-GNUARM-NONE_v16.01/../../../../arm-none-eabi/lib/armv7-ar/thumb/fpu\libc.a(lib_a-exit.o)
                0x18024944                exit
 .text          0x18024964        0x0 c:/program files (x86)/kpit/gnuarm-nonev16.01-eabi/arm-none-eabi/arm-none-eabi/bin/../lib/gcc/arm-none-eabi/5.2-GNUARM-NONE_v16.01/../../../../arm-none-eabi/lib/armv7-ar/thumb/fpu\libc.a(lib_a-impure.o)
 .text          0x18024964       0x10 c:/program files (x86)/kpit/gnuarm-nonev16.01-eabi/arm-none-eabi/arm-none-eabi/bin/../lib/gcc/arm-none-eabi/5.2-GNUARM-NONE_v16.01/../../../../arm-none-eabi/lib/armv7-ar/thumb/fpu\libc.a(lib_a-lcltime.o)
                0x18024964                localtime
 .text          0x18024974      0x1d4 c:/program files (x86)/kpit/gnuarm-nonev16.01-eabi/arm-none-eabi/arm-none-eabi/bin/../lib/gcc/arm-none-eabi/5.2-GNUARM-NONE_v16.01/../../../../arm-none-eabi/lib/armv7-ar/thumb/fpu\libc.a(lib_a-lcltime_r.o)
                0x18024974                localtime_r
 .text          0x18024b48       0x1e c:/program files (x86)/kpit/gnuarm-nonev16.01-eabi/arm-none-eabi/arm-none-eabi/bin/../lib/gcc/arm-none-eabi/5.2-GNUARM-NONE_v16.01/../../../../arm-none-eabi/lib/armv7-ar/thumb/fpu\libc.a(lib_a-memcmp.o)
                0x18024b48                memcmp
 .text          0x18024b66       0x16 c:/program files (x86)/kpit/gnuarm-nonev16.01-eabi/arm-none-eabi/arm-none-eabi/bin/../lib/gcc/arm-none-eabi/5.2-GNUARM-NONE_v16.01/../../../../arm-none-eabi/lib/armv7-ar/thumb/fpu\libc.a(lib_a-memcpy-stub.o)
                0x18024b66                memcpy
 .text          0x18024b7c       0x36 c:/program files (x86)/kpit/gnuarm-nonev16.01-eabi/arm-none-eabi/arm-none-eabi/bin/../lib/gcc/arm-none-eabi/5.2-GNUARM-NONE_v16.01/../../../../arm-none-eabi/lib/armv7-ar/thumb/fpu\libc.a(lib_a-memmove.o)
                0x18024b7c                memmove
 .text          0x18024bb2       0x10 c:/program files (x86)/kpit/gnuarm-nonev16.01-eabi/arm-none-eabi/arm-none-eabi/bin/../lib/gcc/arm-none-eabi/5.2-GNUARM-NONE_v16.01/../../../../arm-none-eabi/lib/armv7-ar/thumb/fpu\libc.a(lib_a-memset.o)
                0x18024bb2                memset
 *fill*         0x18024bc2        0x2 
 .text          0x18024bc4      0x45c c:/program files (x86)/kpit/gnuarm-nonev16.01-eabi/arm-none-eabi/arm-none-eabi/bin/../lib/gcc/arm-none-eabi/5.2-GNUARM-NONE_v16.01/../../../../arm-none-eabi/lib/armv7-ar/thumb/fpu\libc.a(lib_a-mktime.o)
                0x18024d6c                mktime
 .text          0x18025020        0x0 c:/program files (x86)/kpit/gnuarm-nonev16.01-eabi/arm-none-eabi/arm-none-eabi/bin/../lib/gcc/arm-none-eabi/5.2-GNUARM-NONE_v16.01/../../../../arm-none-eabi/lib/armv7-ar/thumb/fpu\libc.a(lib_a-month_lengths.o)
 .text          0x18025020      0x528 c:/program files (x86)/kpit/gnuarm-nonev16.01-eabi/arm-none-eabi/arm-none-eabi/bin/../lib/gcc/arm-none-eabi/5.2-GNUARM-NONE_v16.01/../../../../arm-none-eabi/lib/armv7-ar/thumb/fpu\libc.a(lib_a-syscalls.o)
                0x180250b4                initialise_monitor_handles
                0x18025128                _swiread
                0x1802514c                _read
                0x18025190                _swilseek
                0x18025210                _lseek
                0x18025222                _swiwrite
                0x18025246                _write
                0x18025290                _swiopen
                0x18025314                _open
                0x1802532e                _swiclose
                0x18025360                _close
                0x18025372                _kill
                0x18025394                _exit
                0x1802539c                _getpid
                0x180253a0                _sbrk
                0x180253dc                _fstat
                0x180253fa                _stat
                0x1802542e                _link
                0x18025434                _unlink
                0x18025462                _raise
                0x18025464                _gettimeofday
                0x18025488                _times
                0x180254a6                _isatty
                0x180254cc                _system
                0x1802550c                _rename
 .text          0x18025548      0x154 c:/program files (x86)/kpit/gnuarm-nonev16.01-eabi/arm-none-eabi/arm-none-eabi/bin/../lib/gcc/arm-none-eabi/5.2-GNUARM-NONE_v16.01/../../../../arm-none-eabi/lib/armv7-ar/thumb/fpu\libc.a(lib_a-tzcalc_limits.o)
                0x18025548                __tzcalc_limits
 .text          0x1802569c        0x4 c:/program files (x86)/kpit/gnuarm-nonev16.01-eabi/arm-none-eabi/arm-none-eabi/bin/../lib/gcc/arm-none-eabi/5.2-GNUARM-NONE_v16.01/../../../../arm-none-eabi/lib/armv7-ar/thumb/fpu\libc.a(lib_a-tzlock.o)
                0x1802569c                __tz_lock
                0x1802569e                __tz_unlock
 .text          0x180256a0       0x28 c:/program files (x86)/kpit/gnuarm-nonev16.01-eabi/arm-none-eabi/arm-none-eabi/bin/../lib/gcc/arm-none-eabi/5.2-GNUARM-NONE_v16.01/../../../../arm-none-eabi/lib/armv7-ar/thumb/fpu\libc.a(lib_a-tzset.o)
                0x180256a0                _tzset_unlocked
                0x180256ac                tzset
 .text          0x180256c8      0x320 c:/program files (x86)/kpit/gnuarm-nonev16.01-eabi/arm-none-eabi/arm-none-eabi/bin/../lib/gcc/arm-none-eabi/5.2-GNUARM-NONE_v16.01/../../../../arm-none-eabi/lib/armv7-ar/thumb/fpu\libc.a(lib_a-tzset_r.o)
                0x180256c8                _tzset_unlocked_r
                0x180259d0                _tzset_r
 .text          0x180259e8        0x0 c:/program files (x86)/kpit/gnuarm-nonev16.01-eabi/arm-none-eabi/arm-none-eabi/bin/../lib/gcc/arm-none-eabi/5.2-GNUARM-NONE_v16.01/../../../../arm-none-eabi/lib/armv7-ar/thumb/fpu\libc.a(lib_a-tzvars.o)
 .text          0x180259e8      0xf14 c:/program files (x86)/kpit/gnuarm-nonev16.01-eabi/arm-none-eabi/arm-none-eabi/bin/../lib/gcc/arm-none-eabi/5.2-GNUARM-NONE_v16.01/../../../../arm-none-eabi/lib/armv7-ar/thumb/fpu\libc.a(lib_a-vfprintf.o)
                0x180259e8                _vfprintf_r
                0x1802687c                vfprintf
 .text          0x180268fc       0xac c:/program files (x86)/kpit/gnuarm-nonev16.01-eabi/arm-none-eabi/arm-none-eabi/bin/../lib/gcc/arm-none-eabi/5.2-GNUARM-NONE_v16.01/../../../../arm-none-eabi/lib/armv7-ar/thumb/fpu\libc.a(lib_a-wsetup.o)
                0x180268fc                __swsetup_r
 .text          0x180269a8       0xc0 c:/program files (x86)/kpit/gnuarm-nonev16.01-eabi/arm-none-eabi/arm-none-eabi/bin/../lib/gcc/arm-none-eabi/5.2-GNUARM-NONE_v16.01/../../../../arm-none-eabi/lib/armv7-ar/thumb/fpu\libc.a(lib_a-__call_atexit.o)
                0x180269a8                __call_exitprocs
 .text          0x18026a68       0x3a c:/program files (x86)/kpit/gnuarm-nonev16.01-eabi/arm-none-eabi/arm-none-eabi/bin/../lib/gcc/arm-none-eabi/5.2-GNUARM-NONE_v16.01/../../../../arm-none-eabi/lib/armv7-ar/thumb/fpu\libc.a(lib_a-div.o)
                0x18026a68                div
 *fill*         0x18026aa2        0x6 
 .text          0x18026aa8      0xb74 c:/program files (x86)/kpit/gnuarm-nonev16.01-eabi/arm-none-eabi/arm-none-eabi/bin/../lib/gcc/arm-none-eabi/5.2-GNUARM-NONE_v16.01/../../../../arm-none-eabi/lib/armv7-ar/thumb/fpu\libc.a(lib_a-dtoa.o)
                0x18026bc8                _dtoa_r
 .text          0x1802761c        0xc c:/program files (x86)/kpit/gnuarm-nonev16.01-eabi/arm-none-eabi/arm-none-eabi/bin/../lib/gcc/arm-none-eabi/5.2-GNUARM-NONE_v16.01/../../../../arm-none-eabi/lib/armv7-ar/thumb/fpu\libc.a(lib_a-errno.o)
                0x1802761c                __errno
 .text          0x18027628      0x164 c:/program files (x86)/kpit/gnuarm-nonev16.01-eabi/arm-none-eabi/arm-none-eabi/bin/../lib/gcc/arm-none-eabi/5.2-GNUARM-NONE_v16.01/../../../../arm-none-eabi/lib/armv7-ar/thumb/fpu\libc.a(lib_a-fflush.o)
                0x18027628                __sflush_r
                0x18027744                _fflush_r
                0x18027768                fflush
 .text          0x1802778c      0x18c c:/program files (x86)/kpit/gnuarm-nonev16.01-eabi/arm-none-eabi/arm-none-eabi/bin/../lib/gcc/arm-none-eabi/5.2-GNUARM-NONE_v16.01/../../../../arm-none-eabi/lib/armv7-ar/thumb/fpu\libc.a(lib_a-findfp.o)
                0x18027790                _cleanup_r
                0x180277f4                __sfmoreglue
                0x18027820                _cleanup
                0x1802782c                __sinit
                0x18027870                __sfp
                0x180278e8                __sfp_lock_acquire
                0x180278ea                __sfp_lock_release
                0x180278ec                __sinit_lock_acquire
                0x180278ee                __sinit_lock_release
                0x180278f0                __fp_lock_all
                0x18027904                __fp_unlock_all
 .text          0x18027918      0x218 c:/program files (x86)/kpit/gnuarm-nonev16.01-eabi/arm-none-eabi/arm-none-eabi/bin/../lib/gcc/arm-none-eabi/5.2-GNUARM-NONE_v16.01/../../../../arm-none-eabi/lib/armv7-ar/thumb/fpu\libc.a(lib_a-freer.o)
                0x18027918                _malloc_trim_r
                0x180279b4                _free_r
 .text          0x18027b30       0x74 c:/program files (x86)/kpit/gnuarm-nonev16.01-eabi/arm-none-eabi/arm-none-eabi/bin/../lib/gcc/arm-none-eabi/5.2-GNUARM-NONE_v16.01/../../../../arm-none-eabi/lib/armv7-ar/thumb/fpu\libc.a(lib_a-fwalk.o)
                0x18027b30                _fwalk
                0x18027b68                _fwalk_reent
 .text          0x18027ba4       0x88 c:/program files (x86)/kpit/gnuarm-nonev16.01-eabi/arm-none-eabi/arm-none-eabi/bin/../lib/gcc/arm-none-eabi/5.2-GNUARM-NONE_v16.01/../../../../arm-none-eabi/lib/armv7-ar/thumb/fpu\libc.a(lib_a-getenv_r.o)
                0x18027ba4                _findenv_r
                0x18027c1c                _getenv_r
 .text          0x18027c2c        0x8 c:/program files (x86)/kpit/gnuarm-nonev16.01-eabi/arm-none-eabi/arm-none-eabi/bin/../lib/gcc/arm-none-eabi/5.2-GNUARM-NONE_v16.01/../../../../arm-none-eabi/lib/armv7-ar/thumb/fpu\libc.a(lib_a-gettzinfo.o)
                0x18027c2c                __gettzinfo
 .text          0x18027c34      0x170 c:/program files (x86)/kpit/gnuarm-nonev16.01-eabi/arm-none-eabi/arm-none-eabi/bin/../lib/gcc/arm-none-eabi/5.2-GNUARM-NONE_v16.01/../../../../arm-none-eabi/lib/armv7-ar/thumb/fpu\libc.a(lib_a-gmtime_r.o)
                0x18027c34                gmtime_r
 .text          0x18027da4       0x78 c:/program files (x86)/kpit/gnuarm-nonev16.01-eabi/arm-none-eabi/arm-none-eabi/bin/../lib/gcc/arm-none-eabi/5.2-GNUARM-NONE_v16.01/../../../../arm-none-eabi/lib/armv7-ar/thumb/fpu\libc.a(lib_a-locale.o)
                0x18027da4                _setlocale_r
                0x18027ddc                __locale_charset
                0x18027de4                __locale_mb_cur_max
                0x18027df0                __locale_msgcharset
                0x18027df8                __locale_cjk_lang
                0x18027dfc                _localeconv_r
                0x18027e04                setlocale
                0x18027e14                localeconv
 .text          0x18027e1c       0xc8 c:/program files (x86)/kpit/gnuarm-nonev16.01-eabi/arm-none-eabi/arm-none-eabi/bin/../lib/gcc/arm-none-eabi/5.2-GNUARM-NONE_v16.01/../../../../arm-none-eabi/lib/armv7-ar/thumb/fpu\libc.a(lib_a-makebuf.o)
                0x18027e1c                __smakebuf_r
 .text          0x18027ee4       0x20 c:/program files (x86)/kpit/gnuarm-nonev16.01-eabi/arm-none-eabi/arm-none-eabi/bin/../lib/gcc/arm-none-eabi/5.2-GNUARM-NONE_v16.01/../../../../arm-none-eabi/lib/armv7-ar/thumb/fpu\libc.a(lib_a-malloc.o)
                0x18027ee4                malloc
                0x18027ef4                free
 .text          0x18027f04      0x450 c:/program files (x86)/kpit/gnuarm-nonev16.01-eabi/arm-none-eabi/arm-none-eabi/bin/../lib/gcc/arm-none-eabi/5.2-GNUARM-NONE_v16.01/../../../../arm-none-eabi/lib/armv7-ar/thumb/fpu\libc.a(lib_a-mallocr.o)
                0x18027f04                _malloc_r
 .text          0x18028354       0x1c c:/program files (x86)/kpit/gnuarm-nonev16.01-eabi/arm-none-eabi/arm-none-eabi/bin/../lib/gcc/arm-none-eabi/5.2-GNUARM-NONE_v16.01/../../../../arm-none-eabi/lib/armv7-ar/thumb/fpu\libc.a(lib_a-memchr-stub.o)
                0x18028354                memchr
 .text          0x18028370        0x4 c:/program files (x86)/kpit/gnuarm-nonev16.01-eabi/arm-none-eabi/arm-none-eabi/bin/../lib/gcc/arm-none-eabi/5.2-GNUARM-NONE_v16.01/../../../../arm-none-eabi/lib/armv7-ar/thumb/fpu\libc.a(lib_a-mlock.o)
                0x18028370                __malloc_lock
                0x18028372                __malloc_unlock
 .text          0x18028374      0x7ac c:/program files (x86)/kpit/gnuarm-nonev16.01-eabi/arm-none-eabi/arm-none-eabi/bin/../lib/gcc/arm-none-eabi/5.2-GNUARM-NONE_v16.01/../../../../arm-none-eabi/lib/armv7-ar/thumb/fpu\libc.a(lib_a-mprec.o)
                0x18028374                _Balloc
                0x180283c0                _Bfree
                0x180283d2                __multadd
                0x1802844c                __s2b
                0x180284cc                __hi0bits
                0x1802850c                __lo0bits
                0x18028566                __i2b
                0x18028578                __multiply
                0x1802869a                __pow5mult
                0x1802871c                __lshift
                0x180287be                __mcmp
                0x180287f6                __mdiff
                0x180288b6                __ulp
                0x18028900                __b2d
                0x1802899c                __d2b
                0x18028a38                __ratio
                0x18028a82                _mprec_log10
                0x18028aa8                __copybits
                0x18028adc                __any_on
 .text          0x18028b20       0x20 c:/program files (x86)/kpit/gnuarm-nonev16.01-eabi/arm-none-eabi/arm-none-eabi/bin/../lib/gcc/arm-none-eabi/5.2-GNUARM-NONE_v16.01/../../../../arm-none-eabi/lib/armv7-ar/thumb/fpu\libc.a(lib_a-sbrkr.o)
                0x18028b20                _sbrk_r
 .text          0x18028b40       0x50 c:/program files (x86)/kpit/gnuarm-nonev16.01-eabi/arm-none-eabi/arm-none-eabi/bin/../lib/gcc/arm-none-eabi/5.2-GNUARM-NONE_v16.01/../../../../arm-none-eabi/lib/armv7-ar/thumb/fpu\libc.a(lib_a-s_fpclassify.o)
                0x18028b40                __fpclassifyd
 .text          0x18028b90       0xa8 c:/program files (x86)/kpit/gnuarm-nonev16.01-eabi/arm-none-eabi/arm-none-eabi/bin/../lib/gcc/arm-none-eabi/5.2-GNUARM-NONE_v16.01/../../../../arm-none-eabi/lib/armv7-ar/thumb/fpu\libc.a(lib_a-siscanf.o)
                0x18028b90                siscanf
                0x18028be4                _siscanf_r
 .text          0x18028c38       0x8a c:/program files (x86)/kpit/gnuarm-nonev16.01-eabi/arm-none-eabi/arm-none-eabi/bin/../lib/gcc/arm-none-eabi/5.2-GNUARM-NONE_v16.01/../../../../arm-none-eabi/lib/armv7-ar/thumb/fpu\libc.a(lib_a-stdio.o)
                0x18028c38                __sread
                0x18028c5a                __seofread
                0x18028c5e                __swrite
                0x18028c96                __sseek
                0x18028cba                __sclose
 .text          0x18028cc2       0x14 c:/program files (x86)/kpit/gnuarm-nonev16.01-eabi/arm-none-eabi/arm-none-eabi/bin/../lib/gcc/arm-none-eabi/5.2-GNUARM-NONE_v16.01/../../../../arm-none-eabi/lib/armv7-ar/thumb/fpu\libc.a(lib_a-strcmp.o)
                0x18028cc2                strcmp
 .text          0x18028cd6       0x10 c:/program files (x86)/kpit/gnuarm-nonev16.01-eabi/arm-none-eabi/arm-none-eabi/bin/../lib/gcc/arm-none-eabi/5.2-GNUARM-NONE_v16.01/../../../../arm-none-eabi/lib/armv7-ar/thumb/fpu\libc.a(lib_a-strcpy.o)
                0x18028cd6                strcpy
 .text          0x18028ce6       0x10 c:/program files (x86)/kpit/gnuarm-nonev16.01-eabi/arm-none-eabi/arm-none-eabi/bin/../lib/gcc/arm-none-eabi/5.2-GNUARM-NONE_v16.01/../../../../arm-none-eabi/lib/armv7-ar/thumb/fpu\libc.a(lib_a-strlen.o)
                0x18028ce6                strlen
 .text          0x18028cf6       0x2a c:/program files (x86)/kpit/gnuarm-nonev16.01-eabi/arm-none-eabi/arm-none-eabi/bin/../lib/gcc/arm-none-eabi/5.2-GNUARM-NONE_v16.01/../../../../arm-none-eabi/lib/armv7-ar/thumb/fpu\libc.a(lib_a-strncmp.o)
                0x18028cf6                strncmp
 .text          0x18028d20      0x128 c:/program files (x86)/kpit/gnuarm-nonev16.01-eabi/arm-none-eabi/arm-none-eabi/bin/../lib/gcc/arm-none-eabi/5.2-GNUARM-NONE_v16.01/../../../../arm-none-eabi/lib/armv7-ar/thumb/fpu\libc.a(lib_a-strtoul.o)
                0x18028d20                _strtoul_r
                0x18028e34                strtoul
 .text          0x18028e48      0x840 c:/program files (x86)/kpit/gnuarm-nonev16.01-eabi/arm-none-eabi/arm-none-eabi/bin/../lib/gcc/arm-none-eabi/5.2-GNUARM-NONE_v16.01/../../../../arm-none-eabi/lib/armv7-ar/thumb/fpu\libc.a(lib_a-svfiscanf.o)
                0x18028e48                _sungetc_r
                0x18028ec4                __ssrefill_r
                0x18028efe                _sfread_r
                0x18028f70                __ssvfiscanf_r
 .text          0x18029688      0x150 c:/program files (x86)/kpit/gnuarm-nonev16.01-eabi/arm-none-eabi/arm-none-eabi/bin/../lib/gcc/arm-none-eabi/5.2-GNUARM-NONE_v16.01/../../../../arm-none-eabi/lib/armv7-ar/thumb/fpu\libc.a(lib_a-ungetc.o)
                0x18029688                __submore
                0x180296f8                _ungetc_r
                0x180297c6                ungetc
 .text          0x180297d8      0x838 c:/program files (x86)/kpit/gnuarm-nonev16.01-eabi/arm-none-eabi/arm-none-eabi/bin/../lib/gcc/arm-none-eabi/5.2-GNUARM-NONE_v16.01/../../../../arm-none-eabi/lib/armv7-ar/thumb/fpu\libc.a(lib_a-vfiprintf.o)
                0x180297d8                __sprint_r
                0x1802983c                _vfiprintf_r
                0x18029f92                vfiprintf
 .text          0x1802a010       0x24 c:/program files (x86)/kpit/gnuarm-nonev16.01-eabi/arm-none-eabi/arm-none-eabi/bin/../lib/gcc/arm-none-eabi/5.2-GNUARM-NONE_v16.01/../../../../arm-none-eabi/lib/armv7-ar/thumb/fpu\libc.a(lib_a-writer.o)
                0x1802a010                _write_r
 .text          0x1802a034       0x5c c:/program files (x86)/kpit/gnuarm-nonev16.01-eabi/arm-none-eabi/arm-none-eabi/bin/../lib/gcc/arm-none-eabi/5.2-GNUARM-NONE_v16.01/../../../../arm-none-eabi/lib/armv7-ar/thumb/fpu\libc.a(lib_a-callocr.o)
                0x1802a034                _calloc_r
 .text          0x1802a090       0x20 c:/program files (x86)/kpit/gnuarm-nonev16.01-eabi/arm-none-eabi/arm-none-eabi/bin/../lib/gcc/arm-none-eabi/5.2-GNUARM-NONE_v16.01/../../../../arm-none-eabi/lib/armv7-ar/thumb/fpu\libc.a(lib_a-closer.o)
                0x1802a090                _close_r
 .text          0x1802a0b0        0x0 c:/program files (x86)/kpit/gnuarm-nonev16.01-eabi/arm-none-eabi/arm-none-eabi/bin/../lib/gcc/arm-none-eabi/5.2-GNUARM-NONE_v16.01/../../../../arm-none-eabi/lib/armv7-ar/thumb/fpu\libc.a(lib_a-ctype_.o)
 .text          0x1802a0b0        0x0 c:/program files (x86)/kpit/gnuarm-nonev16.01-eabi/arm-none-eabi/arm-none-eabi/bin/../lib/gcc/arm-none-eabi/5.2-GNUARM-NONE_v16.01/../../../../arm-none-eabi/lib/armv7-ar/thumb/fpu\libc.a(lib_a-environ.o)
 .text          0x1802a0b0        0x4 c:/program files (x86)/kpit/gnuarm-nonev16.01-eabi/arm-none-eabi/arm-none-eabi/bin/../lib/gcc/arm-none-eabi/5.2-GNUARM-NONE_v16.01/../../../../arm-none-eabi/lib/armv7-ar/thumb/fpu\libc.a(lib_a-envlock.o)
                0x1802a0b0                __env_lock
                0x1802a0b2                __env_unlock
 .text          0x1802a0b4       0x8c c:/program files (x86)/kpit/gnuarm-nonev16.01-eabi/arm-none-eabi/arm-none-eabi/bin/../lib/gcc/arm-none-eabi/5.2-GNUARM-NONE_v16.01/../../../../arm-none-eabi/lib/armv7-ar/thumb/fpu\libc.a(lib_a-fclose.o)
                0x1802a0b4                _fclose_r
                0x1802a130                fclose
 .text          0x1802a140       0xe4 c:/program files (x86)/kpit/gnuarm-nonev16.01-eabi/arm-none-eabi/arm-none-eabi/bin/../lib/gcc/arm-none-eabi/5.2-GNUARM-NONE_v16.01/../../../../arm-none-eabi/lib/armv7-ar/thumb/fpu\libc.a(lib_a-fputwc.o)
                0x1802a140                __fputwc
                0x1802a1dc                _fputwc_r
                0x1802a1fa                fputwc
 .text          0x1802a224       0x24 c:/program files (x86)/kpit/gnuarm-nonev16.01-eabi/arm-none-eabi/arm-none-eabi/bin/../lib/gcc/arm-none-eabi/5.2-GNUARM-NONE_v16.01/../../../../arm-none-eabi/lib/armv7-ar/thumb/fpu\libc.a(lib_a-fstatr.o)
                0x1802a224                _fstat_r
 .text          0x1802a248      0x298 c:/program files (x86)/kpit/gnuarm-nonev16.01-eabi/arm-none-eabi/arm-none-eabi/bin/../lib/gcc/arm-none-eabi/5.2-GNUARM-NONE_v16.01/../../../../arm-none-eabi/lib/armv7-ar/thumb/fpu\libc.a(lib_a-fvwrite.o)
                0x1802a248                __sfvwrite_r
 .text          0x1802a4e0       0x20 c:/program files (x86)/kpit/gnuarm-nonev16.01-eabi/arm-none-eabi/arm-none-eabi/bin/../lib/gcc/arm-none-eabi/5.2-GNUARM-NONE_v16.01/../../../../arm-none-eabi/lib/armv7-ar/thumb/fpu\libc.a(lib_a-isattyr.o)
                0x1802a4e0                _isatty_r
 .text          0x1802a500       0x1c c:/program files (x86)/kpit/gnuarm-nonev16.01-eabi/arm-none-eabi/arm-none-eabi/bin/../lib/gcc/arm-none-eabi/5.2-GNUARM-NONE_v16.01/../../../../arm-none-eabi/lib/armv7-ar/thumb/fpu\libc.a(lib_a-iswspace.o)
                0x1802a500                iswspace
 .text          0x1802a51c       0x24 c:/program files (x86)/kpit/gnuarm-nonev16.01-eabi/arm-none-eabi/arm-none-eabi/bin/../lib/gcc/arm-none-eabi/5.2-GNUARM-NONE_v16.01/../../../../arm-none-eabi/lib/armv7-ar/thumb/fpu\libc.a(lib_a-lseekr.o)
                0x1802a51c                _lseek_r
 .text          0x1802a540       0x6c c:/program files (x86)/kpit/gnuarm-nonev16.01-eabi/arm-none-eabi/arm-none-eabi/bin/../lib/gcc/arm-none-eabi/5.2-GNUARM-NONE_v16.01/../../../../arm-none-eabi/lib/armv7-ar/thumb/fpu\libc.a(lib_a-mbrtowc.o)
                0x1802a540                _mbrtowc_r
                0x1802a590                mbrtowc
 .text          0x1802a5ac       0x54 c:/program files (x86)/kpit/gnuarm-nonev16.01-eabi/arm-none-eabi/arm-none-eabi/bin/../lib/gcc/arm-none-eabi/5.2-GNUARM-NONE_v16.01/../../../../arm-none-eabi/lib/armv7-ar/thumb/fpu\libc.a(lib_a-mbtowc_r.o)
                0x1802a5ac                __ascii_mbtowc
                0x1802a5d0                _mbtowc_r
 .text          0x1802a600       0x24 c:/program files (x86)/kpit/gnuarm-nonev16.01-eabi/arm-none-eabi/arm-none-eabi/bin/../lib/gcc/arm-none-eabi/5.2-GNUARM-NONE_v16.01/../../../../arm-none-eabi/lib/armv7-ar/thumb/fpu\libc.a(lib_a-readr.o)
                0x1802a600                _read_r
 .text          0x1802a624      0x35c c:/program files (x86)/kpit/gnuarm-nonev16.01-eabi/arm-none-eabi/arm-none-eabi/bin/../lib/gcc/arm-none-eabi/5.2-GNUARM-NONE_v16.01/../../../../arm-none-eabi/lib/armv7-ar/thumb/fpu\libc.a(lib_a-reallocr.o)
                0x1802a624                _realloc_r
 .text          0x1802a980       0xa0 c:/program files (x86)/kpit/gnuarm-nonev16.01-eabi/arm-none-eabi/arm-none-eabi/bin/../lib/gcc/arm-none-eabi/5.2-GNUARM-NONE_v16.01/../../../../arm-none-eabi/lib/armv7-ar/thumb/fpu\libc.a(lib_a-reent.o)
                0x1802a980                cleanup_glue
                0x1802a99a                _reclaim_reent
 .text          0x1802aa20       0x60 c:/program files (x86)/kpit/gnuarm-nonev16.01-eabi/arm-none-eabi/arm-none-eabi/bin/../lib/gcc/arm-none-eabi/5.2-GNUARM-NONE_v16.01/../../../../arm-none-eabi/lib/armv7-ar/thumb/fpu\libc.a(lib_a-sccl.o)
                0x1802aa20                __sccl
 .text          0x1802aa80      0x144 c:/program files (x86)/kpit/gnuarm-nonev16.01-eabi/arm-none-eabi/arm-none-eabi/bin/../lib/gcc/arm-none-eabi/5.2-GNUARM-NONE_v16.01/../../../../arm-none-eabi/lib/armv7-ar/thumb/fpu\libc.a(lib_a-strtol.o)
                0x1802aa80                _strtol_r
                0x1802abb0                strtol
 .text          0x1802abc4       0xa4 c:/program files (x86)/kpit/gnuarm-nonev16.01-eabi/arm-none-eabi/arm-none-eabi/bin/../lib/gcc/arm-none-eabi/5.2-GNUARM-NONE_v16.01/../../../../arm-none-eabi/lib/armv7-ar/thumb/fpu\libc.a(lib_a-wbuf.o)
                0x1802abc4                __swbuf_r
                0x1802ac56                __swbuf
 .text          0x1802ac68       0x5c c:/program files (x86)/kpit/gnuarm-nonev16.01-eabi/arm-none-eabi/arm-none-eabi/bin/../lib/gcc/arm-none-eabi/5.2-GNUARM-NONE_v16.01/../../../../arm-none-eabi/lib/armv7-ar/thumb/fpu\libc.a(lib_a-wcrtomb.o)
                0x1802ac68                _wcrtomb_r
                0x1802acb0                wcrtomb
 .text          0x1802acc4       0x48 c:/program files (x86)/kpit/gnuarm-nonev16.01-eabi/arm-none-eabi/arm-none-eabi/bin/../lib/gcc/arm-none-eabi/5.2-GNUARM-NONE_v16.01/../../../../arm-none-eabi/lib/armv7-ar/thumb/fpu\libc.a(lib_a-wctomb_r.o)
                0x1802acc4                __ascii_wctomb
                0x1802acde                _wctomb_r
 *fill*         0x1802ad0c        0x4 
 .text          0x1802ad10      0x278 c:/program files (x86)/kpit/gnuarm-nonev16.01-eabi/arm-none-eabi/arm-none-eabi/bin/../lib/gcc/arm-none-eabi/5.2-GNUARM-NONE_v16.01/armv7-ar/thumb/fpu\libgcc.a(_udivsi3.o)
                0x1802ad10                __aeabi_uidiv
                0x1802ad10                __udivsi3
                0x1802af6c                __aeabi_uidivmod
 .text          0x1802af88      0x2b0 c:/program files (x86)/kpit/gnuarm-nonev16.01-eabi/arm-none-eabi/arm-none-eabi/bin/../lib/gcc/arm-none-eabi/5.2-GNUARM-NONE_v16.01/armv7-ar/thumb/fpu\libgcc.a(_divsi3.o)
                0x1802af88                __divsi3
                0x1802af88                __aeabi_idiv
                0x1802b21c                __aeabi_idivmod
 .text          0x1802b238        0x4 c:/program files (x86)/kpit/gnuarm-nonev16.01-eabi/arm-none-eabi/arm-none-eabi/bin/../lib/gcc/arm-none-eabi/5.2-GNUARM-NONE_v16.01/armv7-ar/thumb/fpu\libgcc.a(_dvmd_tls.o)
                0x1802b238                __aeabi_idiv0
                0x1802b238                __aeabi_ldiv0
 .text          0x1802b23c       0x30 c:/program files (x86)/kpit/gnuarm-nonev16.01-eabi/arm-none-eabi/arm-none-eabi/bin/../lib/gcc/arm-none-eabi/5.2-GNUARM-NONE_v16.01/armv7-ar/thumb/fpu\libgcc.a(_aeabi_uldivmod.o)
                0x1802b23c                __aeabi_uldivmod
 .text          0x1802b26c      0x114 c:/program files (x86)/kpit/gnuarm-nonev16.01-eabi/arm-none-eabi/arm-none-eabi/bin/../lib/gcc/arm-none-eabi/5.2-GNUARM-NONE_v16.01/armv7-ar/thumb/fpu\libgcc.a(_udivmoddi4.o)
                0x1802b26c                __udivmoddi4
 *(.init)
 *(.fini)
 *crtbegin.o(.ctors)
 *crtbegin?.o(.ctors)
 *(EXCLUDE_FILE(*crtend.o *crtend?.o) .ctors)
 *(SORT(.ctors.*))
 *(.ctors)
 *crtbegin.o(.dtors)
 *crtbegin?.o(.dtors)
 *(EXCLUDE_FILE(*crtend.o *crtend?.o) .dtors)
 *(SORT(.dtors.*))
 *(.dtors)
                0x1802b380                Image$$RO_DATA$$Base = .
 *(.rodata*)
 .rodata        0x1802b380       0x25 sample1n.o
 *fill*         0x1802b3a5        0x3 
 .rodata.str1.4
                0x1802b3a8       0x28 sample1n.o
 .rodata        0x1802b3d0        0xc sample1.o
 .rodata.str1.4
                0x1802b3dc      0x7de sample1.o
                                0x836 (size before relaxing)
 *fill*         0x1802bbba        0x2 
 .rodata        0x1802bbbc       0x31 log_output.o
 *fill*         0x1802bbed        0x3 
 .rodata.str1.4
                0x1802bbf0       0x36 log_output.o
 *fill*         0x1802bc26        0x2 
 .rodata.str1.4
                0x1802bc28       0x2d t_perror.o
 *fill*         0x1802bc55        0x3 
 .rodata.str1.4
                0x1802bc58       0xda strerror.o
 *fill*         0x1802bd32        0x2 
 .rodata        0x1802bd34        0x4 tTask_tecsgen.o
                0x1802bd34                tTask_INIB_tab
 .rodata        0x1802bd38        0x8 tSemaphore_tecsgen.o
                0x1802bd38                tSemaphore_INIB_tab
 .rodata        0x1802bd40        0x8 tInterruptRequest_tecsgen.o
                0x1802bd40                tInterruptRequest_INIB_tab
 .rodata        0x1802bd48       0x10 tISR_tecsgen.o
                0x1802bd48                tISR_INIB_tab
 .rodata        0x1802bd58       0x30 tSerialPortMain_tecsgen.o
                0x1802bd58                tSerialPortMain_INIB_tab
                0x1802bd68                SerialPort1_SerialPortMain_eSerialPort_des
                0x1802bd70                tSerialPortMain_eSerialPort_MT_
 .rodata        0x1802bd88        0xc tSerialAdapter_tecsgen.o
                0x1802bd88                tSerialAdapter_SINGLE_CELL_INIB
                0x1802bd90                SerialAdapter_cSerialPort
 .rodata        0x1802bd94       0x10 tSysLog_tecsgen.o
                0x1802bd94                tSysLog_SINGLE_CELL_INIB
 .rodata        0x1802bda4        0x8 tLogTaskMain_tecsgen.o
                0x1802bda4                tLogTaskMain_SINGLE_CELL_INIB
 .rodata        0x1802bdac        0x8 tBannerMain_tecsgen.o
                0x1802bdac                tBannerMain_SINGLE_CELL_INIB
 .rodata.str1.4
                0x1802bdb4        0x9 tBannerMain_tecsgen.o
                                  0xd (size before relaxing)
 *fill*         0x1802bdbd        0x3 
 .rodata        0x1802bdc0       0x20 tSCIF_tecsgen.o
                0x1802bdc0                tSCIF_INIB_tab
                0x1802bdc8                SIOPortTarget1_SCIF_eiTxISR_des
                0x1802bdd0                SIOPortTarget1_SCIF_eiRxISR_des
                0x1802bdd8                tSCIF_eiTxISR_MT_
                0x1802bddc                tSCIF_eiRxISR_MT_
 .rodata.str1.4
                0x1802bde0       0x39 tLogTaskMain.o
 *fill*         0x1802be19        0x3 
 .rodata        0x1802be1c      0x15b tBannerMain.o
 *fill*         0x1802bf77        0x1 
 .rodata.str1.4
                0x1802bf78       0x2b tSCIF.o
 *fill*         0x1802bfa3        0x1 
 .rodata.str1.4
                0x1802bfa4       0x31 assert.o
 *fill*         0x1802bfd5        0x3 
 .rodata.str1.4
                0x1802bfd8       0x66 pinmap_common.o
 *fill*         0x1802c03e        0x2 
 .rodata        0x1802c040       0x1c us_ticker_api.o
 .rodata        0x1802c05c        0x8 gic.o
                0x1802c05c                GICInterface_BASE
                0x1802c060                GICDistributor_BASE
 .rodata        0x1802c064       0x8c analogin_api.o
 .rodata.str1.4
                0x1802c0f0       0x58 analogin_api.o
 .rodata        0x1802c148      0x434 can_api.o
 .rodata.str1.4
                0x1802c57c       0x4f can_api.o
 *fill*         0x1802c5cb        0x1 
 .rodata        0x1802c5cc      0x2e4 gpio_irq_api.o
 .rodata        0x1802c8b0       0x60 i2c_api.o
 .rodata.str1.4
                0x1802c910       0x50 i2c_api.o
 .rodata        0x1802c960      0x420 pinmap.o
 .rodata        0x1802cd80      0x358 pwmout_api.o
 .rodata.str1.4
                0x1802d0d8       0x53 pwmout_api.o
 *fill*         0x1802d12b        0x1 
 .rodata        0x1802d12c      0x2a0 serial_api.o
 .rodata.str1.4
                0x1802d3cc      0x120 serial_api.o
 .rodata        0x1802d4ec      0x104 spi_api.o
 .rodata.str1.4
                0x1802d5f0       0xb7 spi_api.o
 *fill*         0x1802d6a7        0x1 
 .rodata.str1.4
                0x1802d6a8       0xe7 net_buf.o
 *fill*         0x1802d78f        0x1 
 .rodata        0x1802d790       0x11 net_subr.o
 *fill*         0x1802d7a1        0x3 
 .rodata        0x1802d7a4       0xb1 net_timer.o
 *fill*         0x1802d855        0x3 
 .rodata.str1.4
                0x1802d858       0x38 net_timer.o
 .rodata.str1.4
                0x1802d890      0x1b0 in_subr.o
 .rodata        0x1802da40        0x8 tinet_cfg.o
                0x1802da40                _tinet_tmax_tcp_cepid
                0x1802da44                _tinet_tmax_tcp_repid
 .rodata.str1.4
                0x1802da48       0x1e ip_input.o
 *fill*         0x1802da66        0x2 
 .rodata        0x1802da68       0x10 ip_icmp.o
 .rodata.str1.4
                0x1802da78       0x4d ip_icmp.o
 *fill*         0x1802dac5        0x3 
 .rodata        0x1802dac8        0x6 ethernet.o
                0x1802dac8                _tinet_ether_broad_cast_addr
 *fill*         0x1802dace        0x2 
 .rodata.str1.4
                0x1802dad0       0x47 ethernet.o
 *fill*         0x1802db17        0x1 
 .rodata.str1.4
                0x1802db18       0x3c if_ether.o
 .rodata.str1.4
                0x1802db54       0x66 tcp_input.o
 *fill*         0x1802dbba        0x2 
 .rodata        0x1802dbbc        0xb tcp_output.o
 *fill*         0x1802dbc7        0x1 
 .rodata.str1.4
                0x1802dbc8       0x19 tcp_output.o
                                 0x39 (size before relaxing)
 *fill*         0x1802dbe1        0x3 
 .rodata        0x1802dbe4        0xd tcp_timer.o
 *fill*         0x1802dbf1        0x3 
 .rodata.str1.4
                0x1802dbf4       0x3f tcp_subr.o
                                 0x5f (size before relaxing)
 *fill*         0x1802dc33        0x1 
 .rodata.str1.4
                0x1802dc34       0x1f tcp_subr_ncs.o
                                 0x3d (size before relaxing)
 *fill*         0x1802dc53        0x1 
 .rodata        0x1802dc54      0x628 kernel_cfg.o
                0x1802dc54                _kernel_exc_table
                0x1802dc6c                _kernel_intcfg_table
                0x1802deb8                _kernel_kmm
                0x1802debc                _kernel_kmmsz
                0x1802dec0                _kernel_istkpt
                0x1802dec4                _kernel_istk
                0x1802dec8                _kernel_istksz
                0x1802decc                _kernel_intinib_table
                0x1802df08                _kernel_tnum_cfg_intno
                0x1802df0c                _kernel_isrorder_table
                0x1802df18                _kernel_isrinib_table
                0x1802df54                _kernel_tmax_sisrid
                0x1802df58                _kernel_tmax_isrid
                0x1802df5c                _kernel_isr_queue_list
                0x1802df74                _kernel_tnum_isr_queue
                0x1802df78                _kernel_tmax_salmid
                0x1802df7c                _kernel_tmax_almid
                0x1802df80                _kernel_cycinib_table
                0x1802dfa8                _kernel_tmax_scycid
                0x1802dfac                _kernel_tmax_cycid
                0x1802dfb0                _kernel_mpfinib_table
                0x1802e03c                _kernel_tmax_smpfid
                0x1802e040                _kernel_tmax_mpfid
                0x1802e044                _kernel_tmax_smtxid
                0x1802e048                _kernel_tmax_mtxid
                0x1802e04c                _kernel_tmax_spdqid
                0x1802e050                _kernel_tmax_pdqid
                0x1802e054                _kernel_dtqinib_table
                0x1802e060                _kernel_tmax_sdtqid
                0x1802e064                _kernel_tmax_dtqid
                0x1802e068                _kernel_flginib_table
                0x1802e080                _kernel_tmax_sflgid
                0x1802e084                _kernel_tmax_flgid
                0x1802e088                _kernel_seminib_table
                0x1802e154                _kernel_tmax_ssemid
                0x1802e158                _kernel_tmax_semid
                0x1802e15c                _kernel_torder_table
                0x1802e184                _kernel_tinib_table
                0x1802e274                _kernel_tmax_stskid
                0x1802e278                _kernel_tmax_tskid
 .rodata        0x1802e27c        0x4 .\libkernel.a(target_kernel_impl.o)
                0x1802e27c                _kernel_arm_tnum_memory_area
 .rodata.str1.4
                0x1802e280       0x6b .\libkernel.a(chip_kernel_impl.o)
 *fill*         0x1802e2eb        0x1 
 .rodata.str1.4
                0x1802e2ec      0x22a .\libkernel.a(core_kernel_impl.o)
 *fill*         0x1802e516        0x2 
 .rodata.str1.4
                0x1802e518       0x67 .\libkernel.a(task.o)
 *fill*         0x1802e57f        0x1 
 .rodata.str1.4
                0x1802e580       0x36 .\libkernel.a(time_event.o)
 .rodata.str1.4
                0x1802e5b6       0x4b .\libkernel.a(task_manage.o)
 *fill*         0x1802e5b6        0x2 
 .rodata.str1.4
                0x1802e5b8       0x30 .\libkernel.a(task_sync.o)
 .rodata.str1.4
                0x1802e5e8       0x4b .\libkernel.a(semaphore.o)
 .rodata.str1.4
                0x1802e5e8       0x4b .\libkernel.a(eventflag.o)
 .rodata.str1.4
                0x1802e5e8       0x4b .\libkernel.a(dataqueue.o)
 .rodata.str1.4
                0x1802e5e8       0x4b .\libkernel.a(mempfix.o)
 .rodata.str1.4
                0x1802e5e8       0x4b .\libkernel.a(cyclic.o)
 .rodata.str1.4
                0x1802e5e8       0x4b .\libkernel.a(alarm.o)
 .rodata.str1.4
                0x1802e5e8       0x4b .\libkernel.a(interrupt.o)
 .rodata.str1.4
                0x1802e5e8       0x2c .\libkernel.a(wait.o)
                                 0xa7 (size before relaxing)
 .rodata        0x1802e614        0x4 c:/program files (x86)/kpit/gnuarm-nonev16.01-eabi/arm-none-eabi/arm-none-eabi/bin/../lib/gcc/arm-none-eabi/5.2-GNUARM-NONE_v16.01/../../../../arm-none-eabi/lib/armv7-ar/thumb/fpu\libc.a(lib_a-impure.o)
                0x1802e614                _global_impure_ptr
 .rodata.str1.1
                0x1802e618        0x2 c:/program files (x86)/kpit/gnuarm-nonev16.01-eabi/arm-none-eabi/arm-none-eabi/bin/../lib/gcc/arm-none-eabi/5.2-GNUARM-NONE_v16.01/../../../../arm-none-eabi/lib/armv7-ar/thumb/fpu\libc.a(lib_a-impure.o)
 *fill*         0x1802e61a        0x2 
 .rodata        0x1802e61c       0x60 c:/program files (x86)/kpit/gnuarm-nonev16.01-eabi/arm-none-eabi/arm-none-eabi/bin/../lib/gcc/arm-none-eabi/5.2-GNUARM-NONE_v16.01/../../../../arm-none-eabi/lib/armv7-ar/thumb/fpu\libc.a(lib_a-mktime.o)
 .rodata        0x1802e67c       0x60 c:/program files (x86)/kpit/gnuarm-nonev16.01-eabi/arm-none-eabi/arm-none-eabi/bin/../lib/gcc/arm-none-eabi/5.2-GNUARM-NONE_v16.01/../../../../arm-none-eabi/lib/armv7-ar/thumb/fpu\libc.a(lib_a-month_lengths.o)
                0x1802e67c                __month_lengths
 .rodata.str1.1
                0x1802e6dc        0x4 c:/program files (x86)/kpit/gnuarm-nonev16.01-eabi/arm-none-eabi/arm-none-eabi/bin/../lib/gcc/arm-none-eabi/5.2-GNUARM-NONE_v16.01/../../../../arm-none-eabi/lib/armv7-ar/thumb/fpu\libc.a(lib_a-syscalls.o)
 .rodata.str1.1
                0x1802e6e0       0x3c c:/program files (x86)/kpit/gnuarm-nonev16.01-eabi/arm-none-eabi/arm-none-eabi/bin/../lib/gcc/arm-none-eabi/5.2-GNUARM-NONE_v16.01/../../../../arm-none-eabi/lib/armv7-ar/thumb/fpu\libc.a(lib_a-tzset_r.o)
                                 0x4e (size before relaxing)
 .rodata.str1.1
                0x1802e71c        0x4 c:/program files (x86)/kpit/gnuarm-nonev16.01-eabi/arm-none-eabi/arm-none-eabi/bin/../lib/gcc/arm-none-eabi/5.2-GNUARM-NONE_v16.01/../../../../arm-none-eabi/lib/armv7-ar/thumb/fpu\libc.a(lib_a-tzvars.o)
 .rodata        0x1802e71c       0x20 c:/program files (x86)/kpit/gnuarm-nonev16.01-eabi/arm-none-eabi/arm-none-eabi/bin/../lib/gcc/arm-none-eabi/5.2-GNUARM-NONE_v16.01/../../../../arm-none-eabi/lib/armv7-ar/thumb/fpu\libc.a(lib_a-vfprintf.o)
 .rodata.str1.1
                0x1802e73c       0x34 c:/program files (x86)/kpit/gnuarm-nonev16.01-eabi/arm-none-eabi/arm-none-eabi/bin/../lib/gcc/arm-none-eabi/5.2-GNUARM-NONE_v16.01/../../../../arm-none-eabi/lib/armv7-ar/thumb/fpu\libc.a(lib_a-vfprintf.o)
 .rodata.str1.1
                0x1802e770        0xd c:/program files (x86)/kpit/gnuarm-nonev16.01-eabi/arm-none-eabi/arm-none-eabi/bin/../lib/gcc/arm-none-eabi/5.2-GNUARM-NONE_v16.01/../../../../arm-none-eabi/lib/armv7-ar/thumb/fpu\libc.a(lib_a-dtoa.o)
                                  0xf (size before relaxing)
 .rodata.str1.1
                0x1802e77d        0x8 c:/program files (x86)/kpit/gnuarm-nonev16.01-eabi/arm-none-eabi/arm-none-eabi/bin/../lib/gcc/arm-none-eabi/5.2-GNUARM-NONE_v16.01/../../../../arm-none-eabi/lib/armv7-ar/thumb/fpu\libc.a(lib_a-locale.o)
                                  0xb (size before relaxing)
 *fill*         0x1802e785        0x3 
 .rodata        0x1802e788      0x128 c:/program files (x86)/kpit/gnuarm-nonev16.01-eabi/arm-none-eabi/arm-none-eabi/bin/../lib/gcc/arm-none-eabi/5.2-GNUARM-NONE_v16.01/../../../../arm-none-eabi/lib/armv7-ar/thumb/fpu\libc.a(lib_a-mprec.o)
                0x1802e798                __mprec_tens
                0x1802e860                __mprec_tinytens
                0x1802e888                __mprec_bigtens
 .rodata        0x1802e8b0       0x22 c:/program files (x86)/kpit/gnuarm-nonev16.01-eabi/arm-none-eabi/arm-none-eabi/bin/../lib/gcc/arm-none-eabi/5.2-GNUARM-NONE_v16.01/../../../../arm-none-eabi/lib/armv7-ar/thumb/fpu\libc.a(lib_a-svfiscanf.o)
 .rodata        0x1802e8d2       0x20 c:/program files (x86)/kpit/gnuarm-nonev16.01-eabi/arm-none-eabi/arm-none-eabi/bin/../lib/gcc/arm-none-eabi/5.2-GNUARM-NONE_v16.01/../../../../arm-none-eabi/lib/armv7-ar/thumb/fpu\libc.a(lib_a-vfiprintf.o)
 .rodata.str1.1
                0x1802e8f2       0x22 c:/program files (x86)/kpit/gnuarm-nonev16.01-eabi/arm-none-eabi/arm-none-eabi/bin/../lib/gcc/arm-none-eabi/5.2-GNUARM-NONE_v16.01/../../../../arm-none-eabi/lib/armv7-ar/thumb/fpu\libc.a(lib_a-vfiprintf.o)
 .rodata        0x1802e8f2      0x101 c:/program files (x86)/kpit/gnuarm-nonev16.01-eabi/arm-none-eabi/arm-none-eabi/bin/../lib/gcc/arm-none-eabi/5.2-GNUARM-NONE_v16.01/../../../../arm-none-eabi/lib/armv7-ar/thumb/fpu\libc.a(lib_a-ctype_.o)
                0x1802e8f2                _ctype_
 .rodata.str1.1
                0x1802e9f3        0x1 c:/program files (x86)/kpit/gnuarm-nonev16.01-eabi/arm-none-eabi/arm-none-eabi/bin/../lib/gcc/arm-none-eabi/5.2-GNUARM-NONE_v16.01/../../../../arm-none-eabi/lib/armv7-ar/thumb/fpu\libc.a(lib_a-mbrtowc.o)
                0x1802e9f4                Image$$RO_DATA$$Limit = .
 *(.eh_frame*)

.glue_7         0x1802e9f4        0x0
 .glue_7        0x1802e9f4        0x0 linker stubs

.glue_7t        0x1802e9f4        0x0
 .glue_7t       0x1802e9f4        0x0 linker stubs

.vfp11_veneer   0x1802e9f4        0x0
 .vfp11_veneer  0x1802e9f4        0x0 linker stubs

.v4_bx          0x1802e9f4        0x0
 .v4_bx         0x1802e9f4        0x0 linker stubs

.iplt           0x1802e9f4        0x0
 .iplt          0x1802e9f4        0x0 startup_RZ1AH.o

.ARM.extab      0x1802e9f3        0x0
 *(.ARM.extab* .gnu.linkonce.armextab.*)
 .ARM.extab     0x1802e9f3        0x0 c:/program files (x86)/kpit/gnuarm-nonev16.01-eabi/arm-none-eabi/arm-none-eabi/bin/../lib/gcc/arm-none-eabi/5.2-GNUARM-NONE_v16.01/armv7-ar/thumb/fpu\libgcc.a(_udivmoddi4.o)
                0x1802e9f3                __exidx_start = .

.vector         0x1802ea00       0x3c
 .vector        0x1802ea00       0x3c .\libkernel.a(core_support.o)
                0x1802ea00                vector_table
                0x1802ea20                vector_ref_table

.ARM.exidx      0x1802ea3c        0x8
 *(.ARM.exidx* .gnu.linkonce.armexidx.*)
 .ARM.exidx     0x1802ea3c        0x8 c:/program files (x86)/kpit/gnuarm-nonev16.01-eabi/arm-none-eabi/arm-none-eabi/bin/../lib/gcc/arm-none-eabi/5.2-GNUARM-NONE_v16.01/armv7-ar/thumb/fpu\libgcc.a(_udivmoddi4.o)
                0x1802ea44                __exidx_end = .

.rel.dyn        0x1802ea44        0x0
 .rel.iplt      0x1802ea44        0x0 startup_RZ1AH.o

.copy.table     0x1802ea44       0x18
                0x1802ea44                . = ALIGN (0x4)
                0x1802ea44                __copy_table_start__ = .
                0x1802ea44        0x4 LONG 0x1802ea6c __etext
                0x1802ea48        0x4 LONG 0x20020000 __data_start__
                0x1802ea4c        0x4 LONG 0x14fc (__data_end__ - __data_start__)
                0x1802ea50        0x4 LONG 0x1802ff68 __etext2
                0x1802ea54        0x4 LONG 0x20900000 __nc_data_start
                0x1802ea58        0x4 LONG 0x0 (__nc_data_end - __nc_data_start)
                0x1802ea5c                __copy_table_end__ = .

.zero.table     0x1802ea5c       0x10
                0x1802ea5c                . = ALIGN (0x4)
                0x1802ea5c                __zero_table_start__ = .
                0x1802ea5c        0x4 LONG 0x20021800 __bss_start__
                0x1802ea60        0x4 LONG 0x23cac (__bss_end__ - __bss_start__)
                0x1802ea64        0x4 LONG 0x20900000 __nc_bss_start
                0x1802ea68        0x4 LONG 0xca00 (__nc_bss_end - __nc_bss_start)
                0x1802ea6c                __zero_table_end__ = .
                0x1802ea6c                __etext = .

.ttb            0x20000000     0x4000
                0x20000000                Image$$TTB$$ZI$$Base = .
                0x20004000                . = (. + 0x4000)
 *fill*         0x20000000     0x4000 
                0x20004000                Image$$TTB$$ZI$$Limit = .

.data           0x20020000     0x14fc load address 0x1802ea6c
                0x20020000                Image$$RW_DATA$$Base = .
                0x20020000                __data_start__ = .
 *(vtable)
 *(.data*)
 .data          0x20020000        0x0 startup_RZ1AH.o
 .data          0x20020000        0x0 sample1n.o
 .data          0x20020000        0x0 sample1.o
 .data          0x20020000        0x0 log_output.o
 .data          0x20020000        0x0 vasyslog.o
 .data          0x20020000        0x0 t_perror.o
 .data          0x20020000        0x0 strerror.o
 .data          0x20020000        0x0 cache.o
 .data          0x20020000        0x0 init_tecs.o
 .data          0x20020000        0x0 tTask_tecsgen.o
 .data          0x20020000        0x0 tSemaphore_tecsgen.o
 .data          0x20020000        0x0 tInterruptRequest_tecsgen.o
 .data          0x20020000        0x0 tISR_tecsgen.o
 .data          0x20020000        0x0 tInitializeRoutine_tecsgen.o
 .data          0x20020000        0x0 tTerminateRoutine_tecsgen.o
 .data          0x20020000        0x0 tSerialPortMain_tecsgen.o
 .data          0x20020000        0x0 tSerialAdapter_tecsgen.o
 .data          0x20020000        0x0 tSysLog_tecsgen.o
 .data          0x20020000        0x0 tSysLogAdapter_tecsgen.o