Archive member included to satisfy reference by file (symbol)

.\libkernel.a(core_support.o)
                              startup_RZ1AH.o (_kernel_undef_handler)
.\libkernel.a(target_kernel_impl.o)
                              us_ticker_api.o (us_ticker_init)
.\libkernel.a(chip_kernel_impl.o)
                              .\libkernel.a(target_kernel_impl.o) (_kernel_chip_terminate)
.\libkernel.a(gic_kernel_impl.o)
                              .\libkernel.a(chip_kernel_impl.o) (_kernel_gicc_initialize)
.\libkernel.a(chip_timer.o)   kernel_cfg.o (_kernel_target_hrt_initialize)
.\libkernel.a(core_kernel_impl.o)
                              .\libkernel.a(chip_kernel_impl.o) (_kernel_core_initialize)
.\libkernel.a(arm.o)          .\libkernel.a(chip_kernel_impl.o) (arm_enable_icache)
.\libkernel.a(startup.o)      sample1.o (ext_ker)
.\libkernel.a(task.o)         .\libkernel.a(core_support.o) (_kernel_p_schedtsk)
.\libkernel.a(taskhook.o)     .\libkernel.a(task.o) (_kernel_mtxhook_release_all)
.\libkernel.a(time_event.o)   .\libkernel.a(startup.o) (_kernel_initialize_tmevt)
.\libkernel.a(task_manage.o)  sample1.o (acre_tsk)
.\libkernel.a(task_sync.o)    sample1.o (slp_tsk)
.\libkernel.a(task_term.o)    sample1.o (ext_tsk)
.\libkernel.a(semaphore.o)    kernel_cfg.o (_kernel_initialize_semaphore)
.\libkernel.a(eventflag.o)    kernel_cfg.o (_kernel_initialize_eventflag)
.\libkernel.a(dataqueue.o)    kernel_cfg.o (_kernel_initialize_dataqueue)
.\libkernel.a(mempfix.o)      kernel_cfg.o (_kernel_initialize_mempfix)
.\libkernel.a(time_manage.o)  sample1.o (get_tim)
.\libkernel.a(cyclic.o)       kernel_cfg.o (_kernel_initialize_cyclic)
.\libkernel.a(alarm.o)        kernel_cfg.o (_kernel_initialize_alarm)
.\libkernel.a(sys_manage.o)   sample1.o (rot_rdq)
.\libkernel.a(interrupt.o)    kernel_cfg.o (_kernel_initialize_isr)
.\libkernel.a(exception.o)    sample1.o (xsns_dpn)
.\libkernel.a(gic_support.o)  .\libkernel.a(core_support.o) (_kernel_irc_begin_int)
.\libkernel.a(wait.o)         .\libkernel.a(task_sync.o) (_kernel_make_wait_tmout)
c:/program files (x86)/kpit/gnuarm-nonev16.01-eabi/arm-none-eabi/arm-none-eabi/bin/../lib/gcc/arm-none-eabi/5.2-GNUARM-NONE_v16.01/../../../../arm-none-eabi/lib/armv7-ar/thumb/fpu\libc.a(lib_a-exit.o)
                              error.o (exit)
c:/program files (x86)/kpit/gnuarm-nonev16.01-eabi/arm-none-eabi/arm-none-eabi/bin/../lib/gcc/arm-none-eabi/5.2-GNUARM-NONE_v16.01/../../../../arm-none-eabi/lib/armv7-ar/thumb/fpu\libc.a(lib_a-impure.o)
                              c:/program files (x86)/kpit/gnuarm-nonev16.01-eabi/arm-none-eabi/arm-none-eabi/bin/../lib/gcc/arm-none-eabi/5.2-GNUARM-NONE_v16.01/../../../../arm-none-eabi/lib/armv7-ar/thumb/fpu\libc.a(lib_a-exit.o) (_global_impure_ptr)
c:/program files (x86)/kpit/gnuarm-nonev16.01-eabi/arm-none-eabi/arm-none-eabi/bin/../lib/gcc/arm-none-eabi/5.2-GNUARM-NONE_v16.01/../../../../arm-none-eabi/lib/armv7-ar/thumb/fpu\libc.a(lib_a-lcltime.o)
                              rtc_api.o (localtime)
c:/program files (x86)/kpit/gnuarm-nonev16.01-eabi/arm-none-eabi/arm-none-eabi/bin/../lib/gcc/arm-none-eabi/5.2-GNUARM-NONE_v16.01/../../../../arm-none-eabi/lib/armv7-ar/thumb/fpu\libc.a(lib_a-lcltime_r.o)
                              c:/program files (x86)/kpit/gnuarm-nonev16.01-eabi/arm-none-eabi/arm-none-eabi/bin/../lib/gcc/arm-none-eabi/5.2-GNUARM-NONE_v16.01/../../../../arm-none-eabi/lib/armv7-ar/thumb/fpu\libc.a(lib_a-lcltime.o) (localtime_r)
c:/program files (x86)/kpit/gnuarm-nonev16.01-eabi/arm-none-eabi/arm-none-eabi/bin/../lib/gcc/arm-none-eabi/5.2-GNUARM-NONE_v16.01/../../../../arm-none-eabi/lib/armv7-ar/thumb/fpu\libc.a(lib_a-memcmp.o)
                              if_ether.o (memcmp)
c:/program files (x86)/kpit/gnuarm-nonev16.01-eabi/arm-none-eabi/arm-none-eabi/bin/../lib/gcc/arm-none-eabi/5.2-GNUARM-NONE_v16.01/../../../../arm-none-eabi/lib/armv7-ar/thumb/fpu\libc.a(lib_a-memcpy-stub.o)
                              can_api.o (memcpy)
c:/program files (x86)/kpit/gnuarm-nonev16.01-eabi/arm-none-eabi/arm-none-eabi/bin/../lib/gcc/arm-none-eabi/5.2-GNUARM-NONE_v16.01/../../../../arm-none-eabi/lib/armv7-ar/thumb/fpu\libc.a(lib_a-memmove.o)
                              ip_input.o (memmove)
c:/program files (x86)/kpit/gnuarm-nonev16.01-eabi/arm-none-eabi/arm-none-eabi/bin/../lib/gcc/arm-none-eabi/5.2-GNUARM-NONE_v16.01/../../../../arm-none-eabi/lib/armv7-ar/thumb/fpu\libc.a(lib_a-memset.o)
                              ethernet_api.o (memset)
c:/program files (x86)/kpit/gnuarm-nonev16.01-eabi/arm-none-eabi/arm-none-eabi/bin/../lib/gcc/arm-none-eabi/5.2-GNUARM-NONE_v16.01/../../../../arm-none-eabi/lib/armv7-ar/thumb/fpu\libc.a(lib_a-mktime.o)
                              rtc_api.o (mktime)
[...]
Memory Configuration

Name             Origin             Length             Attributes
ROM              0x00000000         0x02000000         xr
BOOT_LOADER      0x18000000         0x00004000         xr
SFLASH           0x18004000         0x07ffc000         xr
L_TTB            0x20000000         0x00004000         rw
RAM              0x20020000         0x00700000         xrw
RAM_NC           0x20900000         0x00100000         xrw
*default*        0x00000000         0xffffffff

Linker script and memory map

LOAD startup_RZ1AH.o
LOAD sample1n.o
LOAD sample1.o
LOAD log_output.o
LOAD vasyslog.o
LOAD t_perror.o
LOAD strerror.o
LOAD cache.o
LOAD init_tecs.o
LOAD tTask_tecsgen.o
LOAD tSemaphore_tecsgen.o
LOAD tInterruptRequest_tecsgen.o
LOAD tISR_tecsgen.o
LOAD tInitializeRoutine_tecsgen.o
LOAD tTerminateRoutine_tecsgen.o
LOAD tSerialPortMain_tecsgen.o
LOAD tSerialAdapter_tecsgen.o
LOAD tSysLog_tecsgen.o
LOAD tSysLogAdapter_tecsgen.o
LOAD tLogTaskMain_tecsgen.o
LOAD tBannerMain_tecsgen.o
LOAD tPutLogGRPeach_tecsgen.o
LOAD tSCIF_tecsgen.o
LOAD tSIOPortGRPeachMain_tecsgen.o
LOAD tTask.o
LOAD tISR.o
LOAD tInitializeRoutine.o
LOAD tTerminateRoutine.o
LOAD tSerialPortMain.o
LOAD tSerialAdapter.o
LOAD tSysLog.o
LOAD tSysLogAdapter.o
LOAD tLogTaskMain.o
LOAD tBannerMain.o
LOAD tPutLogGRPeach.o
LOAD tSCIF.o
LOAD assert.o
LOAD board.o
LOAD error.o
LOAD gpio.o
LOAD lp_ticker_api.o
LOAD mbed_interface.o
LOAD pinmap_common.o
LOAD rtc_time.o
LOAD semihost_api.o
LOAD ticker_api.o
LOAD us_ticker_api.o
LOAD RZ_A1_Init.o
LOAD cmsis_nvic.o
LOAD gic.o
LOAD mbed_sf_boot.o
LOAD mmu_Renesas_RZ_A1.o
LOAD nvic_wrapper.o
LOAD pl310.o
LOAD rza_io_regrw.o
LOAD system_MBRZA1H.o
LOAD analogin_api.o
LOAD can_api.o
LOAD ethernet_api.o
LOAD gpio_api.o
LOAD gpio_irq_api.o
LOAD i2c_api.o
LOAD pinmap.o
LOAD port_api.o
LOAD pwmout_api.o
LOAD rtc_api.o
LOAD serial_api.o
LOAD spi_api.o
LOAD net_buf.o
LOAD net_count.o
LOAD net_subr.o
LOAD net_timer.o
LOAD in_subr.o
LOAD tinet_cfg.o
LOAD route_cfg.o
LOAD ip_input.o
LOAD ip_output.o
LOAD ip_icmp.o
LOAD tinet_target_config.o
LOAD if.o
LOAD ethernet.o
LOAD if_ether.o
LOAD if_mbed.o
LOAD tcp_input.o
LOAD tcp_output.o
LOAD tcp_timer.o
LOAD tcp_subr.o
LOAD tcp_subr_cs.o
LOAD tcp_subr_ncs.o
LOAD tcp_usrreq.o
LOAD kernel_cfg.o
LOAD .\libkernel.a
LOAD c:/program files (x86)/kpit/gnuarm-nonev16.01-eabi/arm-none-eabi/arm-none-eabi/bin/../lib/gcc/arm-none-eabi/5.2-GNUARM-NONE_v16.01/../../../../arm-none-eabi/lib/armv7-ar/thumb/fpu\libc.a
LOAD c:/program files (x86)/kpit/gnuarm-nonev16.01-eabi/arm-none-eabi/arm-none-eabi/bin/../lib/gcc/arm-none-eabi/5.2-GNUARM-NONE_v16.01/armv7-ar/thumb/fpu\libgcc.a
                [!provide]                PROVIDE (hardware_init_hook, 0x0)
                [!provide]                PROVIDE (software_init_hook, 0x0)
                0x00000000                PROVIDE (software_term_hook, 0x0)
                0x2002027c                PROVIDE (IRQTable, _kernel_inh_table)
                0x200453b0                PROVIDE (IRQNestLevel, _kernel_excpt_nest_count)

.boot           0x18000000     0x3100
 *(.boot_loader)
 .boot_loader   0x18000000     0x3100 mbed_sf_boot.o
                0x18000000                boot_loader

.text           0x18004000    0x29ec3
                0x18004000                Image$$VECTORS$$Base = .
 *(RESET)
                0x18004000                Image$$VECTORS$$Limit = .
                0x18004400                . = (. + 0x400)
 *fill*         0x18004000      0x400 
 *(.isr_vector)
 .isr_vector    0x18004400       0x40 startup_RZ1AH.o
                0x18004400                __isr_vector
 *(SVC_TABLE)
 *(.text*)
 .text          0x18004440      0x36c startup_RZ1AH.o
                0x18004440                Reset_Handler
                0x180045a0                Undef_Handler
                0x18004618                PAbt_Handler
                0x18004654                DAbt_Handler
                0x18004694                FIQ_Handler
                0x18004698                IRQ_Handler
                0x18004774                SVC_Handler
                0x18004776                __user_initial_stackheap
 .text          0x180047ac      0xd98 sample1n.o
                0x180047ac                callback_nblk_tcp
                0x18004838                disconnecting
                0x180048dc                flush_snd_buff
                0x1800493c                put_char
                0x18004a1c                get_char_raw
                0x18004ae4                get_char
                0x18004b6c                net_serial_rea_dat
                0x18004c9c                net_serial_ctl_por
                0x18004cb4                put_num
                0x18004fb0                net_syslog
 .text          0x18005544     0x1384 sample1.o
                0x18005544                task
                0x180058fc                alarm_handler
                0x1800599c                intno1_isr
                0x18005a5c                cpuexc_handler
                0x18005bd8                cyclic_handler
                0x18005c78                exc_task
                0x18005cc0                main_task
 .text          0x180068c8      0x3c4 log_output.o
                0x180069dc                syslog_printf
                0x18006c10                syslog_print
                0x18006c58                syslog_lostmsg
 .text          0x18006c8c      0x258 vasyslog.o
                0x18006c8c                syslog
 .text          0x18006ee4       0x64 t_perror.o
                0x18006ee4                t_perror
 .text          0x18006f48      0x254 strerror.o
                0x18006f48                itron_strerror
 .text          0x1800719c       0xb4 cache.o
                0x1800719c                __v7_all_cache
 .text          0x18007250       0x14 init_tecs.o
                0x18007250                initialize_tecs
 .text          0x18007264        0x0 tTask_tecsgen.o
 .text          0x18007264        0x0 tSemaphore_tecsgen.o
 .text          0x18007264        0x0 tInterruptRequest_tecsgen.o
 .text          0x18007264        0x0 tISR_tecsgen.o
 .text          0x18007264        0x0 tInitializeRoutine_tecsgen.o
 .text          0x18007264        0x0 tTerminateRoutine_tecsgen.o
 .text          0x18007264       0xac tSerialPortMain_tecsgen.o
                0x18007264                tSerialPortMain_eSerialPort_open_skel
                0x18007274                tSerialPortMain_eSerialPort_close_skel
                0x18007284                tSerialPortMain_eSerialPort_read_skel
                0x18007294                tSerialPortMain_eSerialPort_write_skel
                0x180072a4                tSerialPortMain_eSerialPort_control_skel
                0x180072b4                tSerialPortMain_eSerialPort_refer_skel
                0x180072c4                tSerialPortMain_CB_initialize
 .text          0x18007310        0x0 tSerialAdapter_tecsgen.o
 .text          0x18007310       0x3c tSysLog_tecsgen.o
                0x18007310                tSysLog_CB_initialize
 .text          0x1800734c        0x0 tSysLogAdapter_tecsgen.o
 .text          0x1800734c        0x0 tLogTaskMain_tecsgen.o
 .text          0x1800734c        0x0 tBannerMain_tecsgen.o
 .text          0x1800734c        0x0 tPutLogGRPeach_tecsgen.o
 .text          0x1800734c       0x68 tSCIF_tecsgen.o
                0x1800734c                tSCIF_eiRxISR_main_skel
                0x1800735c                tSCIF_eiTxISR_main_skel
                0x1800736c                tSCIF_CB_initialize
 .text          0x180073b4        0x0 tSIOPortGRPeachMain_tecsgen.o
 .text          0x180073b4        0xc tTask.o
                0x180073b4                tTask_start
 .text          0x180073c0       0x18 tISR.o
                0x180073c0                tISR_start
 .text          0x180073d8        0xc tInitializeRoutine.o
                0x180073d8                tInitializeRoutine_start
 .text          0x180073e4        0xc tTerminateRoutine.o
                0x180073e4                tTerminateRoutine_start
 .text          0x180073f0      0xabc tSerialPortMain.o
                0x18007650                tSerialPortMain_eSerialPort_open
                0x1800775c                tSerialPortMain_eSerialPort_close
                0x18007850                tSerialPortMain_eSerialPort_write
                0x18007944                tSerialPortMain_eSerialPort_read
                0x18007ac0                tSerialPortMain_eSerialPort_control
                0x18007b10                tSerialPortMain_eSerialPort_refer
                0x18007b6c                tSerialPortMain_eiSIOCBR_readySend
                0x18007c40                tSerialPortMain_eiSIOCBR_readyReceive
                0x18007e40                tSerialPortMain_enSerialPortManage_getChar
 .text          0x18007eac      0x2b8 tSerialAdapter.o
                0x18007eac                serial_opn_por
                0x18007f18                serial_cls_por
                0x18007f84                serial_rea_dat
                0x18008000                serial_wri_dat
                0x1800807c                serial_ctl_por
                0x180080f0                serial_ref_por
 .text          0x18008164      0x320 tSysLog.o
                0x18008170                tSysLog_eSysLog_write
                0x180082cc                tSysLog_eSysLog_read
                0x18008384                tSysLog_eSysLog_mask
                0x180083b8                tSysLog_eSysLog_refer
                0x18008404                tSysLog_eSysLog_flush
 .text          0x18008484       0x3c tSysLogAdapter.o
                0x18008484                syslog_wri_log
                0x18008490                syslog_rea_log
                0x1800849c                syslog_msk_log
                0x180084a8                syslog_ref_log
                0x180084b4                syslog_fls_log
 .text          0x180084c0      0x25c tLogTaskMain.o
                0x180084f4                tLogTaskMain_eLogTask_flush
                0x180085ac                tLogTaskMain_eLogTaskBody_main
                0x18008660                tLogTaskMain_eLogTaskTerminate_main
 .text          0x1800871c       0x5c tBannerMain.o
                0x1800871c                tBannerMain_eBannerInitialize_main
 .text          0x18008778       0x7c tPutLogGRPeach.o
                0x18008778                tPutLogGRPeach_initialize
                0x180087a4                tPutLogGRPeach_ePutLog_putChar
 .text          0x180087f4      0x384 tSCIF.o
                0x180087f4                tSCIF_eSIOPort_open
                0x18008940                tSCIF_eSIOPort_close
                0x18008954                tSCIF_eSIOPort_putChar
                0x1800898c                tSCIF_eSIOPort_getChar
                0x18008a6c                tSCIF_eSIOPort_enableCBR
                0x18008a98                tSCIF_eSIOPort_disableCBR
                0x18008ae0                tSCIF_eiRxISR_main
                0x18008b48                tSCIF_eiTxISR_main
 .text          0x18008b78       0x28 assert.o
                0x18008b78                mbed_assert_internal
 .text          0x18008ba0       0xd8 board.o
                0x18008ba0                mbed_die
 .text          0x18008c78       0x34 error.o
                0x18008c78                error
 .text          0x18008cac      0x15c gpio.o
                0x18008cac                gpio_init_in_ex
                0x18008ce4                gpio_init_in
                0x18008cf4                gpio_init_out_ex
                0x18008d48                gpio_init_out
                0x18008d58                gpio_init_inout
 .text          0x18008e08        0x0 lp_ticker_api.o
 .text          0x18008e08       0x2c mbed_interface.o
                0x18008e08                mbed_mac_address
 .text          0x18008e34      0x170 pinmap_common.o
                0x18008e34                pinmap_pinout
                0x18008e94                pinmap_merge
                0x18008ecc                pinmap_find_peripheral
                0x18008f00                pinmap_peripheral
                0x18008f38                pinmap_find_function
                0x18008f6c                pinmap_function
 .text          0x18008fa4       0xdc rtc_time.o
                0x18008fa4                set_time
                0x18008fe4                time
                0x1800903c                clock
                0x18009058                attach_rtc
 .text          0x18009080        0x0 semihost_api.o
 .text          0x18009080      0x1f4 ticker_api.o
                0x18009080                ticker_set_handler
                0x180090a4                ticker_irq_handler
                0x1800913c                ticker_insert_event
                0x180091b4                ticker_remove_event
                0x18009234                ticker_read
                0x18009248                ticker_get_next_timestamp
 .text          0x18009274       0x20 us_ticker_api.o
                0x18009274                get_us_ticker_data
                0x18009280                us_ticker_irq_handler
 .text          0x18009294       0x4c RZ_A1_Init.o
                0x18009294                RZ_A1_SetSramWriteEnable
                0x180092a8                RZ_A1_InitClock
                0x180092d4                RZ_A1_IsClockMode0
                0x180092dc                RZ_A1_InitBus
 .text          0x180092e0       0x1c cmsis_nvic.o
                0x180092e0                NVIC_SetVector
                0x180092ec                NVIC_GetVector
 .text          0x180092fc      0x554 gic.o
                0x180092fc                GIC_EnableDistributor
                0x18009314                GIC_DisableDistributor
                0x1800932c                GIC_DistributorInfo
                0x1800933c                GIC_DistributorImplementer
                0x1800934c                GIC_SetTarget
                0x18009370                GIC_SetICDICFR
                0x180093b8                GIC_GetTarget
                0x180093dc                GIC_EnableInterface
                0x180093f4                GIC_DisableInterface
                0x1800940c                GIC_AcknowledgePending
                0x18009420                GIC_EndInterrupt
                0x18009430                GIC_EnableIRQ
                0x18009454                GIC_DisableIRQ
                0x18009478                GIC_SetPendingIRQ
                0x1800949c                GIC_ClearPendingIRQ
                0x180094c0                GIC_SetLevelModel
                0x1800950c                GIC_SetPriority
                0x18009530                GIC_GetPriority
                0x18009550                GIC_InterfacePriorityMask
                0x18009564                GIC_SetBinaryPoint
                0x18009578                GIC_GetBinaryPoint
                0x18009588                GIC_GetIRQStatus
                0x180095c0                GIC_SendSGI
                0x180095e8                GIC_DistInit
                0x180097dc                GIC_CPUInterfaceInit
                0x18009840                GIC_Enable
 .text          0x18009850        0x0 mbed_sf_boot.o
 .text          0x18009850     0x1e2c mmu_Renesas_RZ_A1.o
                0x18009914                create_translation_table
 .text          0x1800b67c      0x180 nvic_wrapper.o
                0x1800b67c                NVIC_SetPriorityGrouping
                0x1800b688                NVIC_GetPriorityGrouping
                0x1800b698                NVIC_EnableIRQ
                0x1800b6a4                NVIC_DisableIRQ
                0x1800b6b0                NVIC_GetPendingIRQ
                0x1800b6c0                NVIC_SetPendingIRQ
                0x1800b6cc                NVIC_ClearPendingIRQ
                0x1800b6d8                NVIC_GetActive
                0x1800b6e8                NVIC_SetPriority
                0x1800b6f8                NVIC_GetPriority
                0x1800b708                NVIC_EncodePriority
                0x1800b748                NVIC_DecodePriority
                0x1800b794                NVIC_SystemReset
                0x1800b7e0                SysTick_Config
                0x1800b7e8                ITM_SendChar
                0x1800b7ec                ITM_ReceiveChar
                0x1800b7f4                ITM_CheckChar
 .text          0x1800b7fc      0x128 pl310.o
                0x1800b7fc                PL310_Sync
                0x1800b80c                PL310_GetID
                0x1800b818                PL310_GetType
                0x1800b824                PL310_InvAllByWay
                0x1800b860                PL310_CleanInvAllByWay
                0x1800b89c                PL310_Enable
                0x1800b8d0                PL310_Disable
                0x1800b8e8                PL310_InvPa
                0x1800b8fc                PL310_CleanPa
                0x1800b910                PL310_CleanInvPa
 .text          0x1800b924       0x7c rza_io_regrw.o
                0x1800b924                RZA_IO_RegWrite_8
                0x1800b93c                RZA_IO_RegWrite_16
                0x1800b954                RZA_IO_RegWrite_32
                0x1800b968                RZA_IO_RegRead_8
                0x1800b97c                RZA_IO_RegRead_16
                0x1800b990                RZA_IO_RegRead_32
 .text          0x1800b9a0      0x2c4 system_MBRZA1H.o
                0x1800b9a0                InitMemorySubsystem
                0x1800ba24                InterruptHandlerRegister
                0x1800ba4c                InterruptHandlerUnregister
                0x1800ba78                SystemInit
                0x1800baa0                CDAbtHandler
                0x1800bad0                CPAbtHandler
                0x1800bb00                FPUEnable
                0x1800bbb4                CUndefHandler
 .text          0x1800bc64      0x1ec analogin_api.o
                0x1800bc64                analogin_init
                0x1800bcec                analogin_read_u16
                0x1800bd98                analogin_read
 .text          0x1800be50     0x10c0 can_api.o
                0x1800c5cc                can_irq_init
                0x1800c5e8                can_irq_free
                0x1800c604                can_irq_set
                0x1800c704                can_init
                0x1800c81c                can_free
                0x1800c834                can_frequency
                0x1800c884                can_reset
                0x1800c8b0                can_write
                0x1800ca00                can_read
                0x1800cb08                can_rderror
                0x1800cb28                can_tderror
                0x1800cb48                can_mode
                0x1800cda8                can_filter
                0x1800ce88                can_monitor
 .text          0x1800cf10      0xed0 ethernet_api.o
                0x1800d528                ethernetext_start_stop
                0x1800d598                ethernetext_chk_link_mode
                0x1800d620                ethernetext_set_link_mode
                0x1800d63c                ethernet_free
                0x1800d66c                ethernet_write
                0x1800d730                ethernet_send
                0x1800d808                ethernet_receive
                0x1800d970                ethernet_read
                0x1800d9f4                ethernet_address
                0x1800da08                ethernetext_init
                0x1800dc94                ethernet_link
                0x1800dcb4                ethernet_set_link
                0x1800dd38                ethernet_init
                0x1800dd74                INT_Ether
 .text          0x1800dde0      0x100 gpio_api.o
                0x1800dde0                gpio_set
                0x1800de00                gpio_init
                0x1800de78                gpio_mode
                0x1800de7c                gpio_dir
 .text          0x1800dee0      0x3d0 gpio_irq_api.o
                0x1800e04c                gpio_irq_init
                0x1800e140                gpio_irq_free
                0x1800e158                gpio_irq_set
                0x1800e244                gpio_irq_enable
                0x1800e28c                gpio_irq_disable
 .text          0x1800e2b0     0x1258 i2c_api.o
                0x1800e5e8                i2c_start
                0x1800e630                i2c_stop
                0x1800e654                i2c_frequency
                0x1800e8b8                i2c_init
                0x1800e9f0                i2c_read
                0x1800ee50                i2c_write
                0x1800f08c                i2c_reset
                0x1800f0ac                i2c_byte_read
                0x1800f164                i2c_byte_write
                0x1800f244                i2c_slave_mode
                0x1800f26c                i2c_slave_receive
                0x1800f2c4                i2c_slave_read
                0x1800f3ec                i2c_slave_write
                0x1800f4e8                i2c_slave_address
 .text          0x1800f508      0x224 pinmap.o
                0x1800f508                pin_function
                0x1800f728                pin_mode
 .text          0x1800f72c      0x124 port_api.o
                0x1800f72c                port_pin
                0x1800f734                port_mode
                0x1800f77c                port_dir
                0x1800f7c0                port_init
                0x1800f818                port_write
                0x1800f83c                port_read
 .text          0x1800f850      0xa2c pwmout_api.o
                0x1800f8d4                pwmout_write
                0x1800f9d8                pwmout_free
                0x1800f9ec                pwmout_read
                0x1800faa8                pwmout_period_us
                0x1800ff04                pwmout_init
                0x18010180                pwmout_period
                0x180101a0                pwmout_period_ms
                0x180101b4                pwmout_pulsewidth_us
                0x18010248                pwmout_pulsewidth
                0x18010268                pwmout_pulsewidth_ms
 .text          0x1801027c      0x59c rtc_api.o
                0x1801044c                rtc_init
                0x18010520                rtc_free
                0x180105ec                rtc_isenabled
                0x1801060c                rtc_read
                0x18010704                rtc_write
 .text          0x18010818      0xc90 serial_api.o
                0x18010a94                serial_free
                0x18010ab4                serial_baud
                0x18010d78                serial_format
                0x18010e4c                serial_init
                0x18011160                serial_irq_handler
                0x18011180                serial_irq_set
                0x180111ac                serial_readable
                0x180111c8                serial_getc
                0x18011280                serial_writable
                0x1801129c                serial_putc
                0x18011340                serial_clear
                0x18011390                serial_pinout_tx
                0x180113a4                serial_break_set
                0x180113e4                serial_break_clear
                0x1801141c                serial_set_flow_control
 .text          0x180114a8      0x48c spi_api.o
                0x180114a8                spi_init
                0x18011684                spi_free
                0x18011688                spi_format
                0x18011760                spi_frequency
                0x18011830                spi_master_write
                0x18011898                spi_slave_read
                0x180118cc                spi_slave_write
                0x18011900                spi_busy
                0x18011908                spi_slave_receive
 .text          0x18011934      0x4d0 net_buf.o
                0x18011bb0                _tinet_nbuf_get_tbl
                0x18011bbc                _tinet_nbuf_get_tbl_size
                0x18011bc4                _tinet_tget_net_buf_ex
                0x18011cb0                _tinet_tget_net_buf
                0x18011cdc                _tinet_rel_net_buf
                0x18011d64                _tinet_rus_net_buf
                0x18011db4                _tinet_net_buf_siz
                0x18011df4                _tinet_net_buf_max_siz
 .text          0x18011e04        0x0 net_count.o
 .text          0x18011e04      0x2b0 net_subr.o
                0x18011e04                _tinet_net_rand
                0x18011e30                _tinet_net_srand
                0x18011e48                _tinet_convert_hexdigit
                0x18011f08                mac2str
                0x1801204c                _tinet_rev_memcpy_word
                0x18012070                _tinet_rev_memcmp_word
 .text          0x180120b4      0x294 net_timer.o
                0x180120b4                _tinet_timeout
                0x18012150                _tinet_untimeout
                0x180121f0                net_timer_task
                0x180122d0                net_timer_handler
 .text          0x18012348      0xa84 in_subr.o
                0x18012348                in4_get_ifaddr
                0x18012358                ip2str
                0x18012450                _tinet_in4_set_header
                0x18012548                _tinet_in4_get_datagram
                0x18012604                _tinet_in4_is_dstaddr_accept
                0x1801267c                _tinet_in4_ifawithifp
                0x18012684                in4_add_ifaddr
                0x180126a4                in4_add_route
                0x180126f0                _tinet_in4_rtalloc
                0x1801276c                _tinet_in_rtinit
                0x180127c8                _tinet_in4_init
                0x180127e8                _tinet_in_rtnewentry
                0x18012908                _tinet_in4_rtredirect
                0x18012934                _tinet_in_rttimer
                0x180129f0                _tinet_in_cksum_sum
                0x18012a24                _tinet_in_cksum_carry
                0x18012a3c                _tinet_in4_cksum
                0x18012ac0                _tinet_in_cksum
                0x18012ae4                in_strtfn
 .text          0x18012dcc        0x0 tinet_cfg.o
 .text          0x18012dcc        0x0 route_cfg.o
 .text          0x18012dcc      0x84c ip_input.o
                0x180131f0                _tinet_ip_get_frag_queue
                0x180131fc                _tinet_ip_frag_timer
                0x18013288                _tinet_ip_init
                0x18013294                _tinet_ip_remove_options
                0x180132d8                _tinet_ip_input
 .text          0x18013618      0x338 ip_output.o
                0x18013618                _tinet_ip_output
 .text          0x18013950      0x4d8 ip_icmp.o
                0x18013b18                _tinet_icmp_input
                0x18013cc8                _tinet_icmp_error
 .text          0x18013e28        0x8 tinet_target_config.o
                0x18013e28                mbed_bus_init
                0x18013e2c                mbed_inter_init
 .text          0x18013e30       0x60 if.o
                0x18013e74                _tinet_ifinit
 .text          0x18013e90      0x36c ethernet.o
                0x18013e90                _tinet_ether_get_ifnet
                0x18013e9c                ether_set_link_up
                0x18013ec8                ether_set_link_down
                0x18013ef4                ether_set_link_callback
                0x18013f04                _tinet_ether_raw_output
                0x18013f68                _tinet_ether_output
                0x18014044                _tinet_ether_output_task
                0x180140f8                _tinet_ether_input_task
 .text          0x180141fc      0x6f8 if_ether.o
                0x180145c8                _tinet_arp_request
                0x180146f0                _tinet_arp_get_cache
                0x180146fc                _tinet_arp_input
                0x18014794                _tinet_arp_resolve
                0x180148a4                _tinet_arp_init
                0x180148c4                _tinet_ether_map_ipv4_multicast
 .text          0x180148f4      0x294 if_mbed.o
                0x1801494c                if_mbed_reset
                0x1801498c                if_mbed_get_softc
                0x18014998                if_mbed_watchdog
                0x180149a4                if_mbed_probe
                0x180149b0                if_mbed_init
                0x180149e4                if_mbed_phy_task
                0x18014a88                if_mbed_read
                0x18014b1c                if_mbed_start
                0x18014b58                if_mbed_eth_handler
 .text          0x18014b88     0x1b68 tcp_input.o
                0x18015ba4                _tinet_tcp_move_twcep
                0x18015d50                _tinet_tcp_input
 .text          0x180166f0      0x9c4 tcp_output.o
                0x18016ee0                tcp_output_task
 .text          0x180170b4      0x5a8 tcp_timer.o
                0x180170b4                _tinet_tcp_fast_timo
                0x18017254                _tinet_tcp_cancel_timers
                0x18017280                _tinet_tcp_range_set
                0x180172a8                _tinet_tcp_set_persist_timer
                0x18017550                _tinet_tcp_slow_timo
 .text          0x1801765c     0x1370 tcp_subr.o
                0x1801765c                _tinet_tcp_free_reassq
                0x180176b0                _tinet_tcp_alloc_auto_port
                0x180177b8                _tinet_tcp_alloc_port
                0x1801783c                _tinet_tcp_init
                0x1801786c                _tinet_tcp_init_iss
                0x180178c4                _tinet_tcp_close
                0x18017c70                _tinet_tcp_drop
                0x18017cb8                _tinet_tcp_set_header
                0x18017d08                _tinet_tcp_get_segment
                0x18017dcc                _tinet_tcp_respond
                0x18017f8c                _tinet_tcp_can_send_more
                0x18018098                _tinet_tcp_can_recv_more
                0x180181d8                _tinet_tcp_wait_rwbuf
                0x180182a4                _tinet_tcp_move_ra2rw
                0x18018334                _tinet_tcp_write_raque
                0x180185ec                _tinet_tcp_rexmt_val
                0x1801860c                _tinet_tcp_init_cep
                0x1801869c                _tinet_tcp_find_cep
                0x180187b0                _tinet_tcp_notify
                0x18018854                _tinet_tcp_lock_cep
 .text          0x180189cc        0x0 tcp_subr_cs.o
 .text          0x180189cc      0xa44 tcp_subr_ncs.o
                0x180189cc                _tinet_tcp_read_swbuf_ncs
                0x18018af8                _tinet_tcp_write_swbuf_ncs
                0x18018ba8                _tinet_tcp_drop_swbuf_ncs
                0x18018de4                _tinet_tcp_wait_swbuf_ncs
                0x18018e80                _tinet_tcp_get_swbuf_addr_ncs
                0x18018ed4                _tinet_tcp_send_swbuf_ncs
                0x18018f40                _tinet_tcp_is_swbuf_full_ncs
                0x18018f58                _tinet_tcp_drop_rwbuf_ncs
                0x18018f88                _tinet_tcp_read_rwbuf_ncs
                0x18019034                _tinet_tcp_get_rwbuf_addr_ncs
                0x18019080                _tinet_tcp_write_rwbuf_ncs
 .text          0x18019410     0x1120 tcp_usrreq.o
                0x18019680                tcp_acp_cep
                0x180197fc                tcp_con_cep
                0x18019a44                _tinet_tcp_user_closed
                0x18019ac0                tcp_cls_cep
                0x18019cb8                tcp_sht_cep
                0x18019d38                tcp_snd_dat
                0x18019ebc                tcp_get_buf
                0x18019fe0                tcp_snd_buf
                0x1801a098                tcp_rcv_dat
                0x1801a1ec                tcp_rcv_buf
                0x1801a308                tcp_rel_buf
                0x1801a3b4                tcp_can_cep
 .text          0x1801a530       0x98 kernel_cfg.o
                0x1801a530                _kernel_inthdr_37
                0x1801a544                _kernel_inthdr_231
                0x1801a558                _kernel_inthdr_232
                0x1801a56c                _kernel_initialize_object
                0x1801a598                _kernel_call_inirtn
                0x1801a5b0                _kernel_call_terrtn
 *fill*         0x1801a5c8       0x38 
 .text          0x1801a600      0x500 .\libkernel.a(core_support.o)
                0x1801a600                _kernel_dispatch
                0x1801a62c                _kernel_start_dispatch
                0x1801a654                _kernel_exit_and_dispatch
                0x1801a680                _kernel_call_exit_kernel
                0x1801a690                _kernel_start_r
                0x1801a6a8                _kernel_irq_handler
                0x1801a77c                _kernel_undef_handler
                0x1801a790                _kernel_svc_handler
                0x1801a7a4                _kernel_pabort_handler
                0x1801a7b8                _kernel_dabort_handler
                0x1801a818                _kernel_fiq_handler
                0x1801aa00                sil_dly_nse
 .text          0x1801ab00      0x410 .\libkernel.a(target_kernel_impl.o)
                0x1801ae00                _kernel_target_exit
                0x1801ae10                gr_peach_set_led
                0x1801ae58                _kernel_target_initialize
                0x1801ae78                us_ticker_init
                0x1801ae7c                us_ticker_read
                0x1801aea0                us_ticker_set_interrupt
                0x1801aea8                us_ticker_disable_interrupt
                0x1801aeac                us_ticker_clear_interrupt
                0x1801aeb0                wait_us
                0x1801aee0                wait
                0x1801aefc                wait_ms
 .text          0x1801af10      0x2f8 .\libkernel.a(chip_kernel_impl.o)
                0x1801af10                _kernel_chip_initialize
                0x1801af50                _kernel_chip_terminate
                0x1801af8c                _kernel_initialize_interrupt
 .text          0x1801b208      0x164 .\libkernel.a(gic_kernel_impl.o)
                0x1801b208                _kernel_gicc_initialize
                0x1801b238                _kernel_gicc_terminate
                0x1801b24c                _kernel_gicd_initialize
                0x1801b358                _kernel_gicd_terminate
 .text          0x1801b36c       0xd4 .\libkernel.a(chip_timer.o)
                0x1801b36c                _kernel_target_hrt_initialize
                0x1801b3a0                _kernel_target_hrt_terminate
                0x1801b3c4                _kernel_target_hrt_set_event
                0x1801b410                _kernel_target_hrt_raise_event
                0x1801b424                _kernel_target_hrt_handler
 .text          0x1801b440      0x480 .\libkernel.a(core_kernel_impl.o)
                0x1801b440                _kernel_arm_mmu_initialize
                0x1801b574                _kernel_core_initialize
                0x1801b590                _kernel_core_terminate
                0x1801b594                _kernel_xlog_sys
                0x1801b650                _kernel_xlog_fsr
                0x1801b744                _kernel_default_int_handler
                0x1801b778                _kernel_default_exc_handler
 .text          0x1801b8c0      0x158 .\libkernel.a(arm.o)
                0x1801b8c0                arm_enable_icache
                0x1801b8e0                arm_disable_icache
                0x1801b8f8                armv7_invalidate_dcache
                0x1801b964                arm_enable_dcache
                0x1801b984                armv7_clean_and_invalidate_dcache
                0x1801b9f0                arm_disable_dcache
 .text          0x1801ba18      0x120 .\libkernel.a(startup.o)
                0x1801ba18                ext_ker
                0x1801ba38                _kernel_exit_kernel
                0x1801ba44                _kernel_initialize_kmm
                0x1801ba70                sta_ker
                0x1801bafc                _kernel_kernel_malloc
                0x1801bb34                _kernel_kernel_free
 .text          0x1801bb38      0x83c .\libkernel.a(task.o)
                0x1801bb38                _kernel_search_schedtsk
                0x1801bb5c                _kernel_make_runnable
                0x1801bbe0                _kernel_make_non_runnable
                0x1801bd9c                _kernel_make_dormant
                0x1801bdcc                _kernel_make_active
                0x1801be00                _kernel_initialize_task
                0x1801bf64                _kernel_change_priority
                0x1801c1a0                _kernel_rotate_ready_queue
                0x1801c2d0                _kernel_task_terminate
 .text          0x1801c374        0x0 .\libkernel.a(taskhook.o)
 .text          0x1801c374      0x6c0 .\libkernel.a(time_event.o)
                0x1801c374                _kernel_initialize_tmevt
                0x1801c3d4                _kernel_tmevt_up
                0x1801c43c                _kernel_tmevt_down
                0x1801c4d0                _kernel_update_current_evttim
                0x1801c5c0                _kernel_set_hrt_event
                0x1801c648                _kernel_tmevtb_register
                0x1801c678                _kernel_tmevtb_enqueue
                0x1801c6f0                _kernel_tmevtb_dequeue
                0x1801c7c4                _kernel_check_adjtim
                0x1801c874                _kernel_tmevt_lefttim
                0x1801c8b8                _kernel_signal_time
 .text          0x1801ca34      0x8a0 .\libkernel.a(task_manage.o)
                0x1801ca34                acre_tsk
                0x1801cc84                del_tsk
                0x1801cd78                act_tsk
                0x1801ce90                can_act
                0x1801cf3c                get_tst
                0x1801d038                chg_pri
                0x1801d1c0                get_pri
                0x1801d27c                get_inf
 .text          0x1801d2d4      0x838 .\libkernel.a(task_sync.o)
                0x1801d2d4                slp_tsk
                0x1801d3a4                tslp_tsk
                0x1801d494                wup_tsk
                0x1801d5b0                can_wup
                0x1801d66c                rel_wai
                0x1801d7ec                sus_tsk
                0x1801d934                rsm_tsk
                0x1801da24                dly_tsk
 .text          0x1801db0c      0x44c .\libkernel.a(task_term.o)
                0x1801db0c                ext_tsk
                0x1801dbc8                ras_ter
                0x1801dd68                dis_ter
                0x1801ddc0                ena_ter
                0x1801de44                sns_ter
                0x1801de68                ter_tsk
 .text          0x1801df58      0xa28 .\libkernel.a(semaphore.o)
                0x1801df58                _kernel_initialize_semaphore
                0x1801e02c                acre_sem
                0x1801e1e8                del_sem
                0x1801e2f0                sig_sem
                0x1801e498                wai_sem
                0x1801e59c                pol_sem
                0x1801e640                twai_sem
                0x1801e77c                ini_sem
                0x1801e850                ref_sem
 .text          0x1801e980      0xce8 .\libkernel.a(eventflag.o)
                0x1801e980                _kernel_initialize_eventflag
                0x1801ea4c                _kernel_check_flg_cond
                0x1801eabc                acre_flg
                0x1801ec54                del_flg
                0x1801ed5c                set_flg
                0x1801ee8c                clr_flg
                0x1801ef24                wai_flg
                0x1801f0f4                pol_flg
                0x1801f254                twai_flg
                0x1801f464                ini_flg
                0x1801f538                ref_flg
 .text          0x1801f668     0x13a4 .\libkernel.a(dataqueue.o)
                0x1801f668                _kernel_initialize_dataqueue
                0x1801f750                _kernel_enqueue_data
                0x1801f790                _kernel_force_enqueue_data
                0x1801f7e0                _kernel_dequeue_data
                0x1801f824                _kernel_send_data
                0x1801f940                _kernel_force_send_data
                0x1801fa38                _kernel_receive_data
                0x1801fc20                acre_dtq
                0x1801fe10                del_dtq
                0x1801ff34                snd_dtq
                0x18020078                psnd_dtq
                0x18020144                tsnd_dtq
                0x180202c4                fsnd_dtq
                0x1802038c                rcv_dtq
                0x18020500                prcv_dtq
                0x180205d0                trcv_dtq
                0x18020774                ini_dtq
                0x18020854                ref_dtq
 .text          0x18020a0c      0xc74 .\libkernel.a(mempfix.o)
                0x18020a0c                _kernel_initialize_mempfix
                0x18020af8                _kernel_get_mpf_block
                0x18020b50                acre_mpf
                0x18020de0                del_mpf
                0x18020f18                get_mpf
                0x1802102c                pget_mpf
                0x180210dc                tget_mpf
                0x1802122c                rel_mpf
                0x18021460                ini_mpf
                0x18021548                ref_mpf
 .text          0x18021680      0x718 .\libkernel.a(time_manage.o)
                0x18021680                set_tim
                0x180216f0                get_tim
                0x18021760                adj_tim
                0x18021844                fch_hrt
                0x180218b0                _kernel_check_nfyinfo
                0x18021c10                _kernel_notify_handler
 .text          0x18021d98      0x770 .\libkernel.a(cyclic.o)
                0x18021d98                _kernel_call_cyclic
                0x18021de0                _kernel_initialize_cyclic
                0x18021ef8                acre_cyc
                0x180221a8                del_cyc
                0x180222a8                sta_cyc
                0x18022378                stp_cyc
                0x18022438                ref_cyc
 .text          0x18022508      0x6ac .\libkernel.a(alarm.o)
                0x18022508                _kernel_call_alarm
                0x1802253c                _kernel_initialize_alarm
                0x18022634                acre_alm
                0x18022874                del_alm
                0x18022974                sta_alm
                0x18022a40                stp_alm
                0x18022ae4                ref_alm
 .text          0x18022bb4      0x44c .\libkernel.a(sys_manage.o)
                0x18022bb4                rot_rdq
                0x18022c6c                get_tid
                0x18022cbc                get_lod
                0x18022d5c                get_nth
                0x18022e1c                loc_cpu
                0x18022e34                unl_cpu
                0x18022e4c                dis_dsp
                0x18022ea8                ena_dsp
                0x18022f64                sns_ctx
                0x18022f7c                sns_loc
                0x18022f88                sns_dsp
                0x18022fa0                sns_dpn
                0x18022fe8                sns_ker
 .text          0x18023000      0x798 .\libkernel.a(interrupt.o)
                0x18023000                _kernel_initialize_isr
                0x18023154                _kernel_call_isr
                0x180231a0                acre_isr
                0x1802346c                del_isr
                0x18023560                dis_int
                0x180235d8                ena_int
                0x18023650                chg_ipm
                0x18023740                get_ipm
 .text          0x18023798       0x94 .\libkernel.a(exception.o)
                0x18023798                xsns_dpn
 .text          0x1802382c       0x8c .\libkernel.a(gic_support.o)
                0x1802382c                _kernel_irc_begin_int
                0x18023864                _kernel_irc_end_int
                0x18023874                _kernel_irc_get_intpri
                0x18023888                _kernel_irc_begin_exc
                0x18023898                _kernel_irc_end_exc
 .text          0x180238b8      0x558 .\libkernel.a(wait.o)
                0x180238b8                _kernel_wait_tmout
                0x18023970                _kernel_make_wait_tmout
                0x18023a28                _kernel_wait_complete
                0x18023ac8                _kernel_wait_tmout_ok
                0x18023b5c                _kernel_wobj_make_wait
                0x18023c0c                _kernel_wobj_make_wait_tmout
                0x18023cb4                _kernel_init_wait_queue
 .text          0x18023e10       0x20 c:/program files (x86)/kpit/gnuarm-nonev16.01-eabi/arm-none-eabi/arm-none-eabi/bin/../lib/gcc/arm-none-eabi/5.2-GNUARM-NONE_v16.01/../../../../arm-none-eabi/lib/armv7-ar/thumb/fpu\libc.a(lib_a-exit.o)
                0x18023e10                exit
 .text          0x18023e30        0x0 c:/program files (x86)/kpit/gnuarm-nonev16.01-eabi/arm-none-eabi/arm-none-eabi/bin/../lib/gcc/arm-none-eabi/5.2-GNUARM-NONE_v16.01/../../../../arm-none-eabi/lib/armv7-ar/thumb/fpu\libc.a(lib_a-impure.o)
 .text          0x18023e30       0x10 c:/program files (x86)/kpit/gnuarm-nonev16.01-eabi/arm-none-eabi/arm-none-eabi/bin/../lib/gcc/arm-none-eabi/5.2-GNUARM-NONE_v16.01/../../../../arm-none-eabi/lib/armv7-ar/thumb/fpu\libc.a(lib_a-lcltime.o)
                0x18023e30                localtime
 .text          0x18023e40      0x1d4 c:/program files (x86)/kpit/gnuarm-nonev16.01-eabi/arm-none-eabi/arm-none-eabi/bin/../lib/gcc/arm-none-eabi/5.2-GNUARM-NONE_v16.01/../../../../arm-none-eabi/lib/armv7-ar/thumb/fpu\libc.a(lib_a-lcltime_r.o)
                0x18023e40                localtime_r
 .text          0x18024014       0x1e c:/program files (x86)/kpit/gnuarm-nonev16.01-eabi/arm-none-eabi/arm-none-eabi/bin/../lib/gcc/arm-none-eabi/5.2-GNUARM-NONE_v16.01/../../../../arm-none-eabi/lib/armv7-ar/thumb/fpu\libc.a(lib_a-memcmp.o)
                0x18024014                memcmp
 .text          0x18024032       0x16 c:/program files (x86)/kpit/gnuarm-nonev16.01-eabi/arm-none-eabi/arm-none-eabi/bin/../lib/gcc/arm-none-eabi/5.2-GNUARM-NONE_v16.01/../../../../arm-none-eabi/lib/armv7-ar/thumb/fpu\libc.a(lib_a-memcpy-stub.o)
                0x18024032                memcpy
 .text          0x18024048       0x36 c:/program files (x86)/kpit/gnuarm-nonev16.01-eabi/arm-none-eabi/arm-none-eabi/bin/../lib/gcc/arm-none-eabi/5.2-GNUARM-NONE_v16.01/../../../../arm-none-eabi/lib/armv7-ar/thumb/fpu\libc.a(lib_a-memmove.o)
                0x18024048                memmove
 .text          0x1802407e       0x10 c:/program files (x86)/kpit/gnuarm-nonev16.01-eabi/arm-none-eabi/arm-none-eabi/bin/../lib/gcc/arm-none-eabi/5.2-GNUARM-NONE_v16.01/../../../../arm-none-eabi/lib/armv7-ar/thumb/fpu\libc.a(lib_a-memset.o)
                0x1802407e                memset
 *fill*         0x1802408e        0x2 
 .text          0x18024090      0x45c c:/program files (x86)/kpit/gnuarm-nonev16.01-eabi/arm-none-eabi/arm-none-eabi/bin/../lib/gcc/arm-none-eabi/5.2-GNUARM-NONE_v16.01/../../../../arm-none-eabi/lib/armv7-ar/thumb/fpu\libc.a(lib_a-mktime.o)
                0x18024238                mktime
 .text          0x180244ec        0x0 c:/program files (x86)/kpit/gnuarm-nonev16.01-eabi/arm-none-eabi/arm-none-eabi/bin/../lib/gcc/arm-none-eabi/5.2-GNUARM-NONE_v16.01/../../../../arm-none-eabi/lib/armv7-ar/thumb/fpu\libc.a(lib_a-month_lengths.o)
 .text          0x180244ec      0x528 c:/program files (x86)/kpit/gnuarm-nonev16.01-eabi/arm-none-eabi/arm-none-eabi/bin/../lib/gcc/arm-none-eabi/5.2-GNUARM-NONE_v16.01/../../../../arm-none-eabi/lib/armv7-ar/thumb/fpu\libc.a(lib_a-syscalls.o)
                0x18024580                initialise_monitor_handles
                0x180245f4                _swiread
                0x18024618                _read
                0x1802465c                _swilseek
                0x180246dc                _lseek
                0x180246ee                _swiwrite
                0x18024712                _write
                0x1802475c                _swiopen
                0x180247e0                _open
                0x180247fa                _swiclose
                0x1802482c                _close
                0x1802483e                _kill
                0x18024860                _exit
                0x18024868                _getpid
                0x1802486c                _sbrk
                0x180248a8                _fstat
                0x180248c6                _stat
                0x180248fa                _link
                0x18024900                _unlink
                0x1802492e                _raise
                0x18024930                _gettimeofday
                0x18024954                _times
                0x18024972                _isatty
                0x18024998                _system
                0x180249d8                _rename
 .text          0x18024a14      0x154 c:/program files (x86)/kpit/gnuarm-nonev16.01-eabi/arm-none-eabi/arm-none-eabi/bin/../lib/gcc/arm-none-eabi/5.2-GNUARM-NONE_v16.01/../../../../arm-none-eabi/lib/armv7-ar/thumb/fpu\libc.a(lib_a-tzcalc_limits.o)
                0x18024a14                __tzcalc_limits
 .text          0x18024b68        0x4 c:/program files (x86)/kpit/gnuarm-nonev16.01-eabi/arm-none-eabi/arm-none-eabi/bin/../lib/gcc/arm-none-eabi/5.2-GNUARM-NONE_v16.01/../../../../arm-none-eabi/lib/armv7-ar/thumb/fpu\libc.a(lib_a-tzlock.o)
                0x18024b68                __tz_lock
                0x18024b6a                __tz_unlock
 .text          0x18024b6c       0x28 c:/program files (x86)/kpit/gnuarm-nonev16.01-eabi/arm-none-eabi/arm-none-eabi/bin/../lib/gcc/arm-none-eabi/5.2-GNUARM-NONE_v16.01/../../../../arm-none-eabi/lib/armv7-ar/thumb/fpu\libc.a(lib_a-tzset.o)
                0x18024b6c                _tzset_unlocked
                0x18024b78                tzset
 .text          0x18024b94      0x320 c:/program files (x86)/kpit/gnuarm-nonev16.01-eabi/arm-none-eabi/arm-none-eabi/bin/../lib/gcc/arm-none-eabi/5.2-GNUARM-NONE_v16.01/../../../../arm-none-eabi/lib/armv7-ar/thumb/fpu\libc.a(lib_a-tzset_r.o)
                0x18024b94                _tzset_unlocked_r
                0x18024e9c                _tzset_r
 .text          0x18024eb4        0x0 c:/program files (x86)/kpit/gnuarm-nonev16.01-eabi/arm-none-eabi/arm-none-eabi/bin/../lib/gcc/arm-none-eabi/5.2-GNUARM-NONE_v16.01/../../../../arm-none-eabi/lib/armv7-ar/thumb/fpu\libc.a(lib_a-tzvars.o)
 *fill*         0x18024eb4        0x4 
 .text          0x18024eb8      0xf14 c:/program files (x86)/kpit/gnuarm-nonev16.01-eabi/arm-none-eabi/arm-none-eabi/bin/../lib/gcc/arm-none-eabi/5.2-GNUARM-NONE_v16.01/../../../../arm-none-eabi/lib/armv7-ar/thumb/fpu\libc.a(lib_a-vfprintf.o)
                0x18024eb8                _vfprintf_r
                0x18025d4c                vfprintf
 .text          0x18025dcc       0xac c:/program files (x86)/kpit/gnuarm-nonev16.01-eabi/arm-none-eabi/arm-none-eabi/bin/../lib/gcc/arm-none-eabi/5.2-GNUARM-NONE_v16.01/../../../../arm-none-eabi/lib/armv7-ar/thumb/fpu\libc.a(lib_a-wsetup.o)
                0x18025dcc                __swsetup_r
 .text          0x18025e78       0xc0 c:/program files (x86)/kpit/gnuarm-nonev16.01-eabi/arm-none-eabi/arm-none-eabi/bin/../lib/gcc/arm-none-eabi/5.2-GNUARM-NONE_v16.01/../../../../arm-none-eabi/lib/armv7-ar/thumb/fpu\libc.a(lib_a-__call_atexit.o)
                0x18025e78                __call_exitprocs
 .text          0x18025f38       0x3a c:/program files (x86)/kpit/gnuarm-nonev16.01-eabi/arm-none-eabi/arm-none-eabi/bin/../lib/gcc/arm-none-eabi/5.2-GNUARM-NONE_v16.01/../../../../arm-none-eabi/lib/armv7-ar/thumb/fpu\libc.a(lib_a-div.o)
                0x18025f38                div
 *fill*         0x18025f72        0x6 
 .text          0x18025f78      0xb74 c:/program files (x86)/kpit/gnuarm-nonev16.01-eabi/arm-none-eabi/arm-none-eabi/bin/../lib/gcc/arm-none-eabi/5.2-GNUARM-NONE_v16.01/../../../../arm-none-eabi/lib/armv7-ar/thumb/fpu\libc.a(lib_a-dtoa.o)
                0x18026098                _dtoa_r
 .text          0x18026aec        0xc c:/program files (x86)/kpit/gnuarm-nonev16.01-eabi/arm-none-eabi/arm-none-eabi/bin/../lib/gcc/arm-none-eabi/5.2-GNUARM-NONE_v16.01/../../../../arm-none-eabi/lib/armv7-ar/thumb/fpu\libc.a(lib_a-errno.o)
                0x18026aec                __errno
 .text          0x18026af8      0x164 c:/program files (x86)/kpit/gnuarm-nonev16.01-eabi/arm-none-eabi/arm-none-eabi/bin/../lib/gcc/arm-none-eabi/5.2-GNUARM-NONE_v16.01/../../../../arm-none-eabi/lib/armv7-ar/thumb/fpu\libc.a(lib_a-fflush.o)
                0x18026af8                __sflush_r
                0x18026c14                _fflush_r
                0x18026c38                fflush
 .text          0x18026c5c      0x18c c:/program files (x86)/kpit/gnuarm-nonev16.01-eabi/arm-none-eabi/arm-none-eabi/bin/../lib/gcc/arm-none-eabi/5.2-GNUARM-NONE_v16.01/../../../../arm-none-eabi/lib/armv7-ar/thumb/fpu\libc.a(lib_a-findfp.o)
                0x18026c60                _cleanup_r
                0x18026cc4                __sfmoreglue
                0x18026cf0                _cleanup
                0x18026cfc                __sinit
                0x18026d40                __sfp
                0x18026db8                __sfp_lock_acquire
                0x18026dba                __sfp_lock_release
                0x18026dbc                __sinit_lock_acquire
                0x18026dbe                __sinit_lock_release
                0x18026dc0                __fp_lock_all
                0x18026dd4                __fp_unlock_all
 .text          0x18026de8      0x218 c:/program files (x86)/kpit/gnuarm-nonev16.01-eabi/arm-none-eabi/arm-none-eabi/bin/../lib/gcc/arm-none-eabi/5.2-GNUARM-NONE_v16.01/../../../../arm-none-eabi/lib/armv7-ar/thumb/fpu\libc.a(lib_a-freer.o)
                0x18026de8                _malloc_trim_r
                0x18026e84                _free_r
 .text          0x18027000       0x74 c:/program files (x86)/kpit/gnuarm-nonev16.01-eabi/arm-none-eabi/arm-none-eabi/bin/../lib/gcc/arm-none-eabi/5.2-GNUARM-NONE_v16.01/../../../../arm-none-eabi/lib/armv7-ar/thumb/fpu\libc.a(lib_a-fwalk.o)
                0x18027000                _fwalk
                0x18027038                _fwalk_reent
 .text          0x18027074       0x88 c:/program files (x86)/kpit/gnuarm-nonev16.01-eabi/arm-none-eabi/arm-none-eabi/bin/../lib/gcc/arm-none-eabi/5.2-GNUARM-NONE_v16.01/../../../../arm-none-eabi/lib/armv7-ar/thumb/fpu\libc.a(lib_a-getenv_r.o)
                0x18027074                _findenv_r
                0x180270ec                _getenv_r
 .text          0x180270fc        0x8 c:/program files (x86)/kpit/gnuarm-nonev16.01-eabi/arm-none-eabi/arm-none-eabi/bin/../lib/gcc/arm-none-eabi/5.2-GNUARM-NONE_v16.01/../../../../arm-none-eabi/lib/armv7-ar/thumb/fpu\libc.a(lib_a-gettzinfo.o)
                0x180270fc                __gettzinfo
 .text          0x18027104      0x170 c:/program files (x86)/kpit/gnuarm-nonev16.01-eabi/arm-none-eabi/arm-none-eabi/bin/../lib/gcc/arm-none-eabi/5.2-GNUARM-NONE_v16.01/../../../../arm-none-eabi/lib/armv7-ar/thumb/fpu\libc.a(lib_a-gmtime_r.o)
                0x18027104                gmtime_r
 .text          0x18027274       0x78 c:/program files (x86)/kpit/gnuarm-nonev16.01-eabi/arm-none-eabi/arm-none-eabi/bin/../lib/gcc/arm-none-eabi/5.2-GNUARM-NONE_v16.01/../../../../arm-none-eabi/lib/armv7-ar/thumb/fpu\libc.a(lib_a-locale.o)
                0x18027274                _setlocale_r
                0x180272ac                __locale_charset
                0x180272b4                __locale_mb_cur_max
                0x180272c0                __locale_msgcharset
                0x180272c8                __locale_cjk_lang
                0x180272cc                _localeconv_r
                0x180272d4                setlocale
                0x180272e4                localeconv
 .text          0x180272ec       0xc8 c:/program files (x86)/kpit/gnuarm-nonev16.01-eabi/arm-none-eabi/arm-none-eabi/bin/../lib/gcc/arm-none-eabi/5.2-GNUARM-NONE_v16.01/../../../../arm-none-eabi/lib/armv7-ar/thumb/fpu\libc.a(lib_a-makebuf.o)
                0x180272ec                __smakebuf_r
 .text          0x180273b4       0x20 c:/program files (x86)/kpit/gnuarm-nonev16.01-eabi/arm-none-eabi/arm-none-eabi/bin/../lib/gcc/arm-none-eabi/5.2-GNUARM-NONE_v16.01/../../../../arm-none-eabi/lib/armv7-ar/thumb/fpu\libc.a(lib_a-malloc.o)
                0x180273b4                malloc
                0x180273c4                free
 .text          0x180273d4      0x450 c:/program files (x86)/kpit/gnuarm-nonev16.01-eabi/arm-none-eabi/arm-none-eabi/bin/../lib/gcc/arm-none-eabi/5.2-GNUARM-NONE_v16.01/../../../../arm-none-eabi/lib/armv7-ar/thumb/fpu\libc.a(lib_a-mallocr.o)
                0x180273d4                _malloc_r
 .text          0x18027824       0x1c c:/program files (x86)/kpit/gnuarm-nonev16.01-eabi/arm-none-eabi/arm-none-eabi/bin/../lib/gcc/arm-none-eabi/5.2-GNUARM-NONE_v16.01/../../../../arm-none-eabi/lib/armv7-ar/thumb/fpu\libc.a(lib_a-memchr-stub.o)
                0x18027824                memchr
 .text          0x18027840        0x4 c:/program files (x86)/kpit/gnuarm-nonev16.01-eabi/arm-none-eabi/arm-none-eabi/bin/../lib/gcc/arm-none-eabi/5.2-GNUARM-NONE_v16.01/../../../../arm-none-eabi/lib/armv7-ar/thumb/fpu\libc.a(lib_a-mlock.o)
                0x18027840                __malloc_lock
                0x18027842                __malloc_unlock
 .text          0x18027844      0x7ac c:/program files (x86)/kpit/gnuarm-nonev16.01-eabi/arm-none-eabi/arm-none-eabi/bin/../lib/gcc/arm-none-eabi/5.2-GNUARM-NONE_v16.01/../../../../arm-none-eabi/lib/armv7-ar/thumb/fpu\libc.a(lib_a-mprec.o)
                0x18027844                _Balloc
                0x18027890                _Bfree
                0x180278a2                __multadd
                0x1802791c                __s2b
                0x1802799c                __hi0bits
                0x180279dc                __lo0bits
                0x18027a36                __i2b
                0x18027a48                __multiply
                0x18027b6a                __pow5mult
                0x18027bec                __lshift
                0x18027c8e                __mcmp
                0x18027cc6                __mdiff
                0x18027d86                __ulp
                0x18027dd0                __b2d
                0x18027e6c                __d2b
                0x18027f08                __ratio
                0x18027f52                _mprec_log10
                0x18027f78                __copybits
                0x18027fac                __any_on
 .text          0x18027ff0       0x20 c:/program files (x86)/kpit/gnuarm-nonev16.01-eabi/arm-none-eabi/arm-none-eabi/bin/../lib/gcc/arm-none-eabi/5.2-GNUARM-NONE_v16.01/../../../../arm-none-eabi/lib/armv7-ar/thumb/fpu\libc.a(lib_a-sbrkr.o)
                0x18027ff0                _sbrk_r
 .text          0x18028010       0x50 c:/program files (x86)/kpit/gnuarm-nonev16.01-eabi/arm-none-eabi/arm-none-eabi/bin/../lib/gcc/arm-none-eabi/5.2-GNUARM-NONE_v16.01/../../../../arm-none-eabi/lib/armv7-ar/thumb/fpu\libc.a(lib_a-s_fpclassify.o)
                0x18028010                __fpclassifyd
 .text          0x18028060       0xa8 c:/program files (x86)/kpit/gnuarm-nonev16.01-eabi/arm-none-eabi/arm-none-eabi/bin/../lib/gcc/arm-none-eabi/5.2-GNUARM-NONE_v16.01/../../../../arm-none-eabi/lib/armv7-ar/thumb/fpu\libc.a(lib_a-siscanf.o)
                0x18028060                siscanf
                0x180280b4                _siscanf_r
 .text          0x18028108       0x8a c:/program files (x86)/kpit/gnuarm-nonev16.01-eabi/arm-none-eabi/arm-none-eabi/bin/../lib/gcc/arm-none-eabi/5.2-GNUARM-NONE_v16.01/../../../../arm-none-eabi/lib/armv7-ar/thumb/fpu\libc.a(lib_a-stdio.o)
                0x18028108                __sread
                0x1802812a                __seofread
                0x1802812e                __swrite
                0x18028166                __sseek
                0x1802818a                __sclose
 .text          0x18028192       0x14 c:/program files (x86)/kpit/gnuarm-nonev16.01-eabi/arm-none-eabi/arm-none-eabi/bin/../lib/gcc/arm-none-eabi/5.2-GNUARM-NONE_v16.01/../../../../arm-none-eabi/lib/armv7-ar/thumb/fpu\libc.a(lib_a-strcmp.o)
                0x18028192                strcmp
 .text          0x180281a6       0x10 c:/program files (x86)/kpit/gnuarm-nonev16.01-eabi/arm-none-eabi/arm-none-eabi/bin/../lib/gcc/arm-none-eabi/5.2-GNUARM-NONE_v16.01/../../../../arm-none-eabi/lib/armv7-ar/thumb/fpu\libc.a(lib_a-strcpy.o)
                0x180281a6                strcpy
 .text          0x180281b6       0x10 c:/program files (x86)/kpit/gnuarm-nonev16.01-eabi/arm-none-eabi/arm-none-eabi/bin/../lib/gcc/arm-none-eabi/5.2-GNUARM-NONE_v16.01/../../../../arm-none-eabi/lib/armv7-ar/thumb/fpu\libc.a(lib_a-strlen.o)
                0x180281b6                strlen
 .text          0x180281c6       0x2a c:/program files (x86)/kpit/gnuarm-nonev16.01-eabi/arm-none-eabi/arm-none-eabi/bin/../lib/gcc/arm-none-eabi/5.2-GNUARM-NONE_v16.01/../../../../arm-none-eabi/lib/armv7-ar/thumb/fpu\libc.a(lib_a-strncmp.o)
                0x180281c6                strncmp
 .text          0x180281f0      0x128 c:/program files (x86)/kpit/gnuarm-nonev16.01-eabi/arm-none-eabi/arm-none-eabi/bin/../lib/gcc/arm-none-eabi/5.2-GNUARM-NONE_v16.01/../../../../arm-none-eabi/lib/armv7-ar/thumb/fpu\libc.a(lib_a-strtoul.o)
                0x180281f0                _strtoul_r
                0x18028304                strtoul
 .text          0x18028318      0x840 c:/program files (x86)/kpit/gnuarm-nonev16.01-eabi/arm-none-eabi/arm-none-eabi/bin/../lib/gcc/arm-none-eabi/5.2-GNUARM-NONE_v16.01/../../../../arm-none-eabi/lib/armv7-ar/thumb/fpu\libc.a(lib_a-svfiscanf.o)
                0x18028318                _sungetc_r
                0x18028394                __ssrefill_r
                0x180283ce                _sfread_r
                0x18028440                __ssvfiscanf_r
 .text          0x18028b58      0x150 c:/program files (x86)/kpit/gnuarm-nonev16.01-eabi/arm-none-eabi/arm-none-eabi/bin/../lib/gcc/arm-none-eabi/5.2-GNUARM-NONE_v16.01/../../../../arm-none-eabi/lib/armv7-ar/thumb/fpu\libc.a(lib_a-ungetc.o)
                0x18028b58                __submore
                0x18028bc8                _ungetc_r
                0x18028c96                ungetc
 .text          0x18028ca8      0x838 c:/program files (x86)/kpit/gnuarm-nonev16.01-eabi/arm-none-eabi/arm-none-eabi/bin/../lib/gcc/arm-none-eabi/5.2-GNUARM-NONE_v16.01/../../../../arm-none-eabi/lib/armv7-ar/thumb/fpu\libc.a(lib_a-vfiprintf.o)
                0x18028ca8                __sprint_r
                0x18028d0c                _vfiprintf_r
                0x18029462                vfiprintf
 .text          0x180294e0       0x24 c:/program files (x86)/kpit/gnuarm-nonev16.01-eabi/arm-none-eabi/arm-none-eabi/bin/../lib/gcc/arm-none-eabi/5.2-GNUARM-NONE_v16.01/../../../../arm-none-eabi/lib/armv7-ar/thumb/fpu\libc.a(lib_a-writer.o)
                0x180294e0                _write_r
 .text          0x18029504       0x5c c:/program files (x86)/kpit/gnuarm-nonev16.01-eabi/arm-none-eabi/arm-none-eabi/bin/../lib/gcc/arm-none-eabi/5.2-GNUARM-NONE_v16.01/../../../../arm-none-eabi/lib/armv7-ar/thumb/fpu\libc.a(lib_a-callocr.o)
                0x18029504                _calloc_r
 .text          0x18029560       0x20 c:/program files (x86)/kpit/gnuarm-nonev16.01-eabi/arm-none-eabi/arm-none-eabi/bin/../lib/gcc/arm-none-eabi/5.2-GNUARM-NONE_v16.01/../../../../arm-none-eabi/lib/armv7-ar/thumb/fpu\libc.a(lib_a-closer.o)
                0x18029560                _close_r
 .text          0x18029580        0x0 c:/program files (x86)/kpit/gnuarm-nonev16.01-eabi/arm-none-eabi/arm-none-eabi/bin/../lib/gcc/arm-none-eabi/5.2-GNUARM-NONE_v16.01/../../../../arm-none-eabi/lib/armv7-ar/thumb/fpu\libc.a(lib_a-ctype_.o)
 .text          0x18029580        0x0 c:/program files (x86)/kpit/gnuarm-nonev16.01-eabi/arm-none-eabi/arm-none-eabi/bin/../lib/gcc/arm-none-eabi/5.2-GNUARM-NONE_v16.01/../../../../arm-none-eabi/lib/armv7-ar/thumb/fpu\libc.a(lib_a-environ.o)
 .text          0x18029580        0x4 c:/program files (x86)/kpit/gnuarm-nonev16.01-eabi/arm-none-eabi/arm-none-eabi/bin/../lib/gcc/arm-none-eabi/5.2-GNUARM-NONE_v16.01/../../../../arm-none-eabi/lib/armv7-ar/thumb/fpu\libc.a(lib_a-envlock.o)
                0x18029580                __env_lock
                0x18029582                __env_unlock
 .text          0x18029584       0x8c c:/program files (x86)/kpit/gnuarm-nonev16.01-eabi/arm-none-eabi/arm-none-eabi/bin/../lib/gcc/arm-none-eabi/5.2-GNUARM-NONE_v16.01/../../../../arm-none-eabi/lib/armv7-ar/thumb/fpu\libc.a(lib_a-fclose.o)
                0x18029584                _fclose_r
                0x18029600                fclose
 .text          0x18029610       0xe4 c:/program files (x86)/kpit/gnuarm-nonev16.01-eabi/arm-none-eabi/arm-none-eabi/bin/../lib/gcc/arm-none-eabi/5.2-GNUARM-NONE_v16.01/../../../../arm-none-eabi/lib/armv7-ar/thumb/fpu\libc.a(lib_a-fputwc.o)
                0x18029610                __fputwc
                0x180296ac                _fputwc_r
                0x180296ca                fputwc
 .text          0x180296f4       0x24 c:/program files (x86)/kpit/gnuarm-nonev16.01-eabi/arm-none-eabi/arm-none-eabi/bin/../lib/gcc/arm-none-eabi/5.2-GNUARM-NONE_v16.01/../../../../arm-none-eabi/lib/armv7-ar/thumb/fpu\libc.a(lib_a-fstatr.o)
                0x180296f4                _fstat_r
 .text          0x18029718      0x298 c:/program files (x86)/kpit/gnuarm-nonev16.01-eabi/arm-none-eabi/arm-none-eabi/bin/../lib/gcc/arm-none-eabi/5.2-GNUARM-NONE_v16.01/../../../../arm-none-eabi/lib/armv7-ar/thumb/fpu\libc.a(lib_a-fvwrite.o)
                0x18029718                __sfvwrite_r
 .text          0x180299b0       0x20 c:/program files (x86)/kpit/gnuarm-nonev16.01-eabi/arm-none-eabi/arm-none-eabi/bin/../lib/gcc/arm-none-eabi/5.2-GNUARM-NONE_v16.01/../../../../arm-none-eabi/lib/armv7-ar/thumb/fpu\libc.a(lib_a-isattyr.o)
                0x180299b0                _isatty_r
 .text          0x180299d0       0x1c c:/program files (x86)/kpit/gnuarm-nonev16.01-eabi/arm-none-eabi/arm-none-eabi/bin/../lib/gcc/arm-none-eabi/5.2-GNUARM-NONE_v16.01/../../../../arm-none-eabi/lib/armv7-ar/thumb/fpu\libc.a(lib_a-iswspace.o)
                0x180299d0                iswspace
 .text          0x180299ec       0x24 c:/program files (x86)/kpit/gnuarm-nonev16.01-eabi/arm-none-eabi/arm-none-eabi/bin/../lib/gcc/arm-none-eabi/5.2-GNUARM-NONE_v16.01/../../../../arm-none-eabi/lib/armv7-ar/thumb/fpu\libc.a(lib_a-lseekr.o)
                0x180299ec                _lseek_r
 .text          0x18029a10       0x6c c:/program files (x86)/kpit/gnuarm-nonev16.01-eabi/arm-none-eabi/arm-none-eabi/bin/../lib/gcc/arm-none-eabi/5.2-GNUARM-NONE_v16.01/../../../../arm-none-eabi/lib/armv7-ar/thumb/fpu\libc.a(lib_a-mbrtowc.o)
                0x18029a10                _mbrtowc_r
                0x18029a60                mbrtowc
 .text          0x18029a7c       0x54 c:/program files (x86)/kpit/gnuarm-nonev16.01-eabi/arm-none-eabi/arm-none-eabi/bin/../lib/gcc/arm-none-eabi/5.2-GNUARM-NONE_v16.01/../../../../arm-none-eabi/lib/armv7-ar/thumb/fpu\libc.a(lib_a-mbtowc_r.o)
                0x18029a7c                __ascii_mbtowc
                0x18029aa0                _mbtowc_r
 .text          0x18029ad0       0x24 c:/program files (x86)/kpit/gnuarm-nonev16.01-eabi/arm-none-eabi/arm-none-eabi/bin/../lib/gcc/arm-none-eabi/5.2-GNUARM-NONE_v16.01/../../../../arm-none-eabi/lib/armv7-ar/thumb/fpu\libc.a(lib_a-readr.o)
                0x18029ad0                _read_r
 .text          0x18029af4      0x35c c:/program files (x86)/kpit/gnuarm-nonev16.01-eabi/arm-none-eabi/arm-none-eabi/bin/../lib/gcc/arm-none-eabi/5.2-GNUARM-NONE_v16.01/../../../../arm-none-eabi/lib/armv7-ar/thumb/fpu\libc.a(lib_a-reallocr.o)
                0x18029af4                _realloc_r
 .text          0x18029e50       0xa0 c:/program files (x86)/kpit/gnuarm-nonev16.01-eabi/arm-none-eabi/arm-none-eabi/bin/../lib/gcc/arm-none-eabi/5.2-GNUARM-NONE_v16.01/../../../../arm-none-eabi/lib/armv7-ar/thumb/fpu\libc.a(lib_a-reent.o)
                0x18029e50                cleanup_glue
                0x18029e6a                _reclaim_reent
 .text          0x18029ef0       0x60 c:/program files (x86)/kpit/gnuarm-nonev16.01-eabi/arm-none-eabi/arm-none-eabi/bin/../lib/gcc/arm-none-eabi/5.2-GNUARM-NONE_v16.01/../../../../arm-none-eabi/lib/armv7-ar/thumb/fpu\libc.a(lib_a-sccl.o)
                0x18029ef0                __sccl
 .text          0x18029f50      0x144 c:/program files (x86)/kpit/gnuarm-nonev16.01-eabi/arm-none-eabi/arm-none-eabi/bin/../lib/gcc/arm-none-eabi/5.2-GNUARM-NONE_v16.01/../../../../arm-none-eabi/lib/armv7-ar/thumb/fpu\libc.a(lib_a-strtol.o)
                0x18029f50                _strtol_r
                0x1802a080                strtol
 .text          0x1802a094       0xa4 c:/program files (x86)/kpit/gnuarm-nonev16.01-eabi/arm-none-eabi/arm-none-eabi/bin/../lib/gcc/arm-none-eabi/5.2-GNUARM-NONE_v16.01/../../../../arm-none-eabi/lib/armv7-ar/thumb/fpu\libc.a(lib_a-wbuf.o)
                0x1802a094                __swbuf_r
                0x1802a126                __swbuf
 .text          0x1802a138       0x5c c:/program files (x86)/kpit/gnuarm-nonev16.01-eabi/arm-none-eabi/arm-none-eabi/bin/../lib/gcc/arm-none-eabi/5.2-GNUARM-NONE_v16.01/../../../../arm-none-eabi/lib/armv7-ar/thumb/fpu\libc.a(lib_a-wcrtomb.o)
                0x1802a138                _wcrtomb_r
                0x1802a180                wcrtomb
 .text          0x1802a194       0x48 c:/program files (x86)/kpit/gnuarm-nonev16.01-eabi/arm-none-eabi/arm-none-eabi/bin/../lib/gcc/arm-none-eabi/5.2-GNUARM-NONE_v16.01/../../../../arm-none-eabi/lib/armv7-ar/thumb/fpu\libc.a(lib_a-wctomb_r.o)
                0x1802a194                __ascii_wctomb
                0x1802a1ae                _wctomb_r
 *fill*         0x1802a1dc        0x4 
 .text          0x1802a1e0      0x278 c:/program files (x86)/kpit/gnuarm-nonev16.01-eabi/arm-none-eabi/arm-none-eabi/bin/../lib/gcc/arm-none-eabi/5.2-GNUARM-NONE_v16.01/armv7-ar/thumb/fpu\libgcc.a(_udivsi3.o)
                0x1802a1e0                __aeabi_uidiv
                0x1802a1e0                __udivsi3
                0x1802a43c                __aeabi_uidivmod
 .text          0x1802a458      0x2b0 c:/program files (x86)/kpit/gnuarm-nonev16.01-eabi/arm-none-eabi/arm-none-eabi/bin/../lib/gcc/arm-none-eabi/5.2-GNUARM-NONE_v16.01/armv7-ar/thumb/fpu\libgcc.a(_divsi3.o)
                0x1802a458                __divsi3
                0x1802a458                __aeabi_idiv
                0x1802a6ec                __aeabi_idivmod
 .text          0x1802a708        0x4 c:/program files (x86)/kpit/gnuarm-nonev16.01-eabi/arm-none-eabi/arm-none-eabi/bin/../lib/gcc/arm-none-eabi/5.2-GNUARM-NONE_v16.01/armv7-ar/thumb/fpu\libgcc.a(_dvmd_tls.o)
                0x1802a708                __aeabi_idiv0
                0x1802a708                __aeabi_ldiv0
 .text          0x1802a70c       0x30 c:/program files (x86)/kpit/gnuarm-nonev16.01-eabi/arm-none-eabi/arm-none-eabi/bin/../lib/gcc/arm-none-eabi/5.2-GNUARM-NONE_v16.01/armv7-ar/thumb/fpu\libgcc.a(_aeabi_uldivmod.o)
                0x1802a70c                __aeabi_uldivmod
 .text          0x1802a73c      0x114 c:/program files (x86)/kpit/gnuarm-nonev16.01-eabi/arm-none-eabi/arm-none-eabi/bin/../lib/gcc/arm-none-eabi/5.2-GNUARM-NONE_v16.01/armv7-ar/thumb/fpu\libgcc.a(_udivmoddi4.o)
                0x1802a73c                __udivmoddi4
 *(.init)
 *(.fini)
 *crtbegin.o(.ctors)
 *crtbegin?.o(.ctors)
 *(EXCLUDE_FILE(*crtend.o *crtend?.o) .ctors)
 *(SORT(.ctors.*))
 *(.ctors)
 *crtbegin.o(.dtors)
 *crtbegin?.o(.dtors)
 *(EXCLUDE_FILE(*crtend.o *crtend?.o) .dtors)
 *(SORT(.dtors.*))
 *(.dtors)
                0x1802a850                Image$$RO_DATA$$Base = .
 *(.rodata*)
 .rodata        0x1802a850       0x28 sample1n.o
 .rodata.str1.4
                0x1802a878       0x28 sample1n.o
 .rodata        0x1802a8a0        0xc sample1.o
 .rodata.str1.4
                0x1802a8ac      0x7de sample1.o
                                0x838 (size before relaxing)
 *fill*         0x1802b08a        0x2 
 .rodata        0x1802b08c       0x34 log_output.o
 .rodata.str1.4
                0x1802b0c0       0x36 log_output.o
                                 0x38 (size before relaxing)
 *fill*         0x1802b0f6        0x2 
 .rodata.str1.4
                0x1802b0f8       0x2d t_perror.o
                                 0x30 (size before relaxing)
 *fill*         0x1802b125        0x3 
 .rodata.str1.4
                0x1802b128       0xda strerror.o
                                 0xdc (size before relaxing)
 *fill*         0x1802b202        0x2 
 .rodata        0x1802b204        0x4 tTask_tecsgen.o
                0x1802b204                tTask_INIB_tab
 .rodata        0x1802b208        0x8 tSemaphore_tecsgen.o
                0x1802b208                tSemaphore_INIB_tab
 .rodata        0x1802b210        0x8 tInterruptRequest_tecsgen.o
                0x1802b210                tInterruptRequest_INIB_tab
 .rodata        0x1802b218       0x10 tISR_tecsgen.o
                0x1802b218                tISR_INIB_tab
 .rodata        0x1802b228       0x30 tSerialPortMain_tecsgen.o
                0x1802b228                tSerialPortMain_INIB_tab
                0x1802b238                SerialPort1_SerialPortMain_eSerialPort_des
                0x1802b240                tSerialPortMain_eSerialPort_MT_
 .rodata        0x1802b258        0xc tSerialAdapter_tecsgen.o
                0x1802b258                tSerialAdapter_SINGLE_CELL_INIB
                0x1802b260                SerialAdapter_cSerialPort
 .rodata        0x1802b264       0x10 tSysLog_tecsgen.o
                0x1802b264                tSysLog_SINGLE_CELL_INIB
 .rodata        0x1802b274        0x8 tLogTaskMain_tecsgen.o
                0x1802b274                tLogTaskMain_SINGLE_CELL_INIB
 .rodata        0x1802b27c        0x8 tBannerMain_tecsgen.o
                0x1802b27c                tBannerMain_SINGLE_CELL_INIB
 .rodata.str1.4
                0x1802b284        0x9 tBannerMain_tecsgen.o
                                 0x10 (size before relaxing)
 *fill*         0x1802b28d        0x3 
 .rodata        0x1802b290       0x20 tSCIF_tecsgen.o
                0x1802b290                tSCIF_INIB_tab
                0x1802b298                SIOPortTarget1_SCIF_eiTxISR_des
                0x1802b2a0                SIOPortTarget1_SCIF_eiRxISR_des
                0x1802b2a8                tSCIF_eiTxISR_MT_
                0x1802b2ac                tSCIF_eiRxISR_MT_
 .rodata.str1.4
                0x1802b2b0       0x39 tLogTaskMain.o
                                 0x3c (size before relaxing)
 *fill*         0x1802b2e9        0x3 
 .rodata        0x1802b2ec      0x15c tBannerMain.o
 .rodata.str1.4
                0x1802b448       0x2b tSCIF.o
                                 0x2c (size before relaxing)
 *fill*         0x1802b473        0x1 
 .rodata.str1.4
                0x1802b474       0x31 assert.o
                                 0x34 (size before relaxing)
 *fill*         0x1802b4a5        0x3 
 .rodata.str1.4
                0x1802b4a8       0x66 pinmap_common.o
                                 0x68 (size before relaxing)
 *fill*         0x1802b50e        0x2 
 .rodata        0x1802b510       0x1c us_ticker_api.o
 .rodata        0x1802b52c        0x8 gic.o
                0x1802b52c                GICInterface_BASE
                0x1802b530                GICDistributor_BASE
 .rodata        0x1802b534       0x8c analogin_api.o
 .rodata.str1.4
                0x1802b5c0       0x58 analogin_api.o
 .rodata        0x1802b618      0x434 can_api.o
 .rodata.str1.4
                0x1802ba4c       0x4f can_api.o
                                 0x50 (size before relaxing)
 *fill*         0x1802ba9b        0x1 
 .rodata        0x1802ba9c      0x2e4 gpio_irq_api.o
 .rodata        0x1802bd80       0x60 i2c_api.o
 .rodata.str1.4
                0x1802bde0       0x4f i2c_api.o
                                 0x50 (size before relaxing)
 *fill*         0x1802be2f        0x1 
 .rodata        0x1802be30      0x420 pinmap.o
 .rodata        0x1802c250      0x358 pwmout_api.o
 .rodata.str1.4
                0x1802c5a8       0x52 pwmout_api.o
                                 0x54 (size before relaxing)
 *fill*         0x1802c5fa        0x2 
 .rodata        0x1802c5fc      0x2a0 serial_api.o
 .rodata.str1.4
                0x1802c89c      0x120 serial_api.o
 .rodata        0x1802c9bc      0x104 spi_api.o
 .rodata.str1.4
                0x1802cac0       0xb7 spi_api.o
                                 0xb8 (size before relaxing)
 *fill*         0x1802cb77        0x1 
 .rodata.str1.4
                0x1802cb78       0xe7 net_buf.o
                                 0xe8 (size before relaxing)
 *fill*         0x1802cc5f        0x1 
 .rodata        0x1802cc60       0x14 net_subr.o
 .rodata        0x1802cc74       0xb4 net_timer.o
 .rodata.str1.4
                0x1802cd28       0x38 net_timer.o
 .rodata.str1.4
                0x1802cd60      0x1b0 in_subr.o
 .rodata        0x1802cf10        0x8 tinet_cfg.o
                0x1802cf10                _tinet_tmax_tcp_cepid
                0x1802cf14                _tinet_tmax_tcp_repid
 .rodata.str1.4
                0x1802cf18       0x1e ip_input.o
                                 0x20 (size before relaxing)
 *fill*         0x1802cf36        0x2 
 .rodata        0x1802cf38       0x10 ip_icmp.o
 .rodata.str1.4
                0x1802cf48       0x4d ip_icmp.o
                                 0x50 (size before relaxing)
 *fill*         0x1802cf95        0x3 
 .rodata        0x1802cf98        0x8 ethernet.o
                0x1802cf98                _tinet_ether_broad_cast_addr
 .rodata.str1.4
                0x1802cfa0       0x47 ethernet.o
                                 0x48 (size before relaxing)
 *fill*         0x1802cfe7        0x1 
 .rodata.str1.4
                0x1802cfe8       0x3c if_ether.o
 .rodata.str1.4
                0x1802d024       0x66 tcp_input.o
                                 0x68 (size before relaxing)
 *fill*         0x1802d08a        0x2 
 .rodata        0x1802d08c        0xc tcp_output.o
 .rodata.str1.4
                0x1802d098       0x19 tcp_output.o
                                 0x3c (size before relaxing)
 *fill*         0x1802d0b1        0x3 
 .rodata        0x1802d0b4       0x10 tcp_timer.o
 .rodata.str1.4
                0x1802d0c4       0x3f tcp_subr.o
                                 0x60 (size before relaxing)
 *fill*         0x1802d103        0x1 
 .rodata.str1.4
                0x1802d104       0x1f tcp_subr_ncs.o
                                 0x40 (size before relaxing)
 *fill*         0x1802d123        0x1 
 .rodata        0x1802d124      0x628 kernel_cfg.o
                0x1802d124                _kernel_exc_table
                0x1802d13c                _kernel_intcfg_table
                0x1802d388                _kernel_kmm
                0x1802d38c                _kernel_kmmsz
                0x1802d390                _kernel_istkpt
                0x1802d394                _kernel_istk
                0x1802d398                _kernel_istksz
                0x1802d39c                _kernel_intinib_table
                0x1802d3d8                _kernel_tnum_cfg_intno
                0x1802d3dc                _kernel_isrorder_table
                0x1802d3e8                _kernel_isrinib_table
                0x1802d424                _kernel_tmax_sisrid
                0x1802d428                _kernel_tmax_isrid
                0x1802d42c                _kernel_isr_queue_list
                0x1802d444                _kernel_tnum_isr_queue
                0x1802d448                _kernel_tmax_salmid
                0x1802d44c                _kernel_tmax_almid
                0x1802d450                _kernel_cycinib_table
                0x1802d478                _kernel_tmax_scycid
                0x1802d47c                _kernel_tmax_cycid
                0x1802d480                _kernel_mpfinib_table
                0x1802d50c                _kernel_tmax_smpfid
                0x1802d510                _kernel_tmax_mpfid
                0x1802d514                _kernel_tmax_smtxid
                0x1802d518                _kernel_tmax_mtxid
                0x1802d51c                _kernel_tmax_spdqid
                0x1802d520                _kernel_tmax_pdqid
                0x1802d524                _kernel_dtqinib_table
                0x1802d530                _kernel_tmax_sdtqid
                0x1802d534                _kernel_tmax_dtqid
                0x1802d538                _kernel_flginib_table
                0x1802d550                _kernel_tmax_sflgid
                0x1802d554                _kernel_tmax_flgid
                0x1802d558                _kernel_seminib_table
                0x1802d624                _kernel_tmax_ssemid
                0x1802d628                _kernel_tmax_semid
                0x1802d62c                _kernel_torder_table
                0x1802d654                _kernel_tinib_table
                0x1802d744                _kernel_tmax_stskid
                0x1802d748                _kernel_tmax_tskid
 .rodata        0x1802d74c        0x4 .\libkernel.a(target_kernel_impl.o)
                0x1802d74c                _kernel_arm_tnum_memory_area
 .rodata.str1.4
                0x1802d750       0x6b .\libkernel.a(chip_kernel_impl.o)
                                 0x6c (size before relaxing)
 *fill*         0x1802d7bb        0x1 
 .rodata.str1.4
                0x1802d7bc      0x22a .\libkernel.a(core_kernel_impl.o)
                                0x22c (size before relaxing)
 *fill*         0x1802d9e6        0x2 
 .rodata.str1.4
                0x1802d9e8       0x67 .\libkernel.a(task.o)
                                 0x68 (size before relaxing)
 *fill*         0x1802da4f        0x1 
 .rodata.str1.4
                0x1802da50       0x36 .\libkernel.a(time_event.o)
                                 0x38 (size before relaxing)
 .rodata.str1.4
                0x1802da86       0x4c .\libkernel.a(task_manage.o)
 *fill*         0x1802da86        0x2 
 .rodata.str1.4
                0x1802da88       0x30 .\libkernel.a(task_sync.o)
 .rodata.str1.4
                0x1802dab8       0x4c .\libkernel.a(semaphore.o)
 .rodata.str1.4
                0x1802dab8       0x4c .\libkernel.a(eventflag.o)
 .rodata.str1.4
                0x1802dab8       0x4c .\libkernel.a(dataqueue.o)
 .rodata.str1.4
                0x1802dab8       0x4c .\libkernel.a(mempfix.o)
 .rodata.str1.4
                0x1802dab8       0x4c .\libkernel.a(cyclic.o)
 .rodata.str1.4
                0x1802dab8       0x4c .\libkernel.a(alarm.o)
 .rodata.str1.4
                0x1802dab8       0x4c .\libkernel.a(interrupt.o)
 .rodata.str1.4
                0x1802dab8       0x2c .\libkernel.a(wait.o)
                                 0xa8 (size before relaxing)
 .rodata        0x1802dae4        0x4 c:/program files (x86)/kpit/gnuarm-nonev16.01-eabi/arm-none-eabi/arm-none-eabi/bin/../lib/gcc/arm-none-eabi/5.2-GNUARM-NONE_v16.01/../../../../arm-none-eabi/lib/armv7-ar/thumb/fpu\libc.a(lib_a-impure.o)
                0x1802dae4                _global_impure_ptr
 .rodata.str1.1
                0x1802dae8        0x2 c:/program files (x86)/kpit/gnuarm-nonev16.01-eabi/arm-none-eabi/arm-none-eabi/bin/../lib/gcc/arm-none-eabi/5.2-GNUARM-NONE_v16.01/../../../../arm-none-eabi/lib/armv7-ar/thumb/fpu\libc.a(lib_a-impure.o)
 *fill*         0x1802daea        0x2 
 .rodata        0x1802daec       0x60 c:/program files (x86)/kpit/gnuarm-nonev16.01-eabi/arm-none-eabi/arm-none-eabi/bin/../lib/gcc/arm-none-eabi/5.2-GNUARM-NONE_v16.01/../../../../arm-none-eabi/lib/armv7-ar/thumb/fpu\libc.a(lib_a-mktime.o)
 .rodata        0x1802db4c       0x60 c:/program files (x86)/kpit/gnuarm-nonev16.01-eabi/arm-none-eabi/arm-none-eabi/bin/../lib/gcc/arm-none-eabi/5.2-GNUARM-NONE_v16.01/../../../../arm-none-eabi/lib/armv7-ar/thumb/fpu\libc.a(lib_a-month_lengths.o)
                0x1802db4c                __month_lengths
 .rodata.str1.1
                0x1802dbac        0x4 c:/program files (x86)/kpit/gnuarm-nonev16.01-eabi/arm-none-eabi/arm-none-eabi/bin/../lib/gcc/arm-none-eabi/5.2-GNUARM-NONE_v16.01/../../../../arm-none-eabi/lib/armv7-ar/thumb/fpu\libc.a(lib_a-syscalls.o)
 .rodata.str1.1
                0x1802dbb0       0x3c c:/program files (x86)/kpit/gnuarm-nonev16.01-eabi/arm-none-eabi/arm-none-eabi/bin/../lib/gcc/arm-none-eabi/5.2-GNUARM-NONE_v16.01/../../../../arm-none-eabi/lib/armv7-ar/thumb/fpu\libc.a(lib_a-tzset_r.o)
                                 0x4e (size before relaxing)
 .rodata.str1.1
                0x1802dbec        0x4 c:/program files (x86)/kpit/gnuarm-nonev16.01-eabi/arm-none-eabi/arm-none-eabi/bin/../lib/gcc/arm-none-eabi/5.2-GNUARM-NONE_v16.01/../../../../arm-none-eabi/lib/armv7-ar/thumb/fpu\libc.a(lib_a-tzvars.o)
 .rodata        0x1802dbec       0x20 c:/program files (x86)/kpit/gnuarm-nonev16.01-eabi/arm-none-eabi/arm-none-eabi/bin/../lib/gcc/arm-none-eabi/5.2-GNUARM-NONE_v16.01/../../../../arm-none-eabi/lib/armv7-ar/thumb/fpu\libc.a(lib_a-vfprintf.o)
 .rodata.str1.1
                0x1802dc0c       0x34 c:/program files (x86)/kpit/gnuarm-nonev16.01-eabi/arm-none-eabi/arm-none-eabi/bin/../lib/gcc/arm-none-eabi/5.2-GNUARM-NONE_v16.01/../../../../arm-none-eabi/lib/armv7-ar/thumb/fpu\libc.a(lib_a-vfprintf.o)
 .rodata.str1.1
                0x1802dc40        0xd c:/program files (x86)/kpit/gnuarm-nonev16.01-eabi/arm-none-eabi/arm-none-eabi/bin/../lib/gcc/arm-none-eabi/5.2-GNUARM-NONE_v16.01/../../../../arm-none-eabi/lib/armv7-ar/thumb/fpu\libc.a(lib_a-dtoa.o)
                                  0xf (size before relaxing)
 .rodata.str1.1
                0x1802dc4d        0x8 c:/program files (x86)/kpit/gnuarm-nonev16.01-eabi/arm-none-eabi/arm-none-eabi/bin/../lib/gcc/arm-none-eabi/5.2-GNUARM-NONE_v16.01/../../../../arm-none-eabi/lib/armv7-ar/thumb/fpu\libc.a(lib_a-locale.o)
                                  0xb (size before relaxing)
 *fill*         0x1802dc55        0x3 
 .rodata        0x1802dc58      0x128 c:/program files (x86)/kpit/gnuarm-nonev16.01-eabi/arm-none-eabi/arm-none-eabi/bin/../lib/gcc/arm-none-eabi/5.2-GNUARM-NONE_v16.01/../../../../arm-none-eabi/lib/armv7-ar/thumb/fpu\libc.a(lib_a-mprec.o)
                0x1802dc68                __mprec_tens
                0x1802dd30                __mprec_tinytens
                0x1802dd58                __mprec_bigtens
 .rodata        0x1802dd80       0x22 c:/program files (x86)/kpit/gnuarm-nonev16.01-eabi/arm-none-eabi/arm-none-eabi/bin/../lib/gcc/arm-none-eabi/5.2-GNUARM-NONE_v16.01/../../../../arm-none-eabi/lib/armv7-ar/thumb/fpu\libc.a(lib_a-svfiscanf.o)
 .rodata        0x1802dda2       0x20 c:/program files (x86)/kpit/gnuarm-nonev16.01-eabi/arm-none-eabi/arm-none-eabi/bin/../lib/gcc/arm-none-eabi/5.2-GNUARM-NONE_v16.01/../../../../arm-none-eabi/lib/armv7-ar/thumb/fpu\libc.a(lib_a-vfiprintf.o)
 .rodata.str1.1
                0x1802ddc2       0x22 c:/program files (x86)/kpit/gnuarm-nonev16.01-eabi/arm-none-eabi/arm-none-eabi/bin/../lib/gcc/arm-none-eabi/5.2-GNUARM-NONE_v16.01/../../../../arm-none-eabi/lib/armv7-ar/thumb/fpu\libc.a(lib_a-vfiprintf.o)
 .rodata        0x1802ddc2      0x101 c:/program files (x86)/kpit/gnuarm-nonev16.01-eabi/arm-none-eabi/arm-none-eabi/bin/../lib/gcc/arm-none-eabi/5.2-GNUARM-NONE_v16.01/../../../../arm-none-eabi/lib/armv7-ar/thumb/fpu\libc.a(lib_a-ctype_.o)
                0x1802ddc2                _ctype_
 .rodata.str1.1
                0x1802dec3        0x1 c:/program files (x86)/kpit/gnuarm-nonev16.01-eabi/arm-none-eabi/arm-none-eabi/bin/../lib/gcc/arm-none-eabi/5.2-GNUARM-NONE_v16.01/../../../../arm-none-eabi/lib/armv7-ar/thumb/fpu\libc.a(lib_a-mbrtowc.o)
                0x1802dec4                Image$$RO_DATA$$Limit = .
 *(.eh_frame*)

.glue_7         0x1802dec4        0x0
 .glue_7        0x1802dec4        0x0 linker stubs

.glue_7t        0x1802dec4        0x0
 .glue_7t       0x1802dec4        0x0 linker stubs

.vfp11_veneer   0x1802dec4        0x0
 .vfp11_veneer  0x1802dec4        0x0 linker stubs

.v4_bx          0x1802dec4        0x0
 .v4_bx         0x1802dec4        0x0 linker stubs

.iplt           0x1802dec4        0x0
 .iplt          0x1802dec4        0x0 startup_RZ1AH.o

.ARM.extab      0x1802dec3        0x0
 *(.ARM.extab* .gnu.linkonce.armextab.*)
 .ARM.extab     0x1802dec3        0x0 c:/program files (x86)/kpit/gnuarm-nonev16.01-eabi/arm-none-eabi/arm-none-eabi/bin/../lib/gcc/arm-none-eabi/5.2-GNUARM-NONE_v16.01/armv7-ar/thumb/fpu\libgcc.a(_udivmoddi4.o)
                0x1802dec3                __exidx_start = .

.vector         0x1802dee0       0x40
 .vector        0x1802dee0       0x40 .\libkernel.a(core_support.o)
                0x1802dee0                vector_table
                0x1802df00                vector_ref_table

.ARM.exidx      0x1802df20        0x8
 *(.ARM.exidx* .gnu.linkonce.armexidx.*)
 .ARM.exidx     0x1802df20        0x8 c:/program files (x86)/kpit/gnuarm-nonev16.01-eabi/arm-none-eabi/arm-none-eabi/bin/../lib/gcc/arm-none-eabi/5.2-GNUARM-NONE_v16.01/armv7-ar/thumb/fpu\libgcc.a(_udivmoddi4.o)
                0x1802df28                __exidx_end = .

.rel.dyn        0x1802df28        0x0
 .rel.iplt      0x1802df28        0x0 startup_RZ1AH.o

.copy.table     0x1802df28       0x18
                0x1802df28                . = ALIGN (0x4)
                0x1802df28                __copy_table_start__ = .
                0x1802df28        0x4 LONG 0x1802df50 __etext
                0x1802df2c        0x4 LONG 0x20020000 __data_start__
                0x1802df30        0x4 LONG 0x14fc (__data_end__ - __data_start__)
                0x1802df34        0x4 LONG 0x1802f44c __etext2
                0x1802df38        0x4 LONG 0x20900000 __nc_data_start
                0x1802df3c        0x4 LONG 0x0 (__nc_data_end - __nc_data_start)
                0x1802df40                __copy_table_end__ = .

.zero.table     0x1802df40       0x10
                0x1802df40                . = ALIGN (0x4)
                0x1802df40                __zero_table_start__ = .
                0x1802df40        0x4 LONG 0x20021800 __bss_start__
                0x1802df44        0x4 LONG 0x23cac (__bss_end__ - __bss_start__)
                0x1802df48        0x4 LONG 0x20900000 __nc_bss_start
                0x1802df4c        0x4 LONG 0xca00 (__nc_bss_end - __nc_bss_start)
                0x1802df50                __zero_table_end__ = .
                0x1802df50                __etext = .

.ttb            0x20000000     0x4000
                0x20000000                Image$$TTB$$ZI$$Base = .
                0x20004000                . = (. + 0x4000)
 *fill*         0x20000000     0x4000 
                0x20004000                Image$$TTB$$ZI$$Limit = .

.data           0x20020000     0x14fc load address 0x1802df50
                0x20020000                Image$$RW_DATA$$Base = .
                0x20020000                __data_start__ = .
 *(vtable)
 *(.data*)
 .data          0x20020000        0x0 startup_RZ1AH.o